Component: ARM Compiler 5.06 update 3 (build 300) Tool: armlink [4d35c9]

==============================================================================

Section Cross References

    startup_stm32f429xx.o(STACK) refers (Special) to heapauxi.o(.text) for __use_two_region_memory
    startup_stm32f429xx.o(HEAP) refers (Special) to heapauxi.o(.text) for __use_two_region_memory
    startup_stm32f429xx.o(RESET) refers (Special) to heapauxi.o(.text) for __use_two_region_memory
    startup_stm32f429xx.o(RESET) refers to startup_stm32f429xx.o(STACK) for __initial_sp
    startup_stm32f429xx.o(RESET) refers to startup_stm32f429xx.o(.text) for Reset_Handler
    startup_stm32f429xx.o(RESET) refers to usart.o(i.USART1_IRQHandler) for USART1_IRQHandler
    startup_stm32f429xx.o(RESET) refers to lan8720.o(i.ETH_IRQHandler) for ETH_IRQHandler
    startup_stm32f429xx.o(.text) refers (Special) to heapauxi.o(.text) for __use_two_region_memory
    startup_stm32f429xx.o(.text) refers to __main.o(!!!main) for __main
    startup_stm32f429xx.o(.text) refers to startup_stm32f429xx.o(HEAP) for Heap_Mem
    startup_stm32f429xx.o(.text) refers to startup_stm32f429xx.o(STACK) for Stack_Mem
    test.o(i.main) refers to _printf_percent.o(.ARM.Collect$$_printf_percent$$00000000) for _printf_percent
    test.o(i.main) refers to _printf_d.o(.ARM.Collect$$_printf_percent$$00000009) for _printf_d
    test.o(i.main) refers to _printf_dec.o(.text) for _printf_int_dec
    test.o(i.main) refers to _printf_pad.o(.text) for _printf_pre_padding
    test.o(i.main) refers to _printf_x.o(.ARM.Collect$$_printf_percent$$0000000C) for _printf_x
    test.o(i.main) refers to _printf_hex_int.o(.text) for _printf_longlong_hex
    test.o(i.main) refers to sys.o(i.Stm32_Clock_Init) for Stm32_Clock_Init
    test.o(i.main) refers to delay.o(i.delay_init) for delay_init
    test.o(i.main) refers to usart.o(i.uart_init) for uart_init
    test.o(i.main) refers to pcf8574.o(i.PCF8574_Init) for PCF8574_Init
    test.o(i.main) refers to lan8720.o(i.LAN8720_Init) for LAN8720_Init
    test.o(i.main) refers to lan8720.o(i.ETH_Mem_Malloc) for ETH_Mem_Malloc
    test.o(i.main) refers to lan8720.o(i.mac_init) for mac_init
    test.o(i.main) refers to noretval__2printf.o(.text) for __2printf
    test.o(i.main) refers to delay.o(i.delay_ms) for delay_ms
    test.o(i.main) refers to lan8720.o(i.ETH_GetCurrentTxBuffer) for ETH_GetCurrentTxBuffer
    test.o(i.main) refers to lan8720.o(i.ETH_Tx_Packet) for ETH_Tx_Packet
    test.o(i.main) refers to lan8720.o(.data) for eth_interrupt_flag
    test.o(i.main) refers to test.o(.data) for tcp_buf
    delay.o(i.delay_init) refers to delay.o(.data) for fac_us
    delay.o(i.delay_ms) refers to delay.o(i.delay_xms) for delay_xms
    delay.o(i.delay_us) refers to delay.o(.data) for fac_us
    delay.o(i.delay_xms) refers to delay.o(.data) for fac_ms
    sys.o(i.MY_NVIC_Init) refers to sys.o(i.MY_NVIC_PriorityGroupConfig) for MY_NVIC_PriorityGroupConfig
    sys.o(i.Stm32_Clock_Init) refers to sys.o(i.Sys_Clock_Set) for Sys_Clock_Set
    sys.o(i.Stm32_Clock_Init) refers to sys.o(i.MY_NVIC_SetVectorTable) for MY_NVIC_SetVectorTable
    sys.o(i.Sys_Standby) refers to sys.o(i.WFI_SET) for WFI_SET
    usart.o(.rev16_text) refers (Special) to use_no_semi_2.o(.text) for __use_no_semihosting
    usart.o(.revsh_text) refers (Special) to use_no_semi_2.o(.text) for __use_no_semihosting
    usart.o(.rrx_text) refers (Special) to use_no_semi_2.o(.text) for __use_no_semihosting
    usart.o(i.USART1_IRQHandler) refers (Special) to use_no_semi_2.o(.text) for __use_no_semihosting
    usart.o(i.USART1_IRQHandler) refers to usart.o(.data) for USART_RX_STA
    usart.o(i.USART1_IRQHandler) refers to usart.o(.bss) for USART_RX_BUF
    usart.o(i._sys_exit) refers (Special) to use_no_semi_2.o(.text) for __use_no_semihosting
    usart.o(i._ttywrch) refers (Special) to use_no_semi_2.o(.text) for __use_no_semihosting
    usart.o(i.fputc) refers (Special) to use_no_semi_2.o(.text) for __use_no_semihosting
    usart.o(i.uart_init) refers (Special) to use_no_semi_2.o(.text) for __use_no_semihosting
    usart.o(i.uart_init) refers to sys.o(i.GPIO_Set) for GPIO_Set
    usart.o(i.uart_init) refers to sys.o(i.GPIO_AF_Set) for GPIO_AF_Set
    usart.o(i.uart_init) refers to sys.o(i.MY_NVIC_Init) for MY_NVIC_Init
    usart.o(.bss) refers (Special) to use_no_semi_2.o(.text) for __use_no_semihosting
    usart.o(.data) refers (Special) to use_no_semi_2.o(.text) for __use_no_semihosting
    lan8720.o(i.ETH_GetCurrentTxBuffer) refers to stm32f4x7_eth.o(.data) for DMATxDescToSet
    lan8720.o(i.ETH_IRQHandler) refers to stm32f4x7_eth.o(i.ETH_Get_Received_Frame) for ETH_Get_Received_Frame
    lan8720.o(i.ETH_IRQHandler) refers to lan8720.o(i.anal_buff) for anal_buff
    lan8720.o(i.ETH_IRQHandler) refers to stm32f4x7_eth.o(i.ETH_CheckFrameReceived) for ETH_CheckFrameReceived
[...]
    __rtentry2.o(.ARM.Collect$$rtentry$$0000000B) refers to boardinit3.o(.text) for _platform_post_lib_init
    __rtentry2.o(.ARM.Collect$$rtentry$$0000000D) refers to test.o(i.main) for main
    __rtentry2.o(.ARM.Collect$$rtentry$$0000000D) refers to exit.o(.text) for exit
    __rtentry2.o(.ARM.exidx) refers to __rtentry2.o(.ARM.Collect$$rtentry$$00000001) for .ARM.Collect$$rtentry$$00000001
    __rtentry2.o(.ARM.exidx) refers to __rtentry2.o(.ARM.Collect$$rtentry$$00000008) for .ARM.Collect$$rtentry$$00000008
    __rtentry2.o(.ARM.exidx) refers to __rtentry2.o(.ARM.Collect$$rtentry$$0000000A) for .ARM.Collect$$rtentry$$0000000A
    __rtentry2.o(.ARM.exidx) refers to __rtentry2.o(.ARM.Collect$$rtentry$$0000000B) for .ARM.Collect$$rtentry$$0000000B
    __rtentry2.o(.ARM.exidx) refers to __rtentry2.o(.ARM.Collect$$rtentry$$0000000D) for .ARM.Collect$$rtentry$$0000000D
    __rtentry4.o(.ARM.Collect$$rtentry$$00000004) refers to sys_stackheap_outer.o(.text) for __user_setup_stackheap
    __rtentry4.o(.ARM.exidx) refers to __rtentry4.o(.ARM.Collect$$rtentry$$00000004) for .ARM.Collect$$rtentry$$00000004
    _printf_char_common.o(.text) refers to __printf_flags_wp.o(.text) for __printf
    sys_stackheap_outer.o(.text) refers to libspace.o(.text) for __user_perproc_libspace
    sys_stackheap_outer.o(.text) refers to startup_stm32f429xx.o(.text) for __user_initial_stackheap
    exit.o(.text) refers to rtexit.o(.ARM.Collect$$rtexit$$00000000) for __rt_exit
    libinit.o(.ARM.Collect$$libinit$$00000000) refers (Special) to libinit2.o(.ARM.Collect$$libinit$$0000002E) for __rt_lib_init_alloca_1
    libinit.o(.ARM.Collect$$libinit$$00000000) refers (Special) to libinit2.o(.ARM.Collect$$libinit$$0000002C) for __rt_lib_init_argv_1
    libinit.o(.ARM.Collect$$libinit$$00000000) refers (Special) to libinit2.o(.ARM.Collect$$libinit$$0000001B) for __rt_lib_init_atexit_1
    libinit.o(.ARM.Collect$$libinit$$00000000) refers (Special) to libinit2.o(.ARM.Collect$$libinit$$00000021) for __rt_lib_init_clock_1
    libinit.o(.ARM.Collect$$libinit$$00000000) refers (Special) to libinit2.o(.ARM.Collect$$libinit$$00000032) for __rt_lib_init_cpp_1
    libinit.o(.ARM.Collect$$libinit$$00000000) refers (Special) to libinit2.o(.ARM.Collect$$libinit$$00000030) for __rt_lib_init_exceptions_1
    libinit.o(.ARM.Collect$$libinit$$00000000) refers (Special) to libinit2.o(.ARM.Collect$$libinit$$00000001) for __rt_lib_init_fp_1
    libinit.o(.ARM.Collect$$libinit$$00000000) refers (Special) to libinit2.o(.ARM.Collect$$libinit$$0000001F) for __rt_lib_init_fp_trap_1
    libinit.o(.ARM.Collect$$libinit$$00000000) refers (Special) to libinit2.o(.ARM.Collect$$libinit$$00000023) for __rt_lib_init_getenv_1
    libinit.o(.ARM.Collect$$libinit$$00000000) refers (Special) to libinit2.o(.ARM.Collect$$libinit$$0000000A) for __rt_lib_init_heap_1
    libinit.o(.ARM.Collect$$libinit$$00000000) refers (Special) to libinit2.o(.ARM.Collect$$libinit$$00000011) for __rt_lib_init_lc_collate_1
    libinit.o(.ARM.Collect$$libinit$$00000000) refers (Special) to libinit2.o(.ARM.Collect$$libinit$$00000013) for __rt_lib_init_lc_ctype_1
    libinit.o(.ARM.Collect$$libinit$$00000000) refers (Special) to libinit2.o(.ARM.Collect$$libinit$$00000015) for __rt_lib_init_lc_monetary_1
    libinit.o(.ARM.Collect$$libinit$$00000000) refers (Special) to libinit2.o(.ARM.Collect$$libinit$$00000017) for __rt_lib_init_lc_numeric_1
    libinit.o(.ARM.Collect$$libinit$$00000000) refers (Special) to libinit2.o(.ARM.Collect$$libinit$$00000019) for __rt_lib_init_lc_time_1
    libinit.o(.ARM.Collect$$libinit$$00000000) refers (Special) to libinit2.o(.ARM.Collect$$libinit$$00000004) for __rt_lib_init_preinit_1
    libinit.o(.ARM.Collect$$libinit$$00000000) refers (Special) to libinit2.o(.ARM.Collect$$libinit$$0000000E) for __rt_lib_init_rand_1
    libinit.o(.ARM.Collect$$libinit$$00000000) refers (Special) to libinit2.o(.ARM.Collect$$libinit$$00000033) for __rt_lib_init_return
    libinit.o(.ARM.Collect$$libinit$$00000000) refers (Special) to libinit2.o(.ARM.Collect$$libinit$$0000001D) for __rt_lib_init_signal_1
    libinit.o(.ARM.Collect$$libinit$$00000000) refers (Special) to libinit2.o(.ARM.Collect$$libinit$$00000025) for __rt_lib_init_stdio_1
    libinit.o(.ARM.Collect$$libinit$$00000000) refers (Special) to libinit2.o(.ARM.Collect$$libinit$$0000000C) for __rt_lib_init_user_alloc_1
    libspace.o(.text) refers to libspace.o(.bss) for __libspace_start
    rtexit.o(.ARM.Collect$$rtexit$$00000000) refers (Special) to rtexit2.o(.ARM.Collect$$rtexit$$00000004) for __rt_exit_exit
    rtexit.o(.ARM.Collect$$rtexit$$00000000) refers (Special) to rtexit2.o(.ARM.Collect$$rtexit$$00000003) for __rt_exit_ls
    rtexit.o(.ARM.Collect$$rtexit$$00000000) refers (Special) to rtexit2.o(.ARM.Collect$$rtexit$$00000002) for __rt_exit_prels_1
    rtexit.o(.ARM.exidx) refers (Special) to rtexit2.o(.ARM.Collect$$rtexit$$00000004) for __rt_exit_exit
    rtexit.o(.ARM.exidx) refers (Special) to rtexit2.o(.ARM.Collect$$rtexit$$00000003) for __rt_exit_ls
    rtexit.o(.ARM.exidx) refers (Special) to rtexit2.o(.ARM.Collect$$rtexit$$00000002) for __rt_exit_prels_1
    rtexit.o(.ARM.exidx) refers to rtexit.o(.ARM.Collect$$rtexit$$00000000) for .ARM.Collect$$rtexit$$00000000
    libinit2.o(.ARM.Collect$$libinit$$00000001) refers to fpinit.o(x$fpl$fpinit) for _fp_init
    libinit2.o(.ARM.Collect$$libinit$$00000010) refers to libinit2.o(.ARM.Collect$$libinit$$0000000F) for .ARM.Collect$$libinit$$0000000F
    libinit2.o(.ARM.Collect$$libinit$$00000012) refers to libinit2.o(.ARM.Collect$$libinit$$0000000F) for .ARM.Collect$$libinit$$0000000F
    libinit2.o(.ARM.Collect$$libinit$$00000014) refers to libinit2.o(.ARM.Collect$$libinit$$0000000F) for .ARM.Collect$$libinit$$0000000F
    libinit2.o(.ARM.Collect$$libinit$$00000016) refers to libinit2.o(.ARM.Collect$$libinit$$0000000F) for .ARM.Collect$$libinit$$0000000F
    libinit2.o(.ARM.Collect$$libinit$$00000018) refers to libinit2.o(.ARM.Collect$$libinit$$0000000F) for .ARM.Collect$$libinit$$0000000F
    libinit2.o(.ARM.Collect$$libinit$$00000026) refers to argv_veneer.o(.emb_text) for __ARM_argv_veneer
    libinit2.o(.ARM.Collect$$libinit$$00000027) refers to argv_veneer.o(.emb_text) for __ARM_argv_veneer
    rtexit2.o(.ARM.Collect$$rtexit$$00000003) refers to libshutdown.o(.ARM.Collect$$libshutdown$$00000000) for __rt_lib_shutdown
    rtexit2.o(.ARM.Collect$$rtexit$$00000004) refers to usart.o(i._sys_exit) for _sys_exit
    rtexit2.o(.ARM.exidx) refers to rtexit2.o(.ARM.Collect$$rtexit$$00000001) for .ARM.Collect$$rtexit$$00000001
    rtexit2.o(.ARM.exidx) refers to rtexit2.o(.ARM.Collect$$rtexit$$00000003) for .ARM.Collect$$rtexit$$00000003
    rtexit2.o(.ARM.exidx) refers to rtexit2.o(.ARM.Collect$$rtexit$$00000004) for .ARM.Collect$$rtexit$$00000004
    argv_veneer.o(.emb_text) refers to no_argv.o(.text) for __ARM_get_argv
    _get_argv_nomalloc.o(.text) refers (Special) to hrguard.o(.text) for __heap_region$guard
    _get_argv_nomalloc.o(.text) refers to defsig_rtmem_outer.o(.text) for __rt_SIGRTMEM
    _get_argv_nomalloc.o(.text) refers to sys_command.o(.text) for _sys_command_string
    libshutdown.o(.ARM.Collect$$libshutdown$$00000000) refers (Special) to libshutdown2.o(.ARM.Collect$$libshutdown$$00000002) for __rt_lib_shutdown_cpp_1
    libshutdown.o(.ARM.Collect$$libshutdown$$00000000) refers (Special) to libshutdown2.o(.ARM.Collect$$libshutdown$$00000007) for __rt_lib_shutdown_fp_trap_1
    libshutdown.o(.ARM.Collect$$libshutdown$$00000000) refers (Special) to libshutdown2.o(.ARM.Collect$$libshutdown$$0000000F) for __rt_lib_shutdown_heap_1
    libshutdown.o(.ARM.Collect$$libshutdown$$00000000) refers (Special) to libshutdown2.o(.ARM.Collect$$libshutdown$$00000010) for __rt_lib_shutdown_return
    libshutdown.o(.ARM.Collect$$libshutdown$$00000000) refers (Special) to libshutdown2.o(.ARM.Collect$$libshutdown$$0000000A) for __rt_lib_shutdown_signal_1
    libshutdown.o(.ARM.Collect$$libshutdown$$00000000) refers (Special) to libshutdown2.o(.ARM.Collect$$libshutdown$$00000004) for __rt_lib_shutdown_stdio_1
    libshutdown.o(.ARM.Collect$$libshutdown$$00000000) refers (Special) to libshutdown2.o(.ARM.Collect$$libshutdown$$0000000C) for __rt_lib_shutdown_user_alloc_1
    sys_command.o(.text) refers (Special) to use_no_semi.o(.text) for __I$use$semihosting
    sys_command.o(.text) refers (Special) to indicate_semi.o(.text) for __semihosting_library_function
    defsig_rtmem_outer.o(.text) refers to defsig_rtmem_inner.o(.text) for __rt_SIGRTMEM_inner
    defsig_rtmem_outer.o(.text) refers to defsig_exit.o(.text) for __sig_exit
    defsig_rtmem_formal.o(.text) refers to rt_raise.o(.text) for __rt_raise
    rt_raise.o(.text) refers to __raise.o(.text) for __raise
    rt_raise.o(.text) refers to usart.o(i._sys_exit) for _sys_exit
    defsig_exit.o(.text) refers to usart.o(i._sys_exit) for _sys_exit
    defsig_rtmem_inner.o(.text) refers to defsig_general.o(.text) for __default_signal_display
    __raise.o(.text) refers to defsig.o(CL$$defsig) for __default_signal_handler
    defsig_general.o(.text) refers to usart.o(i._ttywrch) for _ttywrch
    defsig.o(CL$$defsig) refers to defsig_rtmem_inner.o(.text) for __rt_SIGRTMEM_inner
    defsig_abrt_inner.o(.text) refers to defsig_general.o(.text) for __default_signal_display
    defsig_fpe_inner.o(.text) refers to defsig_general.o(.text) for __default_signal_display
    defsig_rtred_inner.o(.text) refers to defsig_general.o(.text) for __default_signal_display
    defsig_stak_inner.o(.text) refers to defsig_general.o(.text) for __default_signal_display
    defsig_pvfn_inner.o(.text) refers to defsig_general.o(.text) for __default_signal_display
    defsig_cppl_inner.o(.text) refers to defsig_general.o(.text) for __default_signal_display
    defsig_segv_inner.o(.text) refers to defsig_general.o(.text) for __default_signal_display
    defsig_other.o(.text) refers to defsig_general.o(.text) for __default_signal_display


==============================================================================

Removing Unused input sections from the image.

    Removing test.o(.rev16_text), (4 bytes).
    Removing test.o(.revsh_text), (4 bytes).
    Removing test.o(.rrx_text), (6 bytes).
    Removing delay.o(.rev16_text), (4 bytes).
    Removing delay.o(.revsh_text), (4 bytes).
    Removing delay.o(.rrx_text), (6 bytes).
    Removing sys.o(.rev16_text), (4 bytes).
    Removing sys.o(.revsh_text), (4 bytes).
    Removing sys.o(.rrx_text), (6 bytes).
    Removing sys.o(.emb_text), (6 bytes).
    Removing sys.o(i.Ex_NVIC_Config), (180 bytes).
    Removing sys.o(i.INTX_DISABLE), (4 bytes).
    Removing sys.o(i.INTX_ENABLE), (4 bytes).
    Removing sys.o(i.Sys_Soft_Reset), (16 bytes).
    Removing sys.o(i.Sys_Standby), (76 bytes).
    Removing sys.o(i.WFI_SET), (4 bytes).
    Removing usart.o(.rev16_text), (4 bytes).
    Removing usart.o(.revsh_text), (4 bytes).
    Removing usart.o(.rrx_text), (6 bytes).
    Removing usart.o(i._ttywrch), (4 bytes).
    Removing lan8720.o(.rev16_text), (4 bytes).
    Removing lan8720.o(.revsh_text), (4 bytes).
    Removing lan8720.o(.rrx_text), (6 bytes).
    Removing lan8720.o(i.ETH_Mem_Free), (2 bytes).
    Removing lan8720.o(i.ETH_Rx_Packet), (156 bytes).
    Removing lan8720.o(i.LAN8720_Get_Speed), (18 bytes).
    Removing lan8720.o(i.net_checksum), (72 bytes).
    Removing stm32f4x7_eth.o(.rev16_text), (4 bytes).
    Removing stm32f4x7_eth.o(.revsh_text), (4 bytes).
    Removing stm32f4x7_eth.o(.rrx_text), (6 bytes).
    Removing stm32f4x7_eth.o(i.ETH_BackPressureActivationCmd), (36 bytes).
    Removing stm32f4x7_eth.o(i.ETH_DMAClearFlag), (12 bytes).
    Removing stm32f4x7_eth.o(i.ETH_DMARxDescReceiveITConfig), (22 bytes).
    Removing stm32f4x7_eth.o(i.ETH_DMATxDescBufferSizeConfig), (14 bytes).
    Removing stm32f4x7_eth.o(i.ETH_DMATxDescCRCCmd), (22 bytes).
    Removing stm32f4x7_eth.o(i.ETH_DMATxDescFrameSegmentConfig), (8 bytes).
    Removing stm32f4x7_eth.o(i.ETH_DMATxDescSecondAddressChainedCmd), (22 bytes).
    Removing stm32f4x7_eth.o(i.ETH_DMATxDescShortFramePaddingCmd), (22 bytes).
    Removing stm32f4x7_eth.o(i.ETH_DMATxDescTransmitITConfig), (22 bytes).
    Removing stm32f4x7_eth.o(i.ETH_EnhancedDescriptorCmd), (36 bytes).
    Removing stm32f4x7_eth.o(i.ETH_GetBufferUnavailableMissedFrameCounter), (12 bytes).
    Removing stm32f4x7_eth.o(i.ETH_GetCurrentRxBufferAddress), (12 bytes).
    Removing stm32f4x7_eth.o(i.ETH_GetCurrentRxDescStartAddress), (12 bytes).
    Removing stm32f4x7_eth.o(i.ETH_GetCurrentTxBufferAddress), (12 bytes).
    Removing stm32f4x7_eth.o(i.ETH_GetCurrentTxDescStartAddress), (12 bytes).
    Removing stm32f4x7_eth.o(i.ETH_GetDMAFlagStatus), (24 bytes).
    Removing stm32f4x7_eth.o(i.ETH_GetDMAITStatus), (24 bytes).
    Removing stm32f4x7_eth.o(i.ETH_GetDMAOverflowStatus), (24 bytes).
    Removing stm32f4x7_eth.o(i.ETH_GetDMAPTPRxDescExtendedFlagStatus), (18 bytes).
    Removing stm32f4x7_eth.o(i.ETH_GetDMARxDescBufferSize), (20 bytes).
    Removing stm32f4x7_eth.o(i.ETH_GetDMARxDescFlagStatus), (18 bytes).
    Removing stm32f4x7_eth.o(i.ETH_GetDMARxDescFrameLength), (10 bytes).
    Removing stm32f4x7_eth.o(i.ETH_GetDMATxDescCollisionCount), (10 bytes).
    Removing stm32f4x7_eth.o(i.ETH_GetDMATxDescFlagStatus), (18 bytes).
    Removing stm32f4x7_eth.o(i.ETH_GetFlowControlBusyStatus), (24 bytes).
    Removing stm32f4x7_eth.o(i.ETH_GetFlushTransmitFIFOStatus), (24 bytes).
    Removing stm32f4x7_eth.o(i.ETH_GetMACAddress), (40 bytes).
    Removing stm32f4x7_eth.o(i.ETH_GetMACFlagStatus), (24 bytes).
    Removing stm32f4x7_eth.o(i.ETH_GetMACITStatus), (24 bytes).
    Removing stm32f4x7_eth.o(i.ETH_GetMMCITStatus), (68 bytes).
    Removing stm32f4x7_eth.o(i.ETH_GetMMCRegister), (12 bytes).
    Removing stm32f4x7_eth.o(i.ETH_GetPMTFlagStatus), (24 bytes).
    Removing stm32f4x7_eth.o(i.ETH_GetReceiveProcessState), (16 bytes).
    Removing stm32f4x7_eth.o(i.ETH_GetRxOverflowMissedFrameCounter), (16 bytes).
    Removing stm32f4x7_eth.o(i.ETH_GetRxPktSize), (42 bytes).
    Removing stm32f4x7_eth.o(i.ETH_GetTransmitProcessState), (16 bytes).
    Removing stm32f4x7_eth.o(i.ETH_Get_Received_Frame_interrupt), (276 bytes).
    Removing stm32f4x7_eth.o(i.ETH_GlobalUnicastWakeUpCmd), (36 bytes).
    Removing stm32f4x7_eth.o(i.ETH_InitiatePauseControlFrame), (20 bytes).
    Removing stm32f4x7_eth.o(i.ETH_MACAddressFilterConfig), (44 bytes).
    Removing stm32f4x7_eth.o(i.ETH_MACAddressMaskBytesFilterConfig), (36 bytes).
    Removing stm32f4x7_eth.o(i.ETH_MACAddressPerfectFilterCmd), (44 bytes).
    Removing stm32f4x7_eth.o(i.ETH_MACITConfig), (32 bytes).
    Removing stm32f4x7_eth.o(i.ETH_MMCCounterFreezeCmd), (44 bytes).
    Removing stm32f4x7_eth.o(i.ETH_MMCCounterFullPreset), (24 bytes).
    Removing stm32f4x7_eth.o(i.ETH_MMCCounterHalfPreset), (40 bytes).
    Removing stm32f4x7_eth.o(i.ETH_MMCCounterRolloverCmd), (44 bytes).
    Removing stm32f4x7_eth.o(i.ETH_MMCCountersReset), (24 bytes).
    Removing stm32f4x7_eth.o(i.ETH_MMCITConfig), (84 bytes).
    Removing stm32f4x7_eth.o(i.ETH_MMCResetOnReadCmd), (44 bytes).
    Removing stm32f4x7_eth.o(i.ETH_MagicPacketDetectionCmd), (36 bytes).
    Removing stm32f4x7_eth.o(i.ETH_PHYLoopBackCmd), (52 bytes).
    Removing stm32f4x7_eth.o(i.ETH_PowerDownCmd), (36 bytes).
    Removing stm32f4x7_eth.o(i.ETH_Prepare_Transmit_Descriptors), (232 bytes).
    Removing stm32f4x7_eth.o(i.ETH_ResetWakeUpFrameFilterRegisterPointer), (20 bytes).
    Removing stm32f4x7_eth.o(i.ETH_ResumeDMAReception), (12 bytes).
    Removing stm32f4x7_eth.o(i.ETH_ResumeDMATransmission), (12 bytes).
    Removing stm32f4x7_eth.o(i.ETH_SetDMARxDescOwnBit), (10 bytes).
    Removing stm32f4x7_eth.o(i.ETH_SetDMATxDescOwnBit), (10 bytes).
    Removing stm32f4x7_eth.o(i.ETH_SetReceiveWatchdogTimer), (12 bytes).
    Removing stm32f4x7_eth.o(i.ETH_SetWakeUpFrameFilterRegister), (28 bytes).
    Removing stm32f4x7_eth.o(i.ETH_WakeUpFrameDetectionCmd), (36 bytes).
    Removing myiic.o(.rev16_text), (4 bytes).
    Removing myiic.o(.revsh_text), (4 bytes).
    Removing myiic.o(.rrx_text), (6 bytes).
    Removing pcf8574.o(.rev16_text), (4 bytes).
    Removing pcf8574.o(.revsh_text), (4 bytes).
    Removing pcf8574.o(.rrx_text), (6 bytes).
    Removing pcf8574.o(i.PCF8574_ReadBit), (26 bytes).

99 unused section(s) (total 2740 bytes) removed from the image.

==============================================================================

Image Symbol Table

    Local Symbols

    Symbol Name                              Value     Ov Type        Size  Object(Section)

    ../clib/angel/boardlib.s                 0x00000000   Number         0  boardinit1.o ABSOLUTE
    ../clib/angel/boardlib.s                 0x00000000   Number         0  boardinit2.o ABSOLUTE
    ../clib/angel/boardlib.s                 0x00000000   Number         0  boardinit3.o ABSOLUTE
    ../clib/angel/boardlib.s                 0x00000000   Number         0  boardshut.o ABSOLUTE
    ../clib/angel/dczerorl2.s                0x00000000   Number         0  __dczerorl2.o ABSOLUTE
    ../clib/angel/handlers.s                 0x00000000   Number         0  __scatter_zi.o ABSOLUTE
    ../clib/angel/kernel.s                   0x00000000   Number         0  rtexit2.o ABSOLUTE
    ../clib/angel/kernel.s                   0x00000000   Number         0  __rtentry.o ABSOLUTE
    ../clib/angel/kernel.s                   0x00000000   Number         0  __rtentry2.o ABSOLUTE
    ../clib/angel/kernel.s                   0x00000000   Number         0  __rtentry4.o ABSOLUTE
    ../clib/angel/kernel.s                   0x00000000   Number         0  rtexit.o ABSOLUTE
    ../clib/angel/rt.s                       0x00000000   Number         0  rt_raise.o ABSOLUTE
    ../clib/angel/scatter.s                  0x00000000   Number         0  __scatter.o ABSOLUTE
    ../clib/angel/startup.s                  0x00000000   Number         0  __main.o ABSOLUTE
    ../clib/angel/sys.s                      0x00000000   Number         0  indicate_semi.o ABSOLUTE
    ../clib/angel/sys.s                      0x00000000   Number         0  use_no_semi_2.o ABSOLUTE
    ../clib/angel/sys.s                      0x00000000   Number         0  use_no_semi.o ABSOLUTE
    ../clib/angel/sys.s                      0x00000000   Number         0  sys_stackheap_outer.o ABSOLUTE
    ../clib/angel/sys.s                      0x00000000   Number         0  libspace.o ABSOLUTE
    ../clib/angel/sysapp.c                   0x00000000   Number         0  sys_command.o ABSOLUTE
    ../clib/armsys.c                         0x00000000   Number         0  argv_veneer.o ABSOLUTE
    ../clib/armsys.c                         0x00000000   Number         0  argv_veneer.o ABSOLUTE
    ../clib/armsys.c                         0x00000000   Number         0  _get_argv_nomalloc.o ABSOLUTE
    ../clib/armsys.c                         0x00000000   Number         0  no_argv.o ABSOLUTE
    ../clib/heapalloc.c                      0x00000000   Number         0  hrguard.o ABSOLUTE
    ../clib/heapaux.c                        0x00000000   Number         0  heapauxi.o ABSOLUTE
    ../clib/libinit.s                        0x00000000   Number         0  libinit2.o ABSOLUTE
    ../clib/libinit.s                        0x00000000   Number         0  libinit.o ABSOLUTE
    ../clib/libinit.s                        0x00000000   Number         0  libshutdown.o ABSOLUTE
    ../clib/libinit.s                        0x00000000   Number         0  libshutdown2.o ABSOLUTE
    ../clib/misc.s                           0x00000000   Number         0  printf_stubs.o ABSOLUTE
    ../clib/printf.c                         0x00000000   Number         0  _printf_hex_ll.o ABSOLUTE
    ../clib/printf.c                         0x00000000   Number         0  __2printf.o ABSOLUTE
    ../clib/printf.c                         0x00000000   Number         0  noretval__2printf.o ABSOLUTE
    ../clib/printf.c                         0x00000000   Number         0  __printf.o ABSOLUTE
    ../clib/printf.c                         0x00000000   Number         0  _printf_pad.o ABSOLUTE
    ../clib/printf.c                         0x00000000   Number         0  _printf_dec.o ABSOLUTE
    ../clib/printf.c                         0x00000000   Number         0  _printf_hex_int.o ABSOLUTE
    ../clib/printf.c                         0x00000000   Number         0  __printf_flags_ss_wp.o ABSOLUTE
    ../clib/printf.c                         0x00000000   Number         0  _printf_hex_int_ll.o ABSOLUTE
    ../clib/printf.c                         0x00000000   Number         0  _printf_hex_ptr.o ABSOLUTE
    ../clib/printf.c                         0x00000000   Number         0  _printf_hex_ll_ptr.o ABSOLUTE
    ../clib/printf.c                         0x00000000   Number         0  _printf_hex_int_ll_ptr.o ABSOLUTE
    ../clib/printf.c                         0x00000000   Number         0  __printf_flags.o ABSOLUTE
    ../clib/printf.c                         0x00000000   Number         0  __printf_ss.o ABSOLUTE
    ../clib/printf.c                         0x00000000   Number         0  __printf_flags_ss.o ABSOLUTE
    ../clib/printf.c                         0x00000000   Number         0  __printf_wp.o ABSOLUTE
    ../clib/printf.c                         0x00000000   Number         0  __printf_ss_wp.o ABSOLUTE
    ../clib/printf.c                         0x00000000   Number         0  __printf_flags_wp.o ABSOLUTE
    ../clib/printf.c                         0x00000000   Number         0  _printf_hex_int_ptr.o ABSOLUTE
    ../clib/printf.c                         0x00000000   Number         0  __printf_nopercent.o ABSOLUTE
    ../clib/printf.c                         0x00000000   Number         0  _printf_char_file.o ABSOLUTE
    ../clib/printf.c                         0x00000000   Number         0  _printf_intcommon.o ABSOLUTE
    ../clib/printf.c                         0x00000000   Number         0  _printf_char_common.o ABSOLUTE
    ../clib/printf_percent.s                 0x00000000   Number         0  _printf_x.o ABSOLUTE
    ../clib/printf_percent.s                 0x00000000   Number         0  _printf_percent.o ABSOLUTE
    ../clib/printf_percent.s                 0x00000000   Number         0  _printf_d.o ABSOLUTE
    ../clib/printf_percent.s                 0x00000000   Number         0  _printf_percent_end.o ABSOLUTE
    ../clib/signal.c                         0x00000000   Number         0  defsig_stak_inner.o ABSOLUTE
    ../clib/signal.c                         0x00000000   Number         0  defsig_rtmem_inner.o ABSOLUTE
    ../clib/signal.c                         0x00000000   Number         0  defsig_exit.o ABSOLUTE
    ../clib/signal.c                         0x00000000   Number         0  defsig_fpe_inner.o ABSOLUTE
    ../clib/signal.c                         0x00000000   Number         0  defsig_rtred_inner.o ABSOLUTE
    ../clib/signal.c                         0x00000000   Number         0  defsig_segv_inner.o ABSOLUTE
    ../clib/signal.c                         0x00000000   Number         0  defsig_rtmem_formal.o ABSOLUTE
    ../clib/signal.c                         0x00000000   Number         0  defsig_rtmem_outer.o ABSOLUTE
    ../clib/signal.c                         0x00000000   Number         0  defsig_pvfn_inner.o ABSOLUTE
    ../clib/signal.c                         0x00000000   Number         0  defsig_cppl_inner.o ABSOLUTE
    ../clib/signal.c                         0x00000000   Number         0  defsig_other.o ABSOLUTE
    ../clib/signal.c                         0x00000000   Number         0  defsig_abrt_inner.o ABSOLUTE
    ../clib/signal.c                         0x00000000   Number         0  __raise.o ABSOLUTE
    ../clib/signal.c                         0x00000000   Number         0  defsig_general.o ABSOLUTE
    ../clib/signal.s                         0x00000000   Number         0  defsig.o ABSOLUTE
    ../clib/stdio.c                          0x00000000   Number         0  ferror_locked.o ABSOLUTE
    ../clib/stdio.c                          0x00000000   Number         0  ferror.o ABSOLUTE
    ../clib/stdlib.c                         0x00000000   Number         0  exit.o ABSOLUTE
    ../fplib/fpinit.s                        0x00000000   Number         0  fpinit.o ABSOLUTE
    ..\ETHERNET\lan8720.c                    0x00000000   Number         0  lan8720.o ABSOLUTE
    ..\ETHERNET\stm32f4x7_eth.c              0x00000000   Number         0  stm32f4x7_eth.o ABSOLUTE
    ..\PCF8574\pcf8574.c                     0x00000000   Number         0  pcf8574.o ABSOLUTE
    ..\SYSTEM\delay\delay.c                  0x00000000   Number         0  delay.o ABSOLUTE
    ..\SYSTEM\sys\sys.c                      0x00000000   Number         0  sys.o ABSOLUTE
    ..\SYSTEM\usart\usart.c                  0x00000000   Number         0  usart.o ABSOLUTE
    ..\\ETHERNET\\lan8720.c                  0x00000000   Number         0  lan8720.o ABSOLUTE
    ..\\ETHERNET\\stm32f4x7_eth.c            0x00000000   Number         0  stm32f4x7_eth.o ABSOLUTE
    ..\\PCF8574\\pcf8574.c                   0x00000000   Number         0  pcf8574.o ABSOLUTE
    ..\\SYSTEM\\delay\\delay.c               0x00000000   Number         0  delay.o ABSOLUTE
    ..\\SYSTEM\\sys\\sys.c                   0x00000000   Number         0  sys.o ABSOLUTE
    ..\\SYSTEM\\usart\\usart.c               0x00000000   Number         0  usart.o ABSOLUTE
    ..\\i2c\\myiic.c                         0x00000000   Number         0  myiic.o ABSOLUTE
    ..\i2c\myiic.c                           0x00000000   Number         0  myiic.o ABSOLUTE
    dc.s                                     0x00000000   Number         0  dc.o ABSOLUTE
    startup_stm32f429xx.s                    0x00000000   Number         0  startup_stm32f429xx.o ABSOLUTE
    test.c                                   0x00000000   Number         0  test.o ABSOLUTE
    test.c                                   0x00000000   Number         0  test.o ABSOLUTE
    RESET                                    0x08000000   Section      428  startup_stm32f429xx.o(RESET)
    !!!main                                  0x080001ac   Section        8  __main.o(!!!main)
    !!!scatter                               0x080001b4   Section       52  __scatter.o(!!!scatter)
    !!dczerorl2                              0x080001e8   Section       90  __dczerorl2.o(!!dczerorl2)
    !!handler_zi                             0x08000244   Section       28  __scatter_zi.o(!!handler_zi)
    .ARM.Collect$$_printf_percent$$00000000  0x08000260   Section        0  _printf_percent.o(.ARM.Collect$$_printf_percent$$00000000)
    .ARM.Collect$$_printf_percent$$00000009  0x08000260   Section        6  _printf_d.o(.ARM.Collect$$_printf_percent$$00000009)
    .ARM.Collect$$_printf_percent$$0000000C  0x08000266   Section        6  _printf_x.o(.ARM.Collect$$_printf_percent$$0000000C)
    .ARM.Collect$$_printf_percent$$00000017  0x0800026c   Section        4  _printf_percent_end.o(.ARM.Collect$$_printf_percent$$00000017)
    .ARM.Collect$$libinit$$00000000          0x08000270   Section        2  libinit.o(.ARM.Collect$$libinit$$00000000)
    .ARM.Collect$$libinit$$00000001          0x08000272   Section        4  libinit2.o(.ARM.Collect$$libinit$$00000001)
    .ARM.Collect$$libinit$$00000004          0x08000276   Section        0  libinit2.o(.ARM.Collect$$libinit$$00000004)
    .ARM.Collect$$libinit$$0000000A          0x08000276   Section        0  libinit2.o(.ARM.Collect$$libinit$$0000000A)
    .ARM.Collect$$libinit$$0000000C          0x08000276   Section        0  libinit2.o(.ARM.Collect$$libinit$$0000000C)
    .ARM.Collect$$libinit$$0000000E          0x08000276   Section        0  libinit2.o(.ARM.Collect$$libinit$$0000000E)
    .ARM.Collect$$libinit$$00000011          0x08000276   Section        0  libinit2.o(.ARM.Collect$$libinit$$00000011)
    .ARM.Collect$$libinit$$00000013          0x08000276   Section        0  libinit2.o(.ARM.Collect$$libinit$$00000013)
    .ARM.Collect$$libinit$$00000015          0x08000276   Section        0  libinit2.o(.ARM.Collect$$libinit$$00000015)
    .ARM.Collect$$libinit$$00000017          0x08000276   Section        0  libinit2.o(.ARM.Collect$$libinit$$00000017)
    .ARM.Collect$$libinit$$00000019          0x08000276   Section        0  libinit2.o(.ARM.Collect$$libinit$$00000019)
    .ARM.Collect$$libinit$$0000001B          0x08000276   Section        0  libinit2.o(.ARM.Collect$$libinit$$0000001B)
    .ARM.Collect$$libinit$$0000001D          0x08000276   Section        0  libinit2.o(.ARM.Collect$$libinit$$0000001D)
    .ARM.Collect$$libinit$$0000001F          0x08000276   Section        0  libinit2.o(.ARM.Collect$$libinit$$0000001F)
    .ARM.Collect$$libinit$$00000021          0x08000276   Section        0  libinit2.o(.ARM.Collect$$libinit$$00000021)
    .ARM.Collect$$libinit$$00000023          0x08000276   Section        0  libinit2.o(.ARM.Collect$$libinit$$00000023)
    .ARM.Collect$$libinit$$00000025          0x08000276   Section        0  libinit2.o(.ARM.Collect$$libinit$$00000025)
    .ARM.Collect$$libinit$$0000002C          0x08000276   Section        0  libinit2.o(.ARM.Collect$$libinit$$0000002C)
    .ARM.Collect$$libinit$$0000002E          0x08000276   Section        0  libinit2.o(.ARM.Collect$$libinit$$0000002E)
    .ARM.Collect$$libinit$$00000030          0x08000276   Section        0  libinit2.o(.ARM.Collect$$libinit$$00000030)
    .ARM.Collect$$libinit$$00000032          0x08000276   Section        0  libinit2.o(.ARM.Collect$$libinit$$00000032)
    .ARM.Collect$$libinit$$00000033          0x08000276   Section        2  libinit2.o(.ARM.Collect$$libinit$$00000033)
    .ARM.Collect$$libshutdown$$00000000      0x08000278   Section        2  libshutdown.o(.ARM.Collect$$libshutdown$$00000000)
    .ARM.Collect$$libshutdown$$00000002      0x0800027a   Section        0  libshutdown2.o(.ARM.Collect$$libshutdown$$00000002)
    .ARM.Collect$$libshutdown$$00000004      0x0800027a   Section        0  libshutdown2.o(.ARM.Collect$$libshutdown$$00000004)
    .ARM.Collect$$libshutdown$$00000007      0x0800027a   Section        0  libshutdown2.o(.ARM.Collect$$libshutdown$$00000007)
    .ARM.Collect$$libshutdown$$0000000A      0x0800027a   Section        0  libshutdown2.o(.ARM.Collect$$libshutdown$$0000000A)
    .ARM.Collect$$libshutdown$$0000000C      0x0800027a   Section        0  libshutdown2.o(.ARM.Collect$$libshutdown$$0000000C)
    .ARM.Collect$$libshutdown$$0000000F      0x0800027a   Section        0  libshutdown2.o(.ARM.Collect$$libshutdown$$0000000F)
    .ARM.Collect$$libshutdown$$00000010      0x0800027a   Section        2  libshutdown2.o(.ARM.Collect$$libshutdown$$00000010)
    .ARM.Collect$$rtentry$$00000000          0x0800027c   Section        0  __rtentry.o(.ARM.Collect$$rtentry$$00000000)
    .ARM.Collect$$rtentry$$00000002          0x0800027c   Section        0  __rtentry2.o(.ARM.Collect$$rtentry$$00000002)
    .ARM.Collect$$rtentry$$00000004          0x0800027c   Section        6  __rtentry4.o(.ARM.Collect$$rtentry$$00000004)
    .ARM.Collect$$rtentry$$00000009          0x08000282   Section        0  __rtentry2.o(.ARM.Collect$$rtentry$$00000009)
    .ARM.Collect$$rtentry$$0000000A          0x08000282   Section        4  __rtentry2.o(.ARM.Collect$$rtentry$$0000000A)
    .ARM.Collect$$rtentry$$0000000C          0x08000286   Section        0  __rtentry2.o(.ARM.Collect$$rtentry$$0000000C)
    .ARM.Collect$$rtentry$$0000000D          0x08000286   Section        8  __rtentry2.o(.ARM.Collect$$rtentry$$0000000D)
    .ARM.Collect$$rtexit$$00000000           0x0800028e   Section        2  rtexit.o(.ARM.Collect$$rtexit$$00000000)
    .ARM.Collect$$rtexit$$00000002           0x08000290   Section        0  rtexit2.o(.ARM.Collect$$rtexit$$00000002)
    .ARM.Collect$$rtexit$$00000003           0x08000290   Section        4  rtexit2.o(.ARM.Collect$$rtexit$$00000003)
    .ARM.Collect$$rtexit$$00000004           0x08000294   Section        6  rtexit2.o(.ARM.Collect$$rtexit$$00000004)
    .text                                    0x0800029c   Section       68  startup_stm32f429xx.o(.text)
    $v0                                      0x0800029c   Number         0  startup_stm32f429xx.o(.text)
    .text                                    0x080002e0   Section        2  use_no_semi_2.o(.text)
    .text                                    0x080002e4   Section        0  noretval__2printf.o(.text)
    .text                                    0x080002fc   Section        0  _printf_pad.o(.text)
    .text                                    0x0800034c   Section        0  _printf_dec.o(.text)
    .text                                    0x080003c4   Section        0  _printf_hex_int.o(.text)
    .text                                    0x0800041c   Section        0  __printf_flags_wp.o(.text)
    .text                                    0x08000554   Section        0  heapauxi.o(.text)
    .text                                    0x0800055a   Section        2  use_no_semi.o(.text)
    .text                                    0x0800055c   Section        0  _printf_intcommon.o(.text)
    .text                                    0x08000610   Section        0  _printf_char_file.o(.text)
    .text                                    0x08000634   Section        0  _printf_char_common.o(.text)
    _printf_input_char                       0x08000635   Thumb Code    10  _printf_char_common.o(.text)
    .text                                    0x08000664   Section        0  ferror.o(.text)
    .text                                    0x0800066c   Section       74  sys_stackheap_outer.o(.text)
    .text                                    0x080006b6   Section        0  exit.o(.text)
    .text                                    0x080006c8   Section        8  libspace.o(.text)
    i.ETH_CheckFrameReceived                 0x080006d0   Section        0  stm32f4x7_eth.o(i.ETH_CheckFrameReceived)
    i.ETH_DMAClearITPendingBit               0x08000798   Section        0  stm32f4x7_eth.o(i.ETH_DMAClearITPendingBit)
    i.ETH_DMAITConfig                        0x080007a4   Section        0  stm32f4x7_eth.o(i.ETH_DMAITConfig)
    i.ETH_DMAReceptionCmd                    0x080007c4   Section        0  stm32f4x7_eth.o(i.ETH_DMAReceptionCmd)
    i.ETH_DMARxDescChainInit                 0x080007e8   Section        0  stm32f4x7_eth.o(i.ETH_DMARxDescChainInit)
    i.ETH_DMATransmissionCmd                 0x0800084c   Section        0  stm32f4x7_eth.o(i.ETH_DMATransmissionCmd)
    i.ETH_DMATxDescChainInit                 0x08000870   Section        0  stm32f4x7_eth.o(i.ETH_DMATxDescChainInit)
    i.ETH_DMATxDescChecksumInsertionConfig   0x080008c0   Section        0  stm32f4x7_eth.o(i.ETH_DMATxDescChecksumInsertionConfig)
    i.ETH_DeInit                             0x080008c8   Section        0  stm32f4x7_eth.o(i.ETH_DeInit)
    i.ETH_Delay                              0x080008f0   Section        0  stm32f4x7_eth.o(i.ETH_Delay)
    ETH_Delay                                0x080008f1   Thumb Code    28  stm32f4x7_eth.o(i.ETH_Delay)
    i.ETH_FlushTransmitFIFO                  0x0800090c   Section        0  stm32f4x7_eth.o(i.ETH_FlushTransmitFIFO)
    i.ETH_GetCurrentTxBuffer                 0x08000920   Section        0  lan8720.o(i.ETH_GetCurrentTxBuffer)
    i.ETH_GetSoftwareResetStatus             0x0800092c   Section        0  stm32f4x7_eth.o(i.ETH_GetSoftwareResetStatus)
    i.ETH_Get_Received_Frame                 0x08000944   Section        0  stm32f4x7_eth.o(i.ETH_Get_Received_Frame)
    i.ETH_IRQHandler                         0x080009a0   Section        0  lan8720.o(i.ETH_IRQHandler)
    i.ETH_Init                               0x08000a3c   Section        0  stm32f4x7_eth.o(i.ETH_Init)
    i.ETH_MACAddressConfig                   0x08000cd8   Section        0  stm32f4x7_eth.o(i.ETH_MACAddressConfig)
    i.ETH_MACDMA_Config                      0x08000d0c   Section        0  lan8720.o(i.ETH_MACDMA_Config)
    i.ETH_MACReceptionCmd                    0x08000dcc   Section        0  stm32f4x7_eth.o(i.ETH_MACReceptionCmd)
    i.ETH_MACTransmissionCmd                 0x08000df0   Section        0  stm32f4x7_eth.o(i.ETH_MACTransmissionCmd)
    i.ETH_Mem_Malloc                         0x08000e14   Section        0  lan8720.o(i.ETH_Mem_Malloc)
    i.ETH_ReadPHYRegister                    0x08000e50   Section        0  stm32f4x7_eth.o(i.ETH_ReadPHYRegister)
    i.ETH_SoftwareReset                      0x08000ebc   Section        0  stm32f4x7_eth.o(i.ETH_SoftwareReset)
    i.ETH_Start                              0x08000ed0   Section        0  stm32f4x7_eth.o(i.ETH_Start)
    i.ETH_StructInit                         0x08000ef0   Section        0  stm32f4x7_eth.o(i.ETH_StructInit)
    i.ETH_Tx_Packet                          0x08000fa4   Section        0  lan8720.o(i.ETH_Tx_Packet)
    i.ETH_WritePHYRegister                   0x0800100c   Section        0  stm32f4x7_eth.o(i.ETH_WritePHYRegister)
    i.GPIO_AF_Set                            0x08001074   Section        0  sys.o(i.GPIO_AF_Set)
    i.GPIO_Set                               0x080010b4   Section        0  sys.o(i.GPIO_Set)
    i.IIC_Ack                                0x08001194   Section        0  myiic.o(i.IIC_Ack)
    i.IIC_Init                               0x080011e4   Section        0  myiic.o(i.IIC_Init)
    i.IIC_NAck                               0x08001224   Section        0  myiic.o(i.IIC_NAck)
    i.IIC_Read_Byte                          0x08001274   Section        0  myiic.o(i.IIC_Read_Byte)
    i.IIC_Send_Byte                          0x080012e0   Section        0  myiic.o(i.IIC_Send_Byte)
    i.IIC_Start                              0x08001348   Section        0  myiic.o(i.IIC_Start)
    i.IIC_Stop                               0x08001394   Section        0  myiic.o(i.IIC_Stop)
    i.IIC_Wait_Ack                           0x080013e0   Section        0  myiic.o(i.IIC_Wait_Ack)
    i.LAN8720_Init                           0x08001440   Section        0  lan8720.o(i.LAN8720_Init)
    i.MY_NVIC_Init                           0x08001580   Section        0  sys.o(i.MY_NVIC_Init)
    i.MY_NVIC_PriorityGroupConfig            0x080015f8   Section        0  sys.o(i.MY_NVIC_PriorityGroupConfig)
    i.MY_NVIC_SetVectorTable                 0x08001620   Section        0  sys.o(i.MY_NVIC_SetVectorTable)
    i.PCF8574_Init                           0x08001630   Section        0  pcf8574.o(i.PCF8574_Init)
    i.PCF8574_ReadOneByte                    0x08001680   Section        0  pcf8574.o(i.PCF8574_ReadOneByte)
    i.PCF8574_WriteBit                       0x080016a2   Section        0  pcf8574.o(i.PCF8574_WriteBit)
    i.PCF8574_WriteOneByte                   0x080016c8   Section        0  pcf8574.o(i.PCF8574_WriteOneByte)
    i.Stm32_Clock_Init                       0x080016f0   Section        0  sys.o(i.Stm32_Clock_Init)
    i.Sys_Clock_Set                          0x08001758   Section        0  sys.o(i.Sys_Clock_Set)
    i.USART1_IRQHandler                      0x08001864   Section        0  usart.o(i.USART1_IRQHandler)
    i._is_digit                              0x080018e4   Section        0  __printf_wp.o(i._is_digit)
    i._sys_exit                              0x080018f2   Section        0  usart.o(i._sys_exit)
    i.anal_buff                              0x080018f8   Section        0  lan8720.o(i.anal_buff)
    i.checksum                               0x08001afc   Section        0  lan8720.o(i.checksum)
    i.delay_init                             0x08001b20   Section        0  delay.o(i.delay_init)
    i.delay_ms                               0x08001b58   Section        0  delay.o(i.delay_ms)
    i.delay_us                               0x08001b90   Section        0  delay.o(i.delay_us)
    i.delay_xms                              0x08001bcc   Section        0  delay.o(i.delay_xms)
    i.fputc                                  0x08001c08   Section        0  usart.o(i.fputc)
    i.mac_init                               0x08001c24   Section        0  lan8720.o(i.mac_init)
    i.main                                   0x08001ca0   Section        0  test.o(i.main)
    i.uart_init                              0x08001da8   Section        0  usart.o(i.uart_init)
    x$fpl$fpinit                             0x08001ea8   Section       10  fpinit.o(x$fpl$fpinit)
    $v0                                      0x08001ea8   Number         0  fpinit.o(x$fpl$fpinit)
    .constdata                               0x08001eb2   Section       40  _printf_hex_int.o(.constdata)
    uc_hextab                                0x08001eb2   Data          20  _printf_hex_int.o(.constdata)
    lc_hextab                                0x08001ec6   Data          20  _printf_hex_int.o(.constdata)
    .constdata                               0x08001eda   Section       17  __printf_flags_wp.o(.constdata)
    maptable                                 0x08001eda   Data          17  __printf_flags_wp.o(.constdata)
    .data                                    0x20000000   Section      160  test.o(.data)
    .data                                    0x200000a0   Section        4  delay.o(.data)
    fac_us                                   0x200000a0   Data           1  delay.o(.data)
    fac_ms                                   0x200000a2   Data           2  delay.o(.data)
    .data                                    0x200000a4   Section        6  usart.o(.data)
    .data                                    0x200000ac   Section      202  lan8720.o(.data)
    .data                                    0x20000178   Section       16  stm32f4x7_eth.o(.data)
    .bss                                     0x20000188   Section      200  usart.o(.bss)
    .bss                                     0x20000250   Section    25680  lan8720.o(.bss)
    net_crc                                  0x200065d8   Data         200  lan8720.o(.bss)
    .bss                                     0x200066a0   Section       12  stm32f4x7_eth.o(.bss)
    .bss                                     0x200066ac   Section       96  libspace.o(.bss)
    HEAP                                     0x20006710   Section        0  startup_stm32f429xx.o(HEAP)
    STACK                                    0x20006710   Section     2048  startup_stm32f429xx.o(STACK)
    Heap_Mem                                 0x20006710   Data           0  startup_stm32f429xx.o(HEAP)
    Stack_Mem                                0x20006710   Data        2048  startup_stm32f429xx.o(STACK)
    __initial_sp                             0x20006f10   Data           0  startup_stm32f429xx.o(STACK)

    Global Symbols

    Symbol Name                              Value     Ov Type        Size  Object(Section)

    BuildAttributes$$THM_ISAv4$E$P$D$K$B$S$7EM$VFPi3$EXTD16$VFPS$VFMA$PE$A:L22UL41UL21$X:L11$S22US41US21$IEEE1$IW$USESV6$~STKCKD$USESV7$~SHL$OSPACE$ROPI$EBA8$UX$STANDARDLIB$REQ8$PRES8$EABIv2 0x00000000   Number         0  anon$$obj.o ABSOLUTE
    __ARM_use_no_argv                        0x00000000   Number         0  test.o ABSOLUTE
    _printf_flags                            0x00000000   Number         0  printf_stubs.o ABSOLUTE
    _printf_return_value                     0x00000000   Number         0  printf_stubs.o ABSOLUTE
    _printf_sizespec                         0x00000000   Number         0  printf_stubs.o ABSOLUTE
    _printf_widthprec                        0x00000000   Number         0  printf_stubs.o ABSOLUTE
    __ARM_exceptions_init                     - Undefined Weak Reference
    __alloca_initialize                       - Undefined Weak Reference
    __arm_preinit_                            - Undefined Weak Reference
    __cpp_initialize__aeabi_                  - Undefined Weak Reference
    __cxa_finalize                            - Undefined Weak Reference
    __rt_locale                               - Undefined Weak Reference
    __sigvec_lookup                           - Undefined Weak Reference
    _atexit_init                              - Undefined Weak Reference
    _call_atexit_fns                          - Undefined Weak Reference
    _clock_init                               - Undefined Weak Reference
    _fp_trap_init                             - Undefined Weak Reference
    _fp_trap_shutdown                         - Undefined Weak Reference
    _get_lc_collate                           - Undefined Weak Reference
    _get_lc_ctype                             - Undefined Weak Reference
    _get_lc_monetary                          - Undefined Weak Reference
    _get_lc_numeric                           - Undefined Weak Reference
    _get_lc_time                              - Undefined Weak Reference
    _getenv_init                              - Undefined Weak Reference
    _handle_redirection                       - Undefined Weak Reference
    _init_alloc                               - Undefined Weak Reference
    _init_user_alloc                          - Undefined Weak Reference
    _initio                                   - Undefined Weak Reference
    _mutex_acquire                            - Undefined Weak Reference
    _mutex_release                            - Undefined Weak Reference
    _printf_truncate_signed                   - Undefined Weak Reference
    _printf_truncate_unsigned                 - Undefined Weak Reference
    _rand_init                                - Undefined Weak Reference
    _signal_finish                            - Undefined Weak Reference
    _signal_init                              - Undefined Weak Reference
    _terminate_alloc                          - Undefined Weak Reference
    _terminate_user_alloc                     - Undefined Weak Reference
    _terminateio                              - Undefined Weak Reference
    __Vectors_Size                           0x000001ac   Number         0  startup_stm32f429xx.o ABSOLUTE
    __Vectors                                0x08000000   Data           4  startup_stm32f429xx.o(RESET)
    __Vectors_End                            0x080001ac   Data           0  startup_stm32f429xx.o(RESET)
    __main                                   0x080001ad   Thumb Code     8  __main.o(!!!main)
    __scatterload                            0x080001b5   Thumb Code     0  __scatter.o(!!!scatter)
    __scatterload_rt2                        0x080001b5   Thumb Code    44  __scatter.o(!!!scatter)
    __scatterload_rt2_thumb_only             0x080001b5   Thumb Code     0  __scatter.o(!!!scatter)
    __scatterload_null                       0x080001c3   Thumb Code     0  __scatter.o(!!!scatter)
    __decompress                             0x080001e9   Thumb Code    90  __dczerorl2.o(!!dczerorl2)
    __decompress1                            0x080001e9   Thumb Code     0  __dczerorl2.o(!!dczerorl2)
    __scatterload_zeroinit                   0x08000245   Thumb Code    28  __scatter_zi.o(!!handler_zi)
    _printf_d                                0x08000261   Thumb Code     0  _printf_d.o(.ARM.Collect$$_printf_percent$$00000009)
    _printf_percent                          0x08000261   Thumb Code     0  _printf_percent.o(.ARM.Collect$$_printf_percent$$00000000)
    _printf_x                                0x08000267   Thumb Code     0  _printf_x.o(.ARM.Collect$$_printf_percent$$0000000C)
    _printf_percent_end                      0x0800026d   Thumb Code     0  _printf_percent_end.o(.ARM.Collect$$_printf_percent$$00000017)
    __rt_lib_init                            0x08000271   Thumb Code     0  libinit.o(.ARM.Collect$$libinit$$00000000)
    __rt_lib_init_fp_1                       0x08000273   Thumb Code     0  libinit2.o(.ARM.Collect$$libinit$$00000001)
    __rt_lib_init_alloca_1                   0x08000277   Thumb Code     0  libinit2.o(.ARM.Collect$$libinit$$0000002E)
    __rt_lib_init_argv_1                     0x08000277   Thumb Code     0  libinit2.o(.ARM.Collect$$libinit$$0000002C)
    __rt_lib_init_atexit_1                   0x08000277   Thumb Code     0  libinit2.o(.ARM.Collect$$libinit$$0000001B)
    __rt_lib_init_clock_1                    0x08000277   Thumb Code     0  libinit2.o(.ARM.Collect$$libinit$$00000021)
    __rt_lib_init_cpp_1                      0x08000277   Thumb Code     0  libinit2.o(.ARM.Collect$$libinit$$00000032)
    __rt_lib_init_exceptions_1               0x08000277   Thumb Code     0  libinit2.o(.ARM.Collect$$libinit$$00000030)
    __rt_lib_init_fp_trap_1                  0x08000277   Thumb Code     0  libinit2.o(.ARM.Collect$$libinit$$0000001F)
    __rt_lib_init_getenv_1                   0x08000277   Thumb Code     0  libinit2.o(.ARM.Collect$$libinit$$00000023)
    __rt_lib_init_heap_1                     0x08000277   Thumb Code     0  libinit2.o(.ARM.Collect$$libinit$$0000000A)
    __rt_lib_init_lc_collate_1               0x08000277   Thumb Code     0  libinit2.o(.ARM.Collect$$libinit$$00000011)
    __rt_lib_init_lc_ctype_1                 0x08000277   Thumb Code     0  libinit2.o(.ARM.Collect$$libinit$$00000013)
    __rt_lib_init_lc_monetary_1              0x08000277   Thumb Code     0  libinit2.o(.ARM.Collect$$libinit$$00000015)
    __rt_lib_init_lc_numeric_1               0x08000277   Thumb Code     0  libinit2.o(.ARM.Collect$$libinit$$00000017)
    __rt_lib_init_lc_time_1                  0x08000277   Thumb Code     0  libinit2.o(.ARM.Collect$$libinit$$00000019)
    __rt_lib_init_preinit_1                  0x08000277   Thumb Code     0  libinit2.o(.ARM.Collect$$libinit$$00000004)
    __rt_lib_init_rand_1                     0x08000277   Thumb Code     0  libinit2.o(.ARM.Collect$$libinit$$0000000E)
    __rt_lib_init_return                     0x08000277   Thumb Code     0  libinit2.o(.ARM.Collect$$libinit$$00000033)
    __rt_lib_init_signal_1                   0x08000277   Thumb Code     0  libinit2.o(.ARM.Collect$$libinit$$0000001D)
    __rt_lib_init_stdio_1                    0x08000277   Thumb Code     0  libinit2.o(.ARM.Collect$$libinit$$00000025)
    __rt_lib_init_user_alloc_1               0x08000277   Thumb Code     0  libinit2.o(.ARM.Collect$$libinit$$0000000C)
    __rt_lib_shutdown                        0x08000279   Thumb Code     0  libshutdown.o(.ARM.Collect$$libshutdown$$00000000)
    __rt_lib_shutdown_cpp_1                  0x0800027b   Thumb Code     0  libshutdown2.o(.ARM.Collect$$libshutdown$$00000002)
    __rt_lib_shutdown_fp_trap_1              0x0800027b   Thumb Code     0  libshutdown2.o(.ARM.Collect$$libshutdown$$00000007)
    __rt_lib_shutdown_heap_1                 0x0800027b   Thumb Code     0  libshutdown2.o(.ARM.Collect$$libshutdown$$0000000F)
    __rt_lib_shutdown_return                 0x0800027b   Thumb Code     0  libshutdown2.o(.ARM.Collect$$libshutdown$$00000010)
    __rt_lib_shutdown_signal_1               0x0800027b   Thumb Code     0  libshutdown2.o(.ARM.Collect$$libshutdown$$0000000A)
    __rt_lib_shutdown_stdio_1                0x0800027b   Thumb Code     0  libshutdown2.o(.ARM.Collect$$libshutdown$$00000004)
    __rt_lib_shutdown_user_alloc_1           0x0800027b   Thumb Code     0  libshutdown2.o(.ARM.Collect$$libshutdown$$0000000C)
    __rt_entry                               0x0800027d   Thumb Code     0  __rtentry.o(.ARM.Collect$$rtentry$$00000000)
    __rt_entry_presh_1                       0x0800027d   Thumb Code     0  __rtentry2.o(.ARM.Collect$$rtentry$$00000002)
    __rt_entry_sh                            0x0800027d   Thumb Code     0  __rtentry4.o(.ARM.Collect$$rtentry$$00000004)
    __rt_entry_li                            0x08000283   Thumb Code     0  __rtentry2.o(.ARM.Collect$$rtentry$$0000000A)
    __rt_entry_postsh_1                      0x08000283   Thumb Code     0  __rtentry2.o(.ARM.Collect$$rtentry$$00000009)
    __rt_entry_main                          0x08000287   Thumb Code     0  __rtentry2.o(.ARM.Collect$$rtentry$$0000000D)
    __rt_entry_postli_1                      0x08000287   Thumb Code     0  __rtentry2.o(.ARM.Collect$$rtentry$$0000000C)
    __rt_exit                                0x0800028f   Thumb Code     0  rtexit.o(.ARM.Collect$$rtexit$$00000000)
    __rt_exit_ls                             0x08000291   Thumb Code     0  rtexit2.o(.ARM.Collect$$rtexit$$00000003)
    __rt_exit_prels_1                        0x08000291   Thumb Code     0  rtexit2.o(.ARM.Collect$$rtexit$$00000002)
    __rt_exit_exit                           0x08000295   Thumb Code     0  rtexit2.o(.ARM.Collect$$rtexit$$00000004)
    Reset_Handler                            0x0800029d   Thumb Code    14  startup_stm32f429xx.o(.text)
    NMI_Handler                              0x080002ab   Thumb Code     2  startup_stm32f429xx.o(.text)
    HardFault_Handler                        0x080002ad   Thumb Code     2  startup_stm32f429xx.o(.text)
    MemManage_Handler                        0x080002af   Thumb Code     2  startup_stm32f429xx.o(.text)
    BusFault_Handler                         0x080002b1   Thumb Code     2  startup_stm32f429xx.o(.text)
    UsageFault_Handler                       0x080002b3   Thumb Code     2  startup_stm32f429xx.o(.text)
    SVC_Handler                              0x080002b5   Thumb Code     2  startup_stm32f429xx.o(.text)
    DebugMon_Handler                         0x080002b7   Thumb Code     2  startup_stm32f429xx.o(.text)
    PendSV_Handler                           0x080002b9   Thumb Code     2  startup_stm32f429xx.o(.text)
    SysTick_Handler                          0x080002bb   Thumb Code     2  startup_stm32f429xx.o(.text)
    ADC_IRQHandler                           0x080002bd   Thumb Code     0  startup_stm32f429xx.o(.text)
    CAN1_RX0_IRQHandler                      0x080002bd   Thumb Code     0  startup_stm32f429xx.o(.text)
    CAN1_RX1_IRQHandler                      0x080002bd   Thumb Code     0  startup_stm32f429xx.o(.text)
    CAN1_SCE_IRQHandler                      0x080002bd   Thumb Code     0  startup_stm32f429xx.o(.text)
    CAN1_TX_IRQHandler                       0x080002bd   Thumb Code     0  startup_stm32f429xx.o(.text)
    CAN2_RX0_IRQHandler                      0x080002bd   Thumb Code     0  startup_stm32f429xx.o(.text)
    CAN2_RX1_IRQHandler                      0x080002bd   Thumb Code     0  startup_stm32f429xx.o(.text)
    CAN2_SCE_IRQHandler                      0x080002bd   Thumb Code     0  startup_stm32f429xx.o(.text)
    CAN2_TX_IRQHandler                       0x080002bd   Thumb Code     0  startup_stm32f429xx.o(.text)
    DCMI_IRQHandler                          0x080002bd   Thumb Code     0  startup_stm32f429xx.o(.text)
    DMA1_Stream0_IRQHandler                  0x080002bd   Thumb Code     0  startup_stm32f429xx.o(.text)
    DMA1_Stream1_IRQHandler                  0x080002bd   Thumb Code     0  startup_stm32f429xx.o(.text)
    DMA1_Stream2_IRQHandler                  0x080002bd   Thumb Code     0  startup_stm32f429xx.o(.text)
    DMA1_Stream3_IRQHandler                  0x080002bd   Thumb Code     0  startup_stm32f429xx.o(.text)
    DMA1_Stream4_IRQHandler                  0x080002bd   Thumb Code     0  startup_stm32f429xx.o(.text)
    DMA1_Stream5_IRQHandler                  0x080002bd   Thumb Code     0  startup_stm32f429xx.o(.text)
    DMA1_Stream6_IRQHandler                  0x080002bd   Thumb Code     0  startup_stm32f429xx.o(.text)
    DMA1_Stream7_IRQHandler                  0x080002bd   Thumb Code     0  startup_stm32f429xx.o(.text)
    DMA2D_IRQHandler                         0x080002bd   Thumb Code     0  startup_stm32f429xx.o(.text)
    DMA2_Stream0_IRQHandler                  0x080002bd   Thumb Code     0  startup_stm32f429xx.o(.text)
    DMA2_Stream1_IRQHandler                  0x080002bd   Thumb Code     0  startup_stm32f429xx.o(.text)
    DMA2_Stream2_IRQHandler                  0x080002bd   Thumb Code     0  startup_stm32f429xx.o(.text)
    DMA2_Stream3_IRQHandler                  0x080002bd   Thumb Code     0  startup_stm32f429xx.o(.text)
    DMA2_Stream4_IRQHandler                  0x080002bd   Thumb Code     0  startup_stm32f429xx.o(.text)
    DMA2_Stream5_IRQHandler                  0x080002bd   Thumb Code     0  startup_stm32f429xx.o(.text)
    DMA2_Stream6_IRQHandler                  0x080002bd   Thumb Code     0  startup_stm32f429xx.o(.text)
    DMA2_Stream7_IRQHandler                  0x080002bd   Thumb Code     0  startup_stm32f429xx.o(.text)
    ETH_WKUP_IRQHandler                      0x080002bd   Thumb Code     0  startup_stm32f429xx.o(.text)
    EXTI0_IRQHandler                         0x080002bd   Thumb Code     0  startup_stm32f429xx.o(.text)
    EXTI15_10_IRQHandler                     0x080002bd   Thumb Code     0  startup_stm32f429xx.o(.text)
    EXTI1_IRQHandler                         0x080002bd   Thumb Code     0  startup_stm32f429xx.o(.text)
    EXTI2_IRQHandler                         0x080002bd   Thumb Code     0  startup_stm32f429xx.o(.text)
    EXTI3_IRQHandler                         0x080002bd   Thumb Code     0  startup_stm32f429xx.o(.text)
    EXTI4_IRQHandler                         0x080002bd   Thumb Code     0  startup_stm32f429xx.o(.text)
    EXTI9_5_IRQHandler                       0x080002bd   Thumb Code     0  startup_stm32f429xx.o(.text)
    FLASH_IRQHandler                         0x080002bd   Thumb Code     0  startup_stm32f429xx.o(.text)
    FMC_IRQHandler                           0x080002bd   Thumb Code     0  startup_stm32f429xx.o(.text)
    FPU_IRQHandler                           0x080002bd   Thumb Code     0  startup_stm32f429xx.o(.text)
    HASH_RNG_IRQHandler                      0x080002bd   Thumb Code     0  startup_stm32f429xx.o(.text)
    I2C1_ER_IRQHandler                       0x080002bd   Thumb Code     0  startup_stm32f429xx.o(.text)
    I2C1_EV_IRQHandler                       0x080002bd   Thumb Code     0  startup_stm32f429xx.o(.text)
    I2C2_ER_IRQHandler                       0x080002bd   Thumb Code     0  startup_stm32f429xx.o(.text)
    I2C2_EV_IRQHandler                       0x080002bd   Thumb Code     0  startup_stm32f429xx.o(.text)
    I2C3_ER_IRQHandler                       0x080002bd   Thumb Code     0  startup_stm32f429xx.o(.text)
    I2C3_EV_IRQHandler                       0x080002bd   Thumb Code     0  startup_stm32f429xx.o(.text)
    LTDC_ER_IRQHandler                       0x080002bd   Thumb Code     0  startup_stm32f429xx.o(.text)
    LTDC_IRQHandler                          0x080002bd   Thumb Code     0  startup_stm32f429xx.o(.text)
    OTG_FS_IRQHandler                        0x080002bd   Thumb Code     0  startup_stm32f429xx.o(.text)
    OTG_FS_WKUP_IRQHandler                   0x080002bd   Thumb Code     0  startup_stm32f429xx.o(.text)
    OTG_HS_EP1_IN_IRQHandler                 0x080002bd   Thumb Code     0  startup_stm32f429xx.o(.text)
    OTG_HS_EP1_OUT_IRQHandler                0x080002bd   Thumb Code     0  startup_stm32f429xx.o(.text)
    OTG_HS_IRQHandler                        0x080002bd   Thumb Code     0  startup_stm32f429xx.o(.text)
    OTG_HS_WKUP_IRQHandler                   0x080002bd   Thumb Code     0  startup_stm32f429xx.o(.text)
    PVD_IRQHandler                           0x080002bd   Thumb Code     0  startup_stm32f429xx.o(.text)
    RCC_IRQHandler                           0x080002bd   Thumb Code     0  startup_stm32f429xx.o(.text)
    RTC_Alarm_IRQHandler                     0x080002bd   Thumb Code     0  startup_stm32f429xx.o(.text)
    RTC_WKUP_IRQHandler                      0x080002bd   Thumb Code     0  startup_stm32f429xx.o(.text)
    SAI1_IRQHandler                          0x080002bd   Thumb Code     0  startup_stm32f429xx.o(.text)
    SDIO_IRQHandler                          0x080002bd   Thumb Code     0  startup_stm32f429xx.o(.text)
    SPI1_IRQHandler                          0x080002bd   Thumb Code     0  startup_stm32f429xx.o(.text)
    SPI2_IRQHandler                          0x080002bd   Thumb Code     0  startup_stm32f429xx.o(.text)
    SPI3_IRQHandler                          0x080002bd   Thumb Code     0  startup_stm32f429xx.o(.text)
    SPI4_IRQHandler                          0x080002bd   Thumb Code     0  startup_stm32f429xx.o(.text)
    SPI5_IRQHandler                          0x080002bd   Thumb Code     0  startup_stm32f429xx.o(.text)
    SPI6_IRQHandler                          0x080002bd   Thumb Code     0  startup_stm32f429xx.o(.text)
    TAMP_STAMP_IRQHandler                    0x080002bd   Thumb Code     0  startup_stm32f429xx.o(.text)
    TIM1_BRK_TIM9_IRQHandler                 0x080002bd   Thumb Code     0  startup_stm32f429xx.o(.text)
    TIM1_CC_IRQHandler                       0x080002bd   Thumb Code     0  startup_stm32f429xx.o(.text)
    TIM1_TRG_COM_TIM11_IRQHandler            0x080002bd   Thumb Code     0  startup_stm32f429xx.o(.text)
    TIM1_UP_TIM10_IRQHandler                 0x080002bd   Thumb Code     0  startup_stm32f429xx.o(.text)
    TIM2_IRQHandler                          0x080002bd   Thumb Code     0  startup_stm32f429xx.o(.text)
    TIM3_IRQHandler                          0x080002bd   Thumb Code     0  startup_stm32f429xx.o(.text)
    TIM4_IRQHandler                          0x080002bd   Thumb Code     0  startup_stm32f429xx.o(.text)
    TIM5_IRQHandler                          0x080002bd   Thumb Code     0  startup_stm32f429xx.o(.text)
    TIM6_DAC_IRQHandler                      0x080002bd   Thumb Code     0  startup_stm32f429xx.o(.text)
    TIM7_IRQHandler                          0x080002bd   Thumb Code     0  startup_stm32f429xx.o(.text)
    TIM8_BRK_TIM12_IRQHandler                0x080002bd   Thumb Code     0  startup_stm32f429xx.o(.text)
    TIM8_CC_IRQHandler                       0x080002bd   Thumb Code     0  startup_stm32f429xx.o(.text)
    TIM8_TRG_COM_TIM14_IRQHandler            0x080002bd   Thumb Code     0  startup_stm32f429xx.o(.text)
    TIM8_UP_TIM13_IRQHandler                 0x080002bd   Thumb Code     0  startup_stm32f429xx.o(.text)
    UART4_IRQHandler                         0x080002bd   Thumb Code     0  startup_stm32f429xx.o(.text)
    UART5_IRQHandler                         0x080002bd   Thumb Code     0  startup_stm32f429xx.o(.text)
    UART7_IRQHandler                         0x080002bd   Thumb Code     0  startup_stm32f429xx.o(.text)
    UART8_IRQHandler                         0x080002bd   Thumb Code     0  startup_stm32f429xx.o(.text)
    USART2_IRQHandler                        0x080002bd   Thumb Code     0  startup_stm32f429xx.o(.text)
    USART3_IRQHandler                        0x080002bd   Thumb Code     0  startup_stm32f429xx.o(.text)
    USART6_IRQHandler                        0x080002bd   Thumb Code     0  startup_stm32f429xx.o(.text)
    WWDG_IRQHandler                          0x080002bd   Thumb Code     0  startup_stm32f429xx.o(.text)
    __user_initial_stackheap                 0x080002c1   Thumb Code     0  startup_stm32f429xx.o(.text)
    __use_no_semihosting                     0x080002e1   Thumb Code     2  use_no_semi_2.o(.text)
    __2printf                                0x080002e5   Thumb Code    20  noretval__2printf.o(.text)
    _printf_pre_padding                      0x080002fd   Thumb Code    44  _printf_pad.o(.text)
    _printf_post_padding                     0x08000329   Thumb Code    34  _printf_pad.o(.text)
    _printf_int_dec                          0x0800034d   Thumb Code   104  _printf_dec.o(.text)
    _printf_int_hex                          0x080003c5   Thumb Code    84  _printf_hex_int.o(.text)
    _printf_longlong_hex                     0x080003c5   Thumb Code     0  _printf_hex_int.o(.text)
    __printf                                 0x0800041d   Thumb Code   308  __printf_flags_wp.o(.text)
    __use_two_region_memory                  0x08000555   Thumb Code     2  heapauxi.o(.text)
    __rt_heap_escrow$2region                 0x08000557   Thumb Code     2  heapauxi.o(.text)
    __rt_heap_expand$2region                 0x08000559   Thumb Code     2  heapauxi.o(.text)
    __I$use$semihosting                      0x0800055b   Thumb Code     0  use_no_semi.o(.text)
    __use_no_semihosting_swi                 0x0800055b   Thumb Code     2  use_no_semi.o(.text)
    _printf_int_common                       0x0800055d   Thumb Code   178  _printf_intcommon.o(.text)
    _printf_char_file                        0x08000611   Thumb Code    32  _printf_char_file.o(.text)
    _printf_char_common                      0x0800063f   Thumb Code    32  _printf_char_common.o(.text)
    ferror                                   0x08000665   Thumb Code     8  ferror.o(.text)
    __user_setup_stackheap                   0x0800066d   Thumb Code    74  sys_stackheap_outer.o(.text)
    exit                                     0x080006b7   Thumb Code    18  exit.o(.text)
    __user_libspace                          0x080006c9   Thumb Code     8  libspace.o(.text)
    __user_perproc_libspace                  0x080006c9   Thumb Code     0  libspace.o(.text)
    __user_perthread_libspace                0x080006c9   Thumb Code     0  libspace.o(.text)
    ETH_CheckFrameReceived                   0x080006d1   Thumb Code   190  stm32f4x7_eth.o(i.ETH_CheckFrameReceived)
    ETH_DMAClearITPendingBit                 0x08000799   Thumb Code     6  stm32f4x7_eth.o(i.ETH_DMAClearITPendingBit)
    ETH_DMAITConfig                          0x080007a5   Thumb Code    26  stm32f4x7_eth.o(i.ETH_DMAITConfig)
    ETH_DMAReceptionCmd                      0x080007c5   Thumb Code    30  stm32f4x7_eth.o(i.ETH_DMAReceptionCmd)
    ETH_DMARxDescChainInit                   0x080007e9   Thumb Code    82  stm32f4x7_eth.o(i.ETH_DMARxDescChainInit)
    ETH_DMATransmissionCmd                   0x0800084d   Thumb Code    30  stm32f4x7_eth.o(i.ETH_DMATransmissionCmd)
    ETH_DMATxDescChainInit                   0x08000871   Thumb Code    70  stm32f4x7_eth.o(i.ETH_DMATxDescChainInit)
    ETH_DMATxDescChecksumInsertionConfig     0x080008c1   Thumb Code     8  stm32f4x7_eth.o(i.ETH_DMATxDescChecksumInsertionConfig)
    ETH_DeInit                               0x080008c9   Thumb Code    34  stm32f4x7_eth.o(i.ETH_DeInit)
    ETH_FlushTransmitFIFO                    0x0800090d   Thumb Code    14  stm32f4x7_eth.o(i.ETH_FlushTransmitFIFO)
    ETH_GetCurrentTxBuffer                   0x08000921   Thumb Code     8  lan8720.o(i.ETH_GetCurrentTxBuffer)
    ETH_GetSoftwareResetStatus               0x0800092d   Thumb Code    20  stm32f4x7_eth.o(i.ETH_GetSoftwareResetStatus)
    ETH_Get_Received_Frame                   0x08000945   Thumb Code    82  stm32f4x7_eth.o(i.ETH_Get_Received_Frame)
    ETH_IRQHandler                           0x080009a1   Thumb Code   138  lan8720.o(i.ETH_IRQHandler)
    ETH_Init                                 0x08000a3d   Thumb Code   618  stm32f4x7_eth.o(i.ETH_Init)
    ETH_MACAddressConfig                     0x08000cd9   Thumb Code    46  stm32f4x7_eth.o(i.ETH_MACAddressConfig)
    ETH_MACDMA_Config                        0x08000d0d   Thumb Code   156  lan8720.o(i.ETH_MACDMA_Config)
    ETH_MACReceptionCmd                      0x08000dcd   Thumb Code    30  stm32f4x7_eth.o(i.ETH_MACReceptionCmd)
    ETH_MACTransmissionCmd                   0x08000df1   Thumb Code    30  stm32f4x7_eth.o(i.ETH_MACTransmissionCmd)
    ETH_Mem_Malloc                           0x08000e15   Thumb Code    28  lan8720.o(i.ETH_Mem_Malloc)
    ETH_ReadPHYRegister                      0x08000e51   Thumb Code    98  stm32f4x7_eth.o(i.ETH_ReadPHYRegister)
    ETH_SoftwareReset                        0x08000ebd   Thumb Code    14  stm32f4x7_eth.o(i.ETH_SoftwareReset)
    ETH_Start                                0x08000ed1   Thumb Code    32  stm32f4x7_eth.o(i.ETH_Start)
    ETH_StructInit                           0x08000ef1   Thumb Code   178  stm32f4x7_eth.o(i.ETH_StructInit)
    ETH_Tx_Packet                            0x08000fa5   Thumb Code    94  lan8720.o(i.ETH_Tx_Packet)
    ETH_WritePHYRegister                     0x0800100d   Thumb Code    96  stm32f4x7_eth.o(i.ETH_WritePHYRegister)
    GPIO_AF_Set                              0x08001075   Thumb Code    64  sys.o(i.GPIO_AF_Set)
    GPIO_Set                                 0x080010b5   Thumb Code   222  sys.o(i.GPIO_Set)
    IIC_Ack                                  0x08001195   Thumb Code    66  myiic.o(i.IIC_Ack)
    IIC_Init                                 0x080011e5   Thumb Code    48  myiic.o(i.IIC_Init)
    IIC_NAck                                 0x08001225   Thumb Code    66  myiic.o(i.IIC_NAck)
    IIC_Read_Byte                            0x08001275   Thumb Code    94  myiic.o(i.IIC_Read_Byte)
    IIC_Send_Byte                            0x080012e1   Thumb Code    90  myiic.o(i.IIC_Send_Byte)
    IIC_Start                                0x08001349   Thumb Code    64  myiic.o(i.IIC_Start)
    IIC_Stop                                 0x08001395   Thumb Code    62  myiic.o(i.IIC_Stop)
    IIC_Wait_Ack                             0x080013e1   Thumb Code    82  myiic.o(i.IIC_Wait_Ack)
    LAN8720_Init                             0x08001441   Thumb Code   294  lan8720.o(i.LAN8720_Init)
    MY_NVIC_Init                             0x08001581   Thumb Code   116  sys.o(i.MY_NVIC_Init)
    MY_NVIC_PriorityGroupConfig              0x080015f9   Thumb Code    32  sys.o(i.MY_NVIC_PriorityGroupConfig)
    MY_NVIC_SetVectorTable                   0x08001621   Thumb Code    12  sys.o(i.MY_NVIC_SetVectorTable)
    PCF8574_Init                             0x08001631   Thumb Code    70  pcf8574.o(i.PCF8574_Init)
    PCF8574_ReadOneByte                      0x08001681   Thumb Code    34  pcf8574.o(i.PCF8574_ReadOneByte)
    PCF8574_WriteBit                         0x080016a3   Thumb Code    38  pcf8574.o(i.PCF8574_WriteBit)
    PCF8574_WriteOneByte                     0x080016c9   Thumb Code    40  pcf8574.o(i.PCF8574_WriteOneByte)
    Stm32_Clock_Init                         0x080016f1   Thumb Code    90  sys.o(i.Stm32_Clock_Init)
    Sys_Clock_Set                            0x08001759   Thumb Code   254  sys.o(i.Sys_Clock_Set)
    USART1_IRQHandler                        0x08001865   Thumb Code   116  usart.o(i.USART1_IRQHandler)
    _is_digit                                0x080018e5   Thumb Code    14  __printf_wp.o(i._is_digit)
    _sys_exit                                0x080018f3   Thumb Code     4  usart.o(i._sys_exit)
    anal_buff                                0x080018f9   Thumb Code   482  lan8720.o(i.anal_buff)
    checksum                                 0x08001afd   Thumb Code    34  lan8720.o(i.checksum)
    delay_init                               0x08001b21   Thumb Code    46  delay.o(i.delay_init)
    delay_ms                                 0x08001b59   Thumb Code    56  delay.o(i.delay_ms)
    delay_us                                 0x08001b91   Thumb Code    56  delay.o(i.delay_us)
    delay_xms                                0x08001bcd   Thumb Code    56  delay.o(i.delay_xms)
    fputc                                    0x08001c09   Thumb Code    22  usart.o(i.fputc)
    mac_init                                 0x08001c25   Thumb Code   106  lan8720.o(i.mac_init)
    main                                     0x08001ca1   Thumb Code   206  test.o(i.main)
    uart_init                                0x08001da9   Thumb Code   240  usart.o(i.uart_init)
    _fp_init                                 0x08001ea9   Thumb Code    10  fpinit.o(x$fpl$fpinit)
    __fplib_config_fpu_vfp                   0x08001eb1   Thumb Code     0  fpinit.o(x$fpl$fpinit)
    __fplib_config_pureend_doubles           0x08001eb1   Thumb Code     0  fpinit.o(x$fpl$fpinit)
    Region$$Table$$Base                      0x08001eec   Number         0  anon$$obj.o(Region$$Table)
    Region$$Table$$Limit                     0x08001f0c   Number         0  anon$$obj.o(Region$$Table)
    test_buf                                 0x20000000   Data          42  test.o(.data)
    udp_buf                                  0x2000002a   Data          64  test.o(.data)
    tcp_buf                                  0x2000006a   Data          54  test.o(.data)
    __stdout                                 0x200000a4   Data           4  usart.o(.data)
    USART_RX_STA                             0x200000a8   Data           2  usart.o(.data)
    DMARxDscrTab                             0x200000ac   Data           4  lan8720.o(.data)
    DMATxDscrTab                             0x200000b0   Data           4  lan8720.o(.data)
    Rx_Buff                                  0x200000b4   Data           4  lan8720.o(.data)
    Tx_Buff                                  0x200000b8   Data           4  lan8720.o(.data)
    eth_interrupt_flag                       0x200000bc   Data           4  lan8720.o(.data)
    eth_len                                  0x200000c0   Data           4  lan8720.o(.data)
    test_buf1                                0x200000c4   Data          42  lan8720.o(.data)
    icmp_reply                               0x200000ee   Data          74  lan8720.o(.data)
    tcp_reply                                0x20000138   Data          58  lan8720.o(.data)
    ip_address                               0x20000172   Data           4  lan8720.o(.data)
    DMATxDescToSet                           0x20000178   Data           4  stm32f4x7_eth.o(.data)
    DMARxDescToGet                           0x2000017c   Data           4  stm32f4x7_eth.o(.data)
    DMA_RX_FRAME_infos                       0x20000180   Data           4  stm32f4x7_eth.o(.data)
    Frame_Rx_index                           0x20000184   Data           4  stm32f4x7_eth.o(.data)
    USART_RX_BUF                             0x20000188   Data         200  usart.o(.bss)
    DMARxDscrTab_array                       0x20000250   Data        5120  lan8720.o(.bss)
    DMATxDscrTab_array                       0x20001650   Data        5120  lan8720.o(.bss)
    Rx_Buff_array                            0x20002a50   Data        7620  lan8720.o(.bss)
    Tx_Buff_array                            0x20004814   Data        7620  lan8720.o(.bss)
    RX_Frame_Descriptor                      0x200066a0   Data          12  stm32f4x7_eth.o(.bss)
    __libspace_start                         0x200066ac   Data          96  libspace.o(.bss)
    __temporary_stack_top$libspace           0x2000670c   Data           0  libspace.o(.bss)



==============================================================================

Memory Map of the image

  Image Entry point : 0x080001ad

  Load Region LR_IROM1 (Base: 0x08000000, Size: 0x00002094, Max: 0x00100000, ABSOLUTE, COMPRESSED[0x00001f9c])

    Execution Region ER_IROM1 (Base: 0x08000000, Size: 0x00001f0c, Max: 0x00100000, ABSOLUTE)

    Base Addr    Size         Type   Attr      Idx    E Section Name        Object

    0x08000000   0x000001ac   Data   RO            3    RESET               startup_stm32f429xx.o
    0x080001ac   0x00000008   Code   RO         1103  * !!!main             c_w.l(__main.o)
    0x080001b4   0x00000034   Code   RO         1271    !!!scatter          c_w.l(__scatter.o)
    0x080001e8   0x0000005a   Code   RO         1269    !!dczerorl2         c_w.l(__dczerorl2.o)
    0x08000242   0x00000002   PAD
    0x08000244   0x0000001c   Code   RO         1273    !!handler_zi        c_w.l(__scatter_zi.o)
    0x08000260   0x00000000   Code   RO         1100    .ARM.Collect$$_printf_percent$$00000000  c_w.l(_printf_percent.o)
    0x08000260   0x00000006   Code   RO         1099    .ARM.Collect$$_printf_percent$$00000009  c_w.l(_printf_d.o)
    0x08000266   0x00000006   Code   RO         1098    .ARM.Collect$$_printf_percent$$0000000C  c_w.l(_printf_x.o)
    0x0800026c   0x00000004   Code   RO         1112    .ARM.Collect$$_printf_percent$$00000017  c_w.l(_printf_percent_end.o)
    0x08000270   0x00000002   Code   RO         1145    .ARM.Collect$$libinit$$00000000  c_w.l(libinit.o)
    0x08000272   0x00000004   Code   RO         1151    .ARM.Collect$$libinit$$00000001  c_w.l(libinit2.o)
    0x08000276   0x00000000   Code   RO         1154    .ARM.Collect$$libinit$$00000004  c_w.l(libinit2.o)
    0x08000276   0x00000000   Code   RO         1157    .ARM.Collect$$libinit$$0000000A  c_w.l(libinit2.o)
    0x08000276   0x00000000   Code   RO         1159    .ARM.Collect$$libinit$$0000000C  c_w.l(libinit2.o)
    0x08000276   0x00000000   Code   RO         1161    .ARM.Collect$$libinit$$0000000E  c_w.l(libinit2.o)
    0x08000276   0x00000000   Code   RO         1164    .ARM.Collect$$libinit$$00000011  c_w.l(libinit2.o)
    0x08000276   0x00000000   Code   RO         1166    .ARM.Collect$$libinit$$00000013  c_w.l(libinit2.o)
    0x08000276   0x00000000   Code   RO         1168    .ARM.Collect$$libinit$$00000015  c_w.l(libinit2.o)
    0x08000276   0x00000000   Code   RO         1170    .ARM.Collect$$libinit$$00000017  c_w.l(libinit2.o)
    0x08000276   0x00000000   Code   RO         1172    .ARM.Collect$$libinit$$00000019  c_w.l(libinit2.o)
    0x08000276   0x00000000   Code   RO         1174    .ARM.Collect$$libinit$$0000001B  c_w.l(libinit2.o)
    0x08000276   0x00000000   Code   RO         1176    .ARM.Collect$$libinit$$0000001D  c_w.l(libinit2.o)
    0x08000276   0x00000000   Code   RO         1178    .ARM.Collect$$libinit$$0000001F  c_w.l(libinit2.o)
    0x08000276   0x00000000   Code   RO         1180    .ARM.Collect$$libinit$$00000021  c_w.l(libinit2.o)
    0x08000276   0x00000000   Code   RO         1182    .ARM.Collect$$libinit$$00000023  c_w.l(libinit2.o)
    0x08000276   0x00000000   Code   RO         1184    .ARM.Collect$$libinit$$00000025  c_w.l(libinit2.o)
    0x08000276   0x00000000   Code   RO         1188    .ARM.Collect$$libinit$$0000002C  c_w.l(libinit2.o)
    0x08000276   0x00000000   Code   RO         1190    .ARM.Collect$$libinit$$0000002E  c_w.l(libinit2.o)
    0x08000276   0x00000000   Code   RO         1192    .ARM.Collect$$libinit$$00000030  c_w.l(libinit2.o)
    0x08000276   0x00000000   Code   RO         1194    .ARM.Collect$$libinit$$00000032  c_w.l(libinit2.o)
    0x08000276   0x00000002   Code   RO         1195    .ARM.Collect$$libinit$$00000033  c_w.l(libinit2.o)
    0x08000278   0x00000002   Code   RO         1213    .ARM.Collect$$libshutdown$$00000000  c_w.l(libshutdown.o)
    0x0800027a   0x00000000   Code   RO         1223    .ARM.Collect$$libshutdown$$00000002  c_w.l(libshutdown2.o)
    0x0800027a   0x00000000   Code   RO         1225    .ARM.Collect$$libshutdown$$00000004  c_w.l(libshutdown2.o)
    0x0800027a   0x00000000   Code   RO         1228    .ARM.Collect$$libshutdown$$00000007  c_w.l(libshutdown2.o)
    0x0800027a   0x00000000   Code   RO         1231    .ARM.Collect$$libshutdown$$0000000A  c_w.l(libshutdown2.o)
    0x0800027a   0x00000000   Code   RO         1233    .ARM.Collect$$libshutdown$$0000000C  c_w.l(libshutdown2.o)
    0x0800027a   0x00000000   Code   RO         1236    .ARM.Collect$$libshutdown$$0000000F  c_w.l(libshutdown2.o)
    0x0800027a   0x00000002   Code   RO         1237    .ARM.Collect$$libshutdown$$00000010  c_w.l(libshutdown2.o)
    0x0800027c   0x00000000   Code   RO         1107    .ARM.Collect$$rtentry$$00000000  c_w.l(__rtentry.o)
    0x0800027c   0x00000000   Code   RO         1114    .ARM.Collect$$rtentry$$00000002  c_w.l(__rtentry2.o)
    0x0800027c   0x00000006   Code   RO         1126    .ARM.Collect$$rtentry$$00000004  c_w.l(__rtentry4.o)
    0x08000282   0x00000000   Code   RO         1116    .ARM.Collect$$rtentry$$00000009  c_w.l(__rtentry2.o)
    0x08000282   0x00000004   Code   RO         1117    .ARM.Collect$$rtentry$$0000000A  c_w.l(__rtentry2.o)
    0x08000286   0x00000000   Code   RO         1119    .ARM.Collect$$rtentry$$0000000C  c_w.l(__rtentry2.o)
    0x08000286   0x00000008   Code   RO         1120    .ARM.Collect$$rtentry$$0000000D  c_w.l(__rtentry2.o)
    0x0800028e   0x00000002   Code   RO         1149    .ARM.Collect$$rtexit$$00000000  c_w.l(rtexit.o)
    0x08000290   0x00000000   Code   RO         1197    .ARM.Collect$$rtexit$$00000002  c_w.l(rtexit2.o)
    0x08000290   0x00000004   Code   RO         1198    .ARM.Collect$$rtexit$$00000003  c_w.l(rtexit2.o)
    0x08000294   0x00000006   Code   RO         1199    .ARM.Collect$$rtexit$$00000004  c_w.l(rtexit2.o)
    0x0800029a   0x00000002   PAD
    0x0800029c   0x00000044   Code   RO            4    .text               startup_stm32f429xx.o
    0x080002e0   0x00000002   Code   RO         1045    .text               c_w.l(use_no_semi_2.o)
    0x080002e2   0x00000002   PAD
    0x080002e4   0x00000018   Code   RO         1049    .text               c_w.l(noretval__2printf.o)
    0x080002fc   0x0000004e   Code   RO         1053    .text               c_w.l(_printf_pad.o)
    0x0800034a   0x00000002   PAD
    0x0800034c   0x00000078   Code   RO         1055    .text               c_w.l(_printf_dec.o)
    0x080003c4   0x00000058   Code   RO         1060    .text               c_w.l(_printf_hex_int.o)
    0x0800041c   0x00000138   Code   RO         1090    .text               c_w.l(__printf_flags_wp.o)
    0x08000554   0x00000006   Code   RO         1101    .text               c_w.l(heapauxi.o)
    0x0800055a   0x00000002   Code   RO         1105    .text               c_w.l(use_no_semi.o)
    0x0800055c   0x000000b2   Code   RO         1108    .text               c_w.l(_printf_intcommon.o)
    0x0800060e   0x00000002   PAD
    0x08000610   0x00000024   Code   RO         1110    .text               c_w.l(_printf_char_file.o)
    0x08000634   0x00000030   Code   RO         1128    .text               c_w.l(_printf_char_common.o)
    0x08000664   0x00000008   Code   RO         1130    .text               c_w.l(ferror.o)
    0x0800066c   0x0000004a   Code   RO         1134    .text               c_w.l(sys_stackheap_outer.o)
    0x080006b6   0x00000012   Code   RO         1138    .text               c_w.l(exit.o)
    0x080006c8   0x00000008   Code   RO         1146    .text               c_w.l(libspace.o)
    0x080006d0   0x000000c8   Code   RO          405    i.ETH_CheckFrameReceived  stm32f4x7_eth.o
    0x08000798   0x0000000c   Code   RO          407    i.ETH_DMAClearITPendingBit  stm32f4x7_eth.o
    0x080007a4   0x00000020   Code   RO          408    i.ETH_DMAITConfig   stm32f4x7_eth.o
    0x080007c4   0x00000024   Code   RO          409    i.ETH_DMAReceptionCmd  stm32f4x7_eth.o
    0x080007e8   0x00000064   Code   RO          410    i.ETH_DMARxDescChainInit  stm32f4x7_eth.o
    0x0800084c   0x00000024   Code   RO          412    i.ETH_DMATransmissionCmd  stm32f4x7_eth.o
    0x08000870   0x00000050   Code   RO          415    i.ETH_DMATxDescChainInit  stm32f4x7_eth.o
    0x080008c0   0x00000008   Code   RO          416    i.ETH_DMATxDescChecksumInsertionConfig  stm32f4x7_eth.o
    0x080008c8   0x00000028   Code   RO          421    i.ETH_DeInit        stm32f4x7_eth.o
    0x080008f0   0x0000001c   Code   RO          422    i.ETH_Delay         stm32f4x7_eth.o
    0x0800090c   0x00000014   Code   RO          424    i.ETH_FlushTransmitFIFO  stm32f4x7_eth.o
    0x08000920   0x0000000c   Code   RO          294    i.ETH_GetCurrentTxBuffer  lan8720.o
    0x0800092c   0x00000018   Code   RO          450    i.ETH_GetSoftwareResetStatus  stm32f4x7_eth.o
    0x08000944   0x0000005c   Code   RO          452    i.ETH_Get_Received_Frame  stm32f4x7_eth.o
    0x080009a0   0x0000009c   Code   RO          295    i.ETH_IRQHandler    lan8720.o
    0x08000a3c   0x0000029c   Code   RO          455    i.ETH_Init          stm32f4x7_eth.o
    0x08000cd8   0x00000034   Code   RO          457    i.ETH_MACAddressConfig  stm32f4x7_eth.o
    0x08000d0c   0x000000c0   Code   RO          296    i.ETH_MACDMA_Config  lan8720.o
    0x08000dcc   0x00000024   Code   RO          462    i.ETH_MACReceptionCmd  stm32f4x7_eth.o
    0x08000df0   0x00000024   Code   RO          463    i.ETH_MACTransmissionCmd  stm32f4x7_eth.o
    0x08000e14   0x0000003c   Code   RO          298    i.ETH_Mem_Malloc    lan8720.o
    0x08000e50   0x0000006c   Code   RO          475    i.ETH_ReadPHYRegister  stm32f4x7_eth.o
    0x08000ebc   0x00000014   Code   RO          483    i.ETH_SoftwareReset  stm32f4x7_eth.o
    0x08000ed0   0x00000020   Code   RO          484    i.ETH_Start         stm32f4x7_eth.o
    0x08000ef0   0x000000b2   Code   RO          485    i.ETH_StructInit    stm32f4x7_eth.o
    0x08000fa2   0x00000002   PAD
    0x08000fa4   0x00000068   Code   RO          300    i.ETH_Tx_Packet     lan8720.o
    0x0800100c   0x00000068   Code   RO          487    i.ETH_WritePHYRegister  stm32f4x7_eth.o
    0x08001074   0x00000040   Code   RO          137    i.GPIO_AF_Set       sys.o
    0x080010b4   0x000000de   Code   RO          138    i.GPIO_Set          sys.o
    0x08001192   0x00000002   PAD
    0x08001194   0x00000050   Code   RO          932    i.IIC_Ack           myiic.o
    0x080011e4   0x00000040   Code   RO          933    i.IIC_Init          myiic.o
    0x08001224   0x00000050   Code   RO          934    i.IIC_NAck          myiic.o
    0x08001274   0x0000006c   Code   RO          935    i.IIC_Read_Byte     myiic.o
    0x080012e0   0x00000068   Code   RO          936    i.IIC_Send_Byte     myiic.o
    0x08001348   0x0000004c   Code   RO          937    i.IIC_Start         myiic.o
    0x08001394   0x0000004c   Code   RO          938    i.IIC_Stop          myiic.o
    0x080013e0   0x00000060   Code   RO          939    i.IIC_Wait_Ack      myiic.o
    0x08001440   0x00000140   Code   RO          302    i.LAN8720_Init      lan8720.o
    0x08001580   0x00000078   Code   RO          141    i.MY_NVIC_Init      sys.o
    0x080015f8   0x00000028   Code   RO          142    i.MY_NVIC_PriorityGroupConfig  sys.o
    0x08001620   0x00000010   Code   RO          143    i.MY_NVIC_SetVectorTable  sys.o
    0x08001630   0x00000050   Code   RO          998    i.PCF8574_Init      pcf8574.o
    0x08001680   0x00000022   Code   RO         1000    i.PCF8574_ReadOneByte  pcf8574.o
    0x080016a2   0x00000026   Code   RO         1001    i.PCF8574_WriteBit  pcf8574.o
    0x080016c8   0x00000028   Code   RO         1002    i.PCF8574_WriteOneByte  pcf8574.o
    0x080016f0   0x00000068   Code   RO          144    i.Stm32_Clock_Init  sys.o
    0x08001758   0x0000010c   Code   RO          145    i.Sys_Clock_Set     sys.o
    0x08001864   0x00000080   Code   RO          235    i.USART1_IRQHandler  usart.o
    0x080018e4   0x0000000e   Code   RO         1088    i._is_digit         c_w.l(__printf_wp.o)
    0x080018f2   0x00000004   Code   RO          236    i._sys_exit         usart.o
    0x080018f6   0x00000002   PAD
    0x080018f8   0x00000204   Code   RO          303    i.anal_buff         lan8720.o
    0x08001afc   0x00000022   Code   RO          304    i.checksum          lan8720.o
    0x08001b1e   0x00000002   PAD
    0x08001b20   0x00000038   Code   RO           91    i.delay_init        delay.o
    0x08001b58   0x00000038   Code   RO           92    i.delay_ms          delay.o
    0x08001b90   0x0000003c   Code   RO           93    i.delay_us          delay.o
    0x08001bcc   0x0000003c   Code   RO           94    i.delay_xms         delay.o
    0x08001c08   0x0000001c   Code   RO          238    i.fputc             usart.o
    0x08001c24   0x0000007c   Code   RO          305    i.mac_init          lan8720.o
    0x08001ca0   0x00000108   Code   RO           13    i.main              test.o
    0x08001da8   0x00000100   Code   RO          239    i.uart_init         usart.o
    0x08001ea8   0x0000000a   Code   RO         1205    x$fpl$fpinit        fz_wm.l(fpinit.o)
    0x08001eb2   0x00000028   Data   RO         1061    .constdata          c_w.l(_printf_hex_int.o)
    0x08001eda   0x00000011   Data   RO         1091    .constdata          c_w.l(__printf_flags_wp.o)
    0x08001eeb   0x00000001   PAD
    0x08001eec   0x00000020   Data   RO         1267    Region$$Table       anon$$obj.o


    Execution Region RW_IRAM1 (Base: 0x20000000, Size: 0x00006f10, Max: 0x00030000, ABSOLUTE, COMPRESSED[0x00000090])

    Base Addr    Size         Type   Attr      Idx    E Section Name        Object

    0x20000000   0x000000a0   Data   RW           14    .data               test.o
    0x200000a0   0x00000004   Data   RW           95    .data               delay.o
    0x200000a4   0x00000006   Data   RW          241    .data               usart.o
    0x200000aa   0x00000002   PAD
    0x200000ac   0x000000ca   Data   RW          308    .data               lan8720.o
    0x20000176   0x00000002   PAD
    0x20000178   0x00000010   Data   RW          489    .data               stm32f4x7_eth.o
    0x20000188   0x000000c8   Zero   RW          240    .bss                usart.o
    0x20000250   0x00006450   Zero   RW          307    .bss                lan8720.o
    0x200066a0   0x0000000c   Zero   RW          488    .bss                stm32f4x7_eth.o
    0x200066ac   0x00000060   Zero   RW         1147    .bss                c_w.l(libspace.o)
    0x2000670c   0x00000004   PAD
    0x20006710   0x00000000   Zero   RW            2    HEAP                startup_stm32f429xx.o
    0x20006710   0x00000800   Zero   RW            1    STACK               startup_stm32f429xx.o


==============================================================================

Image component sizes


      Code (inc. data)   RO Data    RW Data    ZI Data      Debug   Object Name

       232         18          0          4          0       2507   delay.o
      1518        178          0        202      25680       7607   lan8720.o
       684        112          0          0          0       4402   myiic.o
       192         10          0          0          0       2359   pcf8574.o
        68         24        428          0       2048        872   startup_stm32f429xx.o
      1942        180          0         16         12      14806   stm32f4x7_eth.o
       834         44          0          0          0       5182   sys.o
       264         58          0        160          0     314755   test.o
       416         34          0          6        200       4360   usart.o

    ----------------------------------------------------------------------
      6158        658        460        392      27940     356850   Object Totals
         0          0         32          0          0          0   (incl. Generated)
         8          0          0          4          0          0   (incl. Padding)

    ----------------------------------------------------------------------

      Code (inc. data)   RO Data    RW Data    ZI Data      Debug   Library Member Name

        90          0          0          0          0          0   __dczerorl2.o
         8          0          0          0          0         68   __main.o
       312          4         17          0          0         92   __printf_flags_wp.o
        14          0          0          0          0         68   __printf_wp.o
         0          0          0          0          0          0   __rtentry.o
        12          0          0          0          0          0   __rtentry2.o
         6          0          0          0          0          0   __rtentry4.o
        52          8          0          0          0          0   __scatter.o
        28          0          0          0          0          0   __scatter_zi.o
        48          6          0          0          0         96   _printf_char_common.o
        36          4          0          0          0         80   _printf_char_file.o
         6          0          0          0          0          0   _printf_d.o
       120         16          0          0          0         92   _printf_dec.o
        88          4         40          0          0         88   _printf_hex_int.o
       178          0          0          0          0         88   _printf_intcommon.o
        78          0          0          0          0        108   _printf_pad.o
         0          0          0          0          0          0   _printf_percent.o
         4          0          0          0          0          0   _printf_percent_end.o
         6          0          0          0          0          0   _printf_x.o
        18          0          0          0          0         80   exit.o
         8          0          0          0          0         68   ferror.o
         6          0          0          0          0        152   heapauxi.o
         2          0          0          0          0          0   libinit.o
         6          0          0          0          0          0   libinit2.o
         2          0          0          0          0          0   libshutdown.o
         2          0          0          0          0          0   libshutdown2.o
         8          4          0          0         96         68   libspace.o
        24          4          0          0          0         84   noretval__2printf.o
         2          0          0          0          0          0   rtexit.o
        10          0          0          0          0          0   rtexit2.o
        74          0          0          0          0         80   sys_stackheap_outer.o
         2          0          0          0          0         68   use_no_semi.o
         2          0          0          0          0         68   use_no_semi_2.o
        10          0          0          0          0        116   fpinit.o

    ----------------------------------------------------------------------
      1272         50         58          0        100       1564   Library Totals
        10          0          1          0          4          0   (incl. Padding)

    ----------------------------------------------------------------------

      Code (inc. data)   RO Data    RW Data    ZI Data      Debug   Library Name

      1252         50         57          0         96       1448   c_w.l
        10          0          0          0          0        116   fz_wm.l

    ----------------------------------------------------------------------
      1272         50         58          0        100       1564   Library Totals

    ----------------------------------------------------------------------

==============================================================================


      Code (inc. data)   RO Data    RW Data    ZI Data      Debug   

      7430        708        518        392      28040     352338   Grand Totals
      7430        708        518        144      28040     352338   ELF Image Totals (compressed)
      7430        708        518        144          0          0   ROM Totals

==============================================================================

    Total RO  Size (Code + RO Data)                 7948 (   7.76kB)
    Total RW  Size (RW Data + ZI Data)             28432 (  27.77kB)
    Total ROM Size (Code + RO Data + RW Data)       8092 (   7.90kB)

==============================================================================

