<html>
<body>
<pre>
<h1>µVision Build Log</h1>
<h2>Tool Versions:</h2>
IDE-Version: ¦ÌVision V5.21.1.0
Copyright (C) 2016 ARM Ltd and ARM Germany GmbH. All rights reserved.
License Information: w Microsoft, Microsoft, LIC=2TTQD-87RJQ-VJK6J-U4S7L-T85HU-SUF4U
 
Tool Versions:
Toolchain:       MDK-ARM Professional  Version: 5.21a
Toolchain Path:  D:\Program Files (x86)\Keil_v5\ARM\ARMCC\Bin
C Compiler:      Armcc.exe V5.06 update 3 (build 300)
Assembler:       Armasm.exe V5.06 update 3 (build 300)
Linker/Locator:  ArmLink.exe V5.06 update 3 (build 300)
Library Manager: ArmAr.exe V5.06 update 3 (build 300)
Hex Converter:   FromElf.exe V5.06 update 3 (build 300)
CPU DLL:         SARMCM3.DLL V5.21a
Dialog DLL:      DCM.DLL V1.13.8.0
Target DLL:      STLink\ST-LINKIII-KEIL_SWO.dll V2.0.18.0
Dialog DLL:      TCM.DLL V1.14.14.0
 
<h2>Project:</h2>
C:\Users\Administrator\Desktop\STM32F4ÍøÂç»ù´¡´úÂë\USER\test.uvprojx
Project File Date:  08/28/2018

<h2>Output:</h2>
*** Using Compiler 'V5.06 update 3 (build 300)', folder: 'D:\Program Files (x86)\Keil_v5\ARM\ARMCC\Bin'
Build target 'Target 1'
compiling test.c...
test.c(47): warning:  #223-D: function "PCF8574_Init" declared implicitly
  	PCF8574_Init();
test.c(48): warning:  #223-D: function "LAN8720_Init" declared implicitly
  	LAN8720_Init();
test.c(50): warning:  #223-D: function "ETH_Mem_Malloc" declared implicitly
  	ETH_Mem_Malloc();
test.c(51): warning:  #223-D: function "mac_init" declared implicitly
  	mac_init();
test.c(79): warning:  #223-D: function "ETH_GetCurrentTxBuffer" declared implicitly
  		buffer=(u8 *)ETH_GetCurrentTxBuffer(); 
test.c(83): warning:  #223-D: function "ETH_Tx_Packet" declared implicitly
  		ret = ETH_Tx_Packet(sizeof(tcp_buf));
test.c: 6 warnings, 0 errors
linking...
Program Size: Code=7430 RO-data=518 RW-data=392 ZI-data=28040  
FromELF: creating hex file...
"..\OBJ\test.axf" - 0 Error(s), 6 Warning(s).

<h2>Collection of Component include folders:</h2>
  C:\Users\Administrator\Desktop\STM32F4ÍøÂç»ù´¡´úÂë\USER\RTE
  D:\Program Files (x86)\Keil_v5\ARM\PACK\Keil\STM32F4xx_DFP\2.13.0\Drivers\CMSIS\Device\ST\STM32F4xx\Include

<h2>Collection of Component Files used:</h2>
Build Time Elapsed:  00:00:01
</pre>
</body>
</html>
