ARM Linker, 4.1 [Build 481] [Standard]

==============================================================================

Section Cross References

    startup_stm32f10x_hd.o(RESET) refers to startup_stm32f10x_hd.o(STACK) for __initial_sp
    startup_stm32f10x_hd.o(RESET) refers to startup_stm32f10x_hd.o(.text) for Reset_Handler
    startup_stm32f10x_hd.o(RESET) refers to stm32f10x_it.o(.text) for NMI_Handler
    startup_stm32f10x_hd.o(RESET) refers to context_rvds.o(.text) for HardFault_Handler
    startup_stm32f10x_hd.o(RESET) refers to board.o(.text) for SysTick_Handler
    startup_stm32f10x_hd.o(RESET) refers to enc28j60.o(.text) for EXTI1_IRQHandler
    startup_stm32f10x_hd.o(RESET) refers to key_input.o(.text) for EXTI3_IRQHandler
    startup_stm32f10x_hd.o(RESET) refers to timer2.o(.text) for TIM2_IRQHandler
    startup_stm32f10x_hd.o(RESET) refers to usart.o(.text) for USART1_IRQHandler
    startup_stm32f10x_hd.o(RESET) refers to address_485.o(.text) for USART2_IRQHandler
    startup_stm32f10x_hd.o(.text) refers to system_stm32f10x.o(.text) for SystemInit
    startup_stm32f10x_hd.o(.text) refers to entry.o(.ARM.Collect$$$$00000000) for __main
    context_rvds.o(.text) refers to cpuport.o(.text) for rt_hw_hard_fault_exception
    context_rvds.o(.text) refers to cpuport.o(.data) for rt_thread_switch_interrupt_flag
    cpuport.o(.text) refers to kservice.o(.text) for rt_kprintf
    cpuport.o(.text) refers to thread.o(.text) for rt_thread_self
    cpuport.o(.text) refers to cmd.o(.text) for list_thread
    cpuport.o(.text) refers to cpuport.o(.data) for rt_exception_hook
    cpuport.o(.text) refers to cpuport.o(.constdata) for __FUNCTION__
    showmem.o(.text) refers to kservice.o(.text) for rt_kprintf
    showmem.o(.text) refers to showmem.o(.constdata) for __FUNCTION__
    startup.o(.text) refers to kservice.o(.text) for rt_kprintf
    startup.o(.text) refers to board.o(.text) for rt_hw_board_init
    startup.o(.text) refers to mem.o(.text) for rt_system_heap_init
    startup.o(.text) refers to scheduler.o(.text) for rt_system_scheduler_init
    startup.o(.text) refers to timer.o(.text) for rt_system_timer_init
    startup.o(.text) refers to application.o(.text) for rt_application_init
    startup.o(.text) refers to shell.o(.text) for finsh_system_init
    startup.o(.text) refers to idle.o(.text) for rt_thread_idle_init
    startup.o(.text) refers to context_rvds.o(.text) for rt_hw_interrupt_disable
    application.o(.text) refers to key_input.o(.text) for rt_handle_key_input
    application.o(.text) refers to kservice.o(.text) for rt_kprintf
    application.o(.text) refers to thread.o(.text) for rt_thread_delay
    application.o(.text) refers to led.o(.text) for rt_hw_led_init
    application.o(.text) refers to printf6.o(i.__0sprintf$6) for __2sprintf
    application.o(.text) refers to oled.o(.text) for OLED_Print
    application.o(.text) refers to components.o(.text) for rt_components_init
    application.o(.text) refers to shell.o(.text) for finsh_set_device
    application.o(.text) refers to ethernetif.o(.text) for eth_system_device_init
    application.o(.text) refers to enc28j60.o(.text) for rt_hw_stm32_eth_init
    application.o(.text) refers to sys_arch.o(.text) for lwip_sys_init
    application.o(.text) refers to tcpserver.o(.text) for tcpserv
    application.o(.text) refers to timer2.o(.text) for TIM2_Init
    application.o(.text) refers to address_485.o(.text) for rt_hw_address_485_init
    application.o(.text) refers to dsp_reset.o(.text) for rt_dsp_reset_gpio_init
    application.o(.text) refers to iic_eeprom.o(.text) for eeprom_Init
    application.o(.text) refers to spi_instruction.o(.text) for SPI_DSP_Init
    application.o(.text) refers to tftp.o(.text) for stm_dsp_code
    application.o(.text) refers to pcm4104.o(.text) for hal_pcm4104_i2s_mode
    application.o(.text) refers to protocol.o(.text) for test_big_little_edian
    application.o(.text) refers to file.o(.text) for file_read
    application.o(.text) refers to application.o(.data) for g_i_have_key_pressed
    application.o(.text) refers to application.o(.bss) for oled_buf
    application.o(.text) refers to rs485_task.o(.bss) for rs485_stack
    application.o(.text) refers to rs485_task.o(.text) for rs485_thread_entry
    application.o(.text) refers to spi_task.o(.bss) for spi_stack
    application.o(.text) refers to spi_task.o(.text) for spi_thread_entry
    echo.o(.text) refers to ipc.o(.text) for rt_mq_send
    echo.o(.text) refers to kservice.o(.text) for rt_kprintf
    echo.o(.text) refers to device.o(.text) for rt_device_find
    echo.o(.text) refers to thread.o(.text) for rt_thread_create
    echo.o(.text) refers to echo.o(.bss) for rx_mq
    tcpserver.o(.text) refers to irq.o(.text) for rt_interrupt_enter
    tcpserver.o(.text) refers to sockets.o(.text) for lwip_socket
    tcpserver.o(.text) refers to kservice.o(.text) for rt_kprintf
    tcpserver.o(.text) refers to def.o(.text) for lwip_htons
[...]
    finsh_parser_init                        0x080108e9   Thumb Code    16  finsh_parser.o(.text)
    finsh_token_init                         0x080108f9   Thumb Code    20  finsh_token.o(.text)
    token_get_string                         0x08010ce9   Thumb Code   120  finsh_token.o(.text)
    finsh_token_token                        0x08010f21   Thumb Code    24  finsh_token.o(.text)
    finsh_token_get_token                    0x08010f39   Thumb Code    20  finsh_token.o(.text)
    finsh_var_init                           0x08010f51   Thumb Code    14  finsh_var.o(.text)
    finsh_var_insert                         0x08010f5f   Thumb Code   112  finsh_var.o(.text)
    finsh_var_delete                         0x08010fcf   Thumb Code    68  finsh_var.o(.text)
    finsh_var_lookup                         0x08011013   Thumb Code    58  finsh_var.o(.text)
    finsh_sysvar_append                      0x0801104d   Thumb Code    62  finsh_var.o(.text)
    finsh_sysvar_lookup                      0x0801108b   Thumb Code    78  finsh_var.o(.text)
    finsh_vm_run                             0x080110e9   Thumb Code    62  finsh_vm.o(.text)
    finsh_syscall_append                     0x08011127   Thumb Code    54  finsh_vm.o(.text)
    finsh_syscall_lookup                     0x0801115d   Thumb Code    78  finsh_vm.o(.text)
    finsh_set_device                         0x080111fb   Thumb Code   130  shell.o(.text)
    finsh_get_device                         0x0801127d   Thumb Code    40  shell.o(.text)
    finsh_set_echo                           0x080112a5   Thumb Code    42  shell.o(.text)
    finsh_get_echo                           0x080112cf   Thumb Code    44  shell.o(.text)
    finsh_run_line                           0x08011317   Thumb Code   150  shell.o(.text)
    finsh_thread_entry                       0x08011467   Thumb Code  1566  shell.o(.text)
    finsh_system_function_init               0x08011a85   Thumb Code    10  shell.o(.text)
    finsh_system_var_init                    0x08011a8f   Thumb Code    10  shell.o(.text)
    finsh_system_init                        0x08011a99   Thumb Code   118  shell.o(.text)
    dfs_init                                 0x08011b65   Thumb Code    46  dfs.o(.text)
    dfs_lock                                 0x08011b93   Thumb Code    40  dfs.o(.text)
    dfs_unlock                               0x08011bbb   Thumb Code    10  dfs.o(.text)
    fd_new                                   0x08011bc5   Thumb Code    62  dfs.o(.text)
    fd_get                                   0x08011c03   Thumb Code    58  dfs.o(.text)
    fd_put                                   0x08011c3d   Thumb Code    58  dfs.o(.text)
    dfs_normalize_path                       0x08011c77   Thumb Code   368  dfs.o(.text)
    fd_is_open                               0x08011de7   Thumb Code   148  dfs.o(.text)
    dfs_subdir                               0x08011e7b   Thumb Code    56  dfs.o(.text)
    dfs_file_open                            0x08011f55   Thumb Code   220  dfs_file.o(.text)
    dfs_file_close                           0x08012031   Thumb Code    56  dfs_file.o(.text)
    dfs_file_ioctl                           0x08012069   Thumb Code    52  dfs_file.o(.text)
    dfs_file_read                            0x0801209d   Thumb Code    68  dfs_file.o(.text)
    dfs_file_getdents                        0x080120e1   Thumb Code    54  dfs_file.o(.text)
    dfs_file_unlink                          0x08012117   Thumb Code   148  dfs_file.o(.text)
    dfs_file_write                           0x080121ab   Thumb Code    48  dfs_file.o(.text)
    dfs_file_flush                           0x080121db   Thumb Code    36  dfs_file.o(.text)
    dfs_file_lseek                           0x080121ff   Thumb Code    54  dfs_file.o(.text)
    dfs_file_stat                            0x08012235   Thumb Code   188  dfs_file.o(.text)
    dfs_file_rename                          0x080122f1   Thumb Code   176  dfs_file.o(.text)
    ls                                       0x080123a1   Thumb Code   212  dfs_file.o(.text)
    rm                                       0x08012475   Thumb Code    24  dfs_file.o(.text)
    cat                                      0x0801248d   Thumb Code    80  dfs_file.o(.text)
    copy                                     0x080126a3   Thumb Code   634  dfs_file.o(.text)
    dfs_register                             0x0801291d   Thumb Code    76  dfs_fs.o(.text)
    dfs_filesystem_lookup                    0x08012969   Thumb Code   128  dfs_fs.o(.text)
    dfs_filesystem_get_mounted_path          0x080129e9   Thumb Code    52  dfs_fs.o(.text)
    dfs_filesystem_get_partition             0x08012a1d   Thumb Code   230  dfs_fs.o(.text)
    dfs_mount                                0x08012b03   Thumb Code   400  dfs_fs.o(.text)
    dfs_unmount                              0x08012c93   Thumb Code   318  dfs_fs.o(.text)
    dfs_mkfs                                 0x08012dd1   Thumb Code   138  dfs_fs.o(.text)
    dfs_statfs                               0x08012e5b   Thumb Code    40  dfs_fs.o(.text)
    mkfs                                     0x08012e83   Thumb Code    16  dfs_fs.o(.text)
    df                                       0x08012e93   Thumb Code    60  dfs_fs.o(.text)
    open                                     0x08012f51   Thumb Code    94  dfs_posix.o(.text)
    close                                    0x08012faf   Thumb Code    68  dfs_posix.o(.text)
    read                                     0x08012ff3   Thumb Code    80  dfs_posix.o(.text)
    write                                    0x08013043   Thumb Code    80  dfs_posix.o(.text)
    lseek                                    0x08013093   Thumb Code   138  dfs_posix.o(.text)
    unlink                                   0x0801311d   Thumb Code    32  dfs_posix.o(.text)
    stat                                     0x0801313d   Thumb Code    36  dfs_posix.o(.text)
    fstat                                    0x08013161   Thumb Code    88  dfs_posix.o(.text)
    statfs                                   0x080131b9   Thumb Code    36  dfs_posix.o(.text)
    mkdir                                    0x080131dd   Thumb Code    92  dfs_posix.o(.text)
    rmdir                                    0x08013239   Thumb Code    32  dfs_posix.o(.text)
    opendir                                  0x08013259   Thumb Code   130  dfs_posix.o(.text)
    readdir                                  0x080132db   Thumb Code   132  dfs_posix.o(.text)
    telldir                                  0x0801335f   Thumb Code    50  dfs_posix.o(.text)
    seekdir                                  0x08013391   Thumb Code    58  dfs_posix.o(.text)
    rewinddir                                0x080133cb   Thumb Code    56  dfs_posix.o(.text)
    closedir                                 0x08013403   Thumb Code    74  dfs_posix.o(.text)
    getcwd                                   0x0801344d   Thumb Code    16  dfs_posix.o(.text)
    lwip_htons                               0x0801348d   Thumb Code    12  def.o(.text)
    lwip_ntohs                               0x08013499   Thumb Code    12  def.o(.text)
    lwip_htonl                               0x080134a5   Thumb Code    26  def.o(.text)
    lwip_ntohl                               0x080134bf   Thumb Code    12  def.o(.text)
    dns_setserver                            0x080134cd   Thumb Code    28  dns.o(.text)
    dns_init                                 0x080136cb   Thumb Code    82  dns.o(.text)
    dns_getserver                            0x0801371d   Thumb Code    20  dns.o(.text)
    dns_tmr                                  0x08013a6b   Thumb Code    18  dns.o(.text)
    dns_gethostbyname                        0x08013bc1   Thumb Code    86  dns.o(.text)
    lwip_init                                0x08013c49   Thumb Code    36  init.o(.text)
    netif_init                               0x08013c6d   Thumb Code     2  netif.o(.text)
    netif_set_gw                             0x08013c6f   Thumb Code    16  netif.o(.text)
    netif_set_netmask                        0x08013c7f   Thumb Code    16  netif.o(.text)
    netif_set_ipaddr                         0x08013c8f   Thumb Code   122  netif.o(.text)
    netif_set_addr                           0x08013d09   Thumb Code    40  netif.o(.text)
    netif_add                                0x08013d31   Thumb Code   166  netif.o(.text)
    netif_set_default                        0x08013dd7   Thumb Code    10  netif.o(.text)
    netif_set_down                           0x08013de1   Thumb Code    42  netif.o(.text)
    netif_remove                             0x08013e0b   Thumb Code   110  netif.o(.text)
    netif_find                               0x08013e79   Thumb Code    72  netif.o(.text)
    netif_set_up                             0x08013ec1   Thumb Code    70  netif.o(.text)
    netif_set_link_up                        0x08013f07   Thumb Code    70  netif.o(.text)
    netif_set_link_down                      0x08013f4d   Thumb Code    24  netif.o(.text)
    pbuf_free                                0x0801402d   Thumb Code   224  pbuf.o(.text)
    pbuf_alloc                               0x0801410d   Thumb Code  1110  pbuf.o(.text)
    pbuf_realloc                             0x08014563   Thumb Code   252  pbuf.o(.text)
    pbuf_header                              0x0801465f   Thumb Code   214  pbuf.o(.text)
    pbuf_clen                                0x08014735   Thumb Code    18  pbuf.o(.text)
    pbuf_ref                                 0x08014747   Thumb Code    26  pbuf.o(.text)
    pbuf_cat                                 0x08014761   Thumb Code   136  pbuf.o(.text)
    pbuf_chain                               0x080147e9   Thumb Code    26  pbuf.o(.text)
    pbuf_dechain                             0x08014803   Thumb Code   130  pbuf.o(.text)
    pbuf_copy                                0x08014885   Thumb Code   820  pbuf.o(.text)
    pbuf_copy_partial                        0x08014bb9   Thumb Code   190  pbuf.o(.text)
    pbuf_take                                0x08014c77   Thumb Code   210  pbuf.o(.text)
    pbuf_coalesce                            0x08014d49   Thumb Code    84  pbuf.o(.text)
    pbuf_get_at                              0x08014d9d   Thumb Code    46  pbuf.o(.text)
    pbuf_memcmp                              0x08014dcb   Thumb Code    96  pbuf.o(.text)
    pbuf_memfind                             0x08014e2b   Thumb Code    76  pbuf.o(.text)
    pbuf_strstr                              0x08014e77   Thumb Code    60  pbuf.o(.text)
    raw_input                                0x08014f9d   Thumb Code   102  raw.o(.text)
    raw_bind                                 0x08015003   Thumb Code    16  raw.o(.text)
    raw_connect                              0x08015013   Thumb Code    16  raw.o(.text)
    raw_recv                                 0x08015023   Thumb Code     6  raw.o(.text)
    raw_sendto                               0x08015029   Thumb Code   188  raw.o(.text)
    raw_send                                 0x080150e5   Thumb Code    18  raw.o(.text)
    raw_remove                               0x080150f7   Thumb Code    58  raw.o(.text)
    raw_new                                  0x08015131   Thumb Code    48  raw.o(.text)
    tcp_init                                 0x080151b1   Thumb Code     2  tcp.o(.text)
    tcp_seg_free                             0x080151b3   Thumb Code    24  tcp.o(.text)
    tcp_segs_free                            0x080151cb   Thumb Code    24  tcp.o(.text)
    tcp_pcb_purge                            0x080151e3   Thumb Code   104  tcp.o(.text)
    tcp_slowtmr                              0x0801524b   Thumb Code  1470  tcp.o(.text)
    tcp_pcb_remove                           0x08015809   Thumb Code   222  tcp.o(.text)
    tcp_close                                0x08015aa9   Thumb Code    28  tcp.o(.text)
    tcp_update_rcv_ann_wnd                   0x08015ac5   Thumb Code   106  tcp.o(.text)
    tcp_recved                               0x08015b2f   Thumb Code   406  tcp.o(.text)
    tcp_recv_null                            0x08015cc5   Thumb Code    46  tcp.o(.text)
    tcp_process_refused_data                 0x08015cf3   Thumb Code   150  tcp.o(.text)
    tcp_fasttmr                              0x08015d89   Thumb Code   114  tcp.o(.text)
    tcp_tmr                                  0x08015dfb   Thumb Code    30  tcp.o(.text)
    tcp_shutdown                             0x08015e19   Thumb Code    98  tcp.o(.text)
    tcp_abandon                              0x08015e7b   Thumb Code   174  tcp.o(.text)
    tcp_abort                                0x08015f29   Thumb Code    14  tcp.o(.text)
    tcp_bind                                 0x08015f97   Thumb Code   168  tcp.o(.text)
    tcp_listen_with_backlog                  0x08016047   Thumb Code   220  tcp.o(.text)
    tcp_eff_send_mss                         0x08016123   Thumb Code    46  tcp.o(.text)
    tcp_next_iss                             0x08016151   Thumb Code    20  tcp.o(.text)
    tcp_connect                              0x08016165   Thumb Code   586  tcp.o(.text)
    tcp_setprio                              0x080163af   Thumb Code     4  tcp.o(.text)
    tcp_seg_copy                             0x080163b3   Thumb Code    40  tcp.o(.text)
    tcp_alloc                                0x08016461   Thumb Code   210  tcp.o(.text)
    tcp_new                                  0x08016533   Thumb Code    10  tcp.o(.text)
    tcp_arg                                  0x0801653d   Thumb Code     4  tcp.o(.text)
    tcp_recv                                 0x08016541   Thumb Code    44  tcp.o(.text)
    tcp_sent                                 0x0801656d   Thumb Code    42  tcp.o(.text)
    tcp_err                                  0x08016597   Thumb Code    44  tcp.o(.text)
    tcp_accept                               0x080165c3   Thumb Code     4  tcp.o(.text)
    tcp_poll                                 0x080165c7   Thumb Code    50  tcp.o(.text)
    tcp_debug_state_str                      0x080165f9   Thumb Code    10  tcp.o(.text)
    tcp_input                                0x08017db5   Thumb Code  1636  tcp_in.o(.text)
    tcp_enqueue_flags                        0x08018591   Thumb Code   430  tcp_out.o(.text)
    tcp_send_fin                             0x0801873f   Thumb Code    74  tcp_out.o(.text)
    tcp_write                                0x080189ed   Thumb Code  1750  tcp_out.o(.text)
    tcp_send_empty_ack                       0x080190c3   Thumb Code   104  tcp_out.o(.text)
    tcp_output                               0x08019211   Thumb Code   708  tcp_out.o(.text)
    tcp_rst                                  0x080194d5   Thumb Code   178  tcp_out.o(.text)
    tcp_rexmit_rto                           0x08019587   Thumb Code    58  tcp_out.o(.text)
    tcp_rexmit                               0x080195c1   Thumb Code    90  tcp_out.o(.text)
    tcp_rexmit_fast                          0x0801961b   Thumb Code   120  tcp_out.o(.text)
    tcp_keepalive                            0x08019693   Thumb Code   102  tcp_out.o(.text)
    tcp_zero_window_probe                    0x080196f9   Thumb Code   202  tcp_out.o(.text)
    sys_timeout                              0x080197c5   Thumb Code   176  timers.o(.text)
    tcp_timer_needed                         0x0801989d   Thumb Code    38  timers.o(.text)
    sys_timeouts_init                        0x0801990f   Thumb Code    38  timers.o(.text)
    sys_untimeout                            0x08019935   Thumb Code    88  timers.o(.text)
    sys_timeouts_mbox_fetch                  0x0801998d   Thumb Code   130  timers.o(.text)
    udp_init                                 0x08019a91   Thumb Code     2  udp.o(.text)
    udp_input                                0x08019ae3   Thumb Code   506  udp.o(.text)
    udp_bind                                 0x08019cdd   Thumb Code   172  udp.o(.text)
    udp_sendto_if                            0x08019d89   Thumb Code   476  udp.o(.text)
    udp_sendto                               0x08019f65   Thumb Code    72  udp.o(.text)
    udp_send                                 0x08019fad   Thumb Code    20  udp.o(.text)
    udp_connect                              0x08019fc1   Thumb Code    98  udp.o(.text)
    udp_disconnect                           0x0801a023   Thumb Code    16  udp.o(.text)
    udp_recv                                 0x0801a033   Thumb Code     6  udp.o(.text)
    udp_remove                               0x0801a039   Thumb Code    58  udp.o(.text)
    udp_new                                  0x0801a073   Thumb Code    30  udp.o(.text)
    netconn_new_with_proto_and_callback      0x0801a099   Thumb Code   198  api_lib.o(.text)
    netconn_delete                           0x0801a15f   Thumb Code    36  api_lib.o(.text)
    netconn_getaddr                          0x0801a183   Thumb Code   162  api_lib.o(.text)
    netconn_bind                             0x0801a225   Thumb Code    98  api_lib.o(.text)
    netconn_connect                          0x0801a287   Thumb Code    98  api_lib.o(.text)
    netconn_disconnect                       0x0801a2e9   Thumb Code    84  api_lib.o(.text)
    netconn_listen_with_backlog              0x0801a33d   Thumb Code    86  api_lib.o(.text)
    netconn_accept                           0x0801a393   Thumb Code   746  api_lib.o(.text)
    netconn_recv_tcp_pbuf                    0x0801a7ed   Thumb Code    56  api_lib.o(.text)
    netconn_recv                             0x0801a825   Thumb Code   264  api_lib.o(.text)
    netconn_recved                           0x0801a92d   Thumb Code    46  api_lib.o(.text)
    netconn_send                             0x0801a95b   Thumb Code    96  api_lib.o(.text)
    netconn_sendto                           0x0801a9bb   Thumb Code    44  api_lib.o(.text)
    netconn_write_partly                     0x0801a9e7   Thumb Code   460  api_lib.o(.text)
    netconn_close                            0x0801ac11   Thumb Code    14  api_lib.o(.text)
    netconn_shutdown                         0x0801ac1f   Thumb Code    36  api_lib.o(.text)
    netconn_join_leave_group                 0x0801ac43   Thumb Code   106  api_lib.o(.text)
    netconn_gethostbyname                    0x0801acad   Thumb Code   142  api_lib.o(.text)
    netconn_free                             0x0801b7b5   Thumb Code   432  api_msg.o(.text)
    netconn_alloc                            0x0801b965   Thumb Code   174  api_msg.o(.text)
    do_newconn                               0x0801bb73   Thumb Code    32  api_msg.o(.text)
    do_delconn                               0x0801bc57   Thumb Code   590  api_msg.o(.text)
    do_bind                                  0x0801bea5   Thumb Code   116  api_msg.o(.text)
    do_connect                               0x0801bfe9   Thumb Code   230  api_msg.o(.text)
    do_disconnect                            0x0801c0cf   Thumb Code    46  api_msg.o(.text)
    do_listen                                0x0801c0fd   Thumb Code   198  api_msg.o(.text)
    do_send                                  0x0801c1c3   Thumb Code   166  api_msg.o(.text)
    do_recv                                  0x0801c269   Thumb Code    72  api_msg.o(.text)
    do_write                                 0x0801c2b1   Thumb Code   322  api_msg.o(.text)
    do_getaddr                               0x0801c3f3   Thumb Code   200  api_msg.o(.text)
    do_close                                 0x0801c4bb   Thumb Code   182  api_msg.o(.text)
    do_join_leave_group                      0x0801c571   Thumb Code    92  api_msg.o(.text)
    do_gethostbyname                         0x0801c61b   Thumb Code    40  api_msg.o(.text)
    netbuf_new                               0x0801c689   Thumb Code    32  netbuf.o(.text)
    netbuf_delete                            0x0801c6a9   Thumb Code    30  netbuf.o(.text)
    netbuf_alloc                             0x0801c6c7   Thumb Code   104  netbuf.o(.text)
    netbuf_free                              0x0801c72f   Thumb Code    50  netbuf.o(.text)
    netbuf_ref                               0x0801c761   Thumb Code    92  netbuf.o(.text)
    netbuf_chain                             0x0801c7bd   Thumb Code    80  netbuf.o(.text)
    netbuf_data                              0x0801c80d   Thumb Code   124  netbuf.o(.text)
    netbuf_next                              0x0801c889   Thumb Code    66  netbuf.o(.text)
    netbuf_first                             0x0801c8cb   Thumb Code    38  netbuf.o(.text)
    do_netifapi_netif_add                    0x0801ca15   Thumb Code    44  netifapi.o(.text)
    do_netifapi_netif_set_addr               0x0801ca41   Thumb Code    26  netifapi.o(.text)
    do_netifapi_netif_common                 0x0801ca5b   Thumb Code    36  netifapi.o(.text)
    netifapi_netif_add                       0x0801ca7f   Thumb Code    64  netifapi.o(.text)
    netifapi_netif_set_addr                  0x0801cabf   Thumb Code    40  netifapi.o(.text)
    netifapi_netif_common                    0x0801cae7   Thumb Code    36  netifapi.o(.text)
    lwip_socket_init                         0x0801cb0d   Thumb Code     2  sockets.o(.text)
    lwip_accept                              0x0801cdd1   Thumb Code   662  sockets.o(.text)
    lwip_bind                                0x0801d067   Thumb Code   208  sockets.o(.text)
    lwip_close                               0x0801d137   Thumb Code   102  sockets.o(.text)
    lwip_connect                             0x0801d19d   Thumb Code   228  sockets.o(.text)
    lwip_listen                              0x0801d281   Thumb Code   162  sockets.o(.text)
    lwip_recvfrom                            0x0801d323   Thumb Code   852  sockets.o(.text)
    lwip_read                                0x0801d677   Thumb Code    26  sockets.o(.text)
    lwip_recv                                0x0801d691   Thumb Code    34  sockets.o(.text)
    lwip_sendto                              0x0801d6b3   Thumb Code   292  sockets.o(.text)
    lwip_send                                0x0801d7d7   Thumb Code   164  sockets.o(.text)
    lwip_socket                              0x0801d87b   Thumb Code   328  sockets.o(.text)
    lwip_write                               0x0801d9c3   Thumb Code    22  sockets.o(.text)
    lwip_select                              0x0801db55   Thumb Code   950  sockets.o(.text)
    lwip_shutdown                            0x0801df0b   Thumb Code   194  sockets.o(.text)
    lwip_getpeername                         0x0801e057   Thumb Code    22  sockets.o(.text)
    lwip_getsockname                         0x0801e06d   Thumb Code    22  sockets.o(.text)
    lwip_getsockopt                          0x0801e34b   Thumb Code   436  sockets.o(.text)
    lwip_setsockopt                          0x0801e767   Thumb Code   462  sockets.o(.text)
    lwip_ioctl                               0x0801e935   Thumb Code   134  sockets.o(.text)
    lwip_fcntl                               0x0801e9bb   Thumb Code   126  sockets.o(.text)
    tcpip_input                              0x0801eb41   Thumb Code    72  tcpip.o(.text)
    tcpip_callback_with_block                0x0801eb89   Thumb Code    90  tcpip.o(.text)
    tcpip_timeout                            0x0801ebe3   Thumb Code    66  tcpip.o(.text)
    tcpip_untimeout                          0x0801ec25   Thumb Code    58  tcpip.o(.text)
    tcpip_apimsg                             0x0801ec5f   Thumb Code    60  tcpip.o(.text)
    tcpip_netifapi                           0x0801ec9b   Thumb Code    76  tcpip.o(.text)
    tcpip_callbackmsg_new                    0x0801ece7   Thumb Code    34  tcpip.o(.text)
    tcpip_callbackmsg_delete                 0x0801ed09   Thumb Code    12  tcpip.o(.text)
    tcpip_trycallback                        0x0801ed15   Thumb Code    28  tcpip.o(.text)
    tcpip_init                               0x0801ed31   Thumb Code    72  tcpip.o(.text)
    pbuf_free_callback                       0x0801ed87   Thumb Code    16  tcpip.o(.text)
    mem_free_callback                        0x0801ed97   Thumb Code    16  tcpip.o(.text)
    icmp_input                               0x0801ee45   Thumb Code   530  icmp.o(.text)
    icmp_dest_unreach                        0x0801f0fb   Thumb Code    18  icmp.o(.text)
    igmp_init                                0x0801f24d   Thumb Code    18  igmp.o(.text)
    igmp_dump_group_list                     0x0801f25f   Thumb Code    30  igmp.o(.text)
    igmp_lookfor_group                       0x0801f27d   Thumb Code    40  igmp.o(.text)
    igmp_start                               0x0801f2fb   Thumb Code    66  igmp.o(.text)
    igmp_stop                                0x0801f33d   Thumb Code    88  igmp.o(.text)
    igmp_report_groups                       0x0801f3dd   Thumb Code    36  igmp.o(.text)
    igmp_input                               0x0801f443   Thumb Code   312  igmp.o(.text)
    igmp_joingroup                           0x0801f6cd   Thumb Code   240  igmp.o(.text)
    igmp_leavegroup                          0x0801f7bd   Thumb Code   244  igmp.o(.text)
    igmp_tmr                                 0x0801f8d1   Thumb Code    38  igmp.o(.text)
    inet_chksum_pseudo                       0x0801fa3f   Thumb Code   172  inet_chksum.o(.text)
    inet_chksum_pseudo_partial               0x0801faeb   Thumb Code   220  inet_chksum.o(.text)
    inet_chksum                              0x0801fbc7   Thumb Code    20  inet_chksum.o(.text)
    inet_chksum_pbuf                         0x0801fbdb   Thumb Code    86  inet_chksum.o(.text)
    ip_route                                 0x0801fc61   Thumb Code    80  ip.o(.text)
    ip_input                                 0x0801fcb1   Thumb Code   504  ip.o(.text)
    ip_output_if_opt                         0x0801fea9   Thumb Code   408  ip.o(.text)
    ip_output_if                             0x08020041   Thumb Code   170  ip.o(.text)
    ip_output                                0x080200eb   Thumb Code    90  ip.o(.text)
    ip4_addr_isbroadcast                     0x08020145   Thumb Code    78  ip_addr.o(.text)
    ip4_addr_netmask_valid                   0x08020193   Thumb Code    52  ip_addr.o(.text)
    ipaddr_aton                              0x080201c7   Thumb Code   366  ip_addr.o(.text)
    ipaddr_addr                              0x08020335   Thumb Code    24  ip_addr.o(.text)
    ipaddr_ntoa_r                            0x0802034d   Thumb Code   168  ip_addr.o(.text)
    ipaddr_ntoa                              0x080203f5   Thumb Code    16  ip_addr.o(.text)
    sys_arch_assert                          0x0802045f   Thumb Code    48  sys_arch.o(.text)
    lwip_system_init                         0x08020523   Thumb Code   146  sys_arch.o(.text)
    sys_init                                 0x080205b5   Thumb Code     2  sys_arch.o(.text)
    lwip_sys_init                            0x080205b7   Thumb Code     8  sys_arch.o(.text)
    sys_sem_new                              0x080205bf   Thumb Code   116  sys_arch.o(.text)
    sys_sem_free                             0x08020633   Thumb Code    64  sys_arch.o(.text)
    sys_sem_signal                           0x08020673   Thumb Code    12  sys_arch.o(.text)
    sys_arch_sem_wait                        0x0802067f   Thumb Code   128  sys_arch.o(.text)
    sys_sem_valid                            0x080206ff   Thumb Code     6  sys_arch.o(.text)
    sys_sem_set_invalid                      0x08020705   Thumb Code     6  sys_arch.o(.text)
    sys_mutex_new                            0x0802070b   Thumb Code   110  sys_arch.o(.text)
    sys_mutex_lock                           0x08020779   Thumb Code    70  sys_arch.o(.text)
    sys_mutex_unlock                         0x080207bf   Thumb Code    12  sys_arch.o(.text)
    sys_mutex_free                           0x080207cb   Thumb Code    66  sys_arch.o(.text)
    sys_mutex_valid                          0x0802080d   Thumb Code     6  sys_arch.o(.text)
    sys_mutex_set_invalid                    0x08020813   Thumb Code     6  sys_arch.o(.text)
    sys_mbox_new                             0x08020819   Thumb Code   426  sys_arch.o(.text)
    sys_mbox_free                            0x080209c3   Thumb Code    72  sys_arch.o(.text)
    sys_mbox_post                            0x08020a0b   Thumb Code    84  sys_arch.o(.text)
    sys_mbox_trypost                         0x08020a5f   Thumb Code    26  sys_arch.o(.text)
    sys_arch_mbox_fetch                      0x08020a79   Thumb Code   164  sys_arch.o(.text)
    sys_arch_mbox_tryfetch                   0x08020b1d   Thumb Code    34  sys_arch.o(.text)
    sys_mbox_valid                           0x08020b3f   Thumb Code     6  sys_arch.o(.text)
    sys_mbox_set_invalid                     0x08020b45   Thumb Code     6  sys_arch.o(.text)
    sys_thread_new                           0x08020b4b   Thumb Code   148  sys_arch.o(.text)
    sys_arch_protect                         0x08020bdf   Thumb Code    12  sys_arch.o(.text)
    sys_arch_unprotect                       0x08020beb   Thumb Code    12  sys_arch.o(.text)
    sys_jiffies                              0x08020bf7   Thumb Code     8  sys_arch.o(.text)
    sys_now                                  0x08020bff   Thumb Code     8  sys_arch.o(.text)
    etharp_tmr                               0x08020d2d   Thumb Code   146  etharp.o(.text)
    etharp_cleanup_netif                     0x08021223   Thumb Code    52  etharp.o(.text)
    etharp_find_addr                         0x08021257   Thumb Code   108  etharp.o(.text)
    etharp_request                           0x08021533   Thumb Code    40  etharp.o(.text)
    etharp_query                             0x08021695   Thumb Code   536  etharp.o(.text)
    etharp_output                            0x080218ad   Thumb Code   394  etharp.o(.text)
    ethernet_input                           0x08021a37   Thumb Code   308  etharp.o(.text)
    eth_device_init_with_flag                0x08021c19   Thumb Code   178  ethernetif.o(.text)
    eth_device_init                          0x08021ccb   Thumb Code    24  ethernetif.o(.text)
    eth_device_ready                         0x08021ce3   Thumb Code    22  ethernetif.o(.text)
    eth_device_linkchange                    0x08021cf9   Thumb Code    80  ethernetif.o(.text)
    eth_system_device_init                   0x08021e59   Thumb Code   632  ethernetif.o(.text)
    set_if                                   0x080220d1   Thumb Code   140  ethernetif.o(.text)
    set_dns                                  0x0802215d   Thumb Code    26  ethernetif.o(.text)
    list_if                                  0x08022177   Thumb Code   318  ethernetif.o(.text)
    list_tcps                                0x080222b5   Thumb Code   246  ethernetif.o(.text)
    get_general_address                      0x0802258f   Thumb Code     6  file.o(.text)
    get_output_address                       0x08022595   Thumb Code    44  file.o(.text)
    get_eq_address                           0x080225c1   Thumb Code    44  file.o(.text)
    file_write_dev                           0x080225ed   Thumb Code    58  file.o(.text)
    file_read_dev                            0x08022627   Thumb Code    30  file.o(.text)
    file_type3_division_nums                 0x08022645   Thumb Code   396  file.o(.text)
    file_type3_divison_chans                 0x080227d1   Thumb Code   464  file.o(.text)
    file_type3_divison_point                 0x080229a1   Thumb Code   456  file.o(.text)
    file_type3_chan_gain                     0x08022b69   Thumb Code   416  file.o(.text)
    file_type3_all_chan_gain                 0x08022d09   Thumb Code   476  file.o(.text)
    file_type3_chan_delay                    0x08022ee5   Thumb Code   426  file.o(.text)
    file_type3_all_chan_delay                0x0802308f   Thumb Code   444  file.o(.text)
    file_type3_gradual_max                   0x0802324b   Thumb Code   418  file.o(.text)
    file_type3_gradual_min                   0x080233ed   Thumb Code   422  file.o(.text)
    file_type3_high_cut                      0x08023593   Thumb Code   430  file.o(.text)
    file_type3_low_cut                       0x08023741   Thumb Code   418  file.o(.text)
    file_type4_chans_geq                     0x080238e3   Thumb Code   476  file.o(.text)
    file_type4_all_chans_geq_gain            0x08023abf   Thumb Code   410  file.o(.text)
    file_type4_chans_peq_type                0x08023c59   Thumb Code   472  file.o(.text)
    file_type4_chans_peq_freq                0x08023e31   Thumb Code   454  file.o(.text)
    file_type4_chans_peq_q                   0x08023ff7   Thumb Code   448  file.o(.text)
    file_type4_chans_peq_gain                0x080241b7   Thumb Code   466  file.o(.text)
    file_operate                             0x08024389   Thumb Code  1864  file.o(.text)
    file_read_data                           0x08024ad1   Thumb Code    62  file.o(.text)
    file_read                                0x08024b0f   Thumb Code    38  file.o(.text)
    file_store_data                          0x08024b35   Thumb Code    22  file.o(.text)
    _file_read_data                          0x08024b4b   Thumb Code    42  file.o(.text)
    file_factory                             0x08024b75   Thumb Code  1020  file.o(.text)
    rs485_thread_entry                       0x08024f71   Thumb Code   130  rs485_task.o(.text)
    get_spi_buf_full                         0x08025051   Thumb Code    34  spi_task.o(.text)
    get_spi_buf_empty                        0x08025073   Thumb Code    20  spi_task.o(.text)
    get_spi_buf                              0x08025087   Thumb Code    80  spi_task.o(.text)
    write_spi_buf                            0x080250d7   Thumb Code    50  spi_task.o(.text)
    spi_thread_entry                         0x08025109   Thumb Code    50  spi_task.o(.text)
    rand                                     0x0802516d   Thumb Code    20  rand.o(.text)
    srand                                    0x08025181   Thumb Code     6  rand.o(.text)
    __aeabi_memcpy                           0x08025191   Thumb Code    36  memcpya.o(.text)
    __aeabi_memcpy4                          0x08025191   Thumb Code     0  memcpya.o(.text)
    __aeabi_memcpy8                          0x08025191   Thumb Code     0  memcpya.o(.text)
    __aeabi_memset                           0x080251b5   Thumb Code    14  memseta.o(.text)
    __aeabi_memset4                          0x080251b5   Thumb Code     0  memseta.o(.text)
    __aeabi_memset8                          0x080251b5   Thumb Code     0  memseta.o(.text)
    __aeabi_memclr                           0x080251c3   Thumb Code     4  memseta.o(.text)
    __aeabi_memclr4                          0x080251c3   Thumb Code     0  memseta.o(.text)
    __aeabi_memclr8                          0x080251c3   Thumb Code     0  memseta.o(.text)
    _memset$wrapper                          0x080251c7   Thumb Code    20  memseta.o(.text)
    strncpy                                  0x080251db   Thumb Code    24  strncpy.o(.text)
    strlen                                   0x080251f3   Thumb Code    16  strlen.o(.text)
    strcmp                                   0x08025203   Thumb Code    28  strcmp.o(.text)
    memcmp                                   0x0802521f   Thumb Code    26  memcmp.o(.text)
    strcpy                                   0x08025239   Thumb Code    18  strcpy.o(.text)
    strncmp                                  0x0802524b   Thumb Code    30  strncmp.o(.text)
    strrchr                                  0x08025269   Thumb Code    32  strrchr.o(.text)
    atoi                                     0x08025289   Thumb Code    26  atoi.o(.text)
    __aeabi_ddiv                             0x080252a3   Thumb Code   222  ddiv.o(.text)
    __aeabi_ui2d                             0x08025381   Thumb Code    26  dfltui.o(.text)
    __aeabi_uidiv                            0x0802539b   Thumb Code     0  uidiv.o(.text)
    __aeabi_uidivmod                         0x0802539b   Thumb Code    44  uidiv.o(.text)
    strtol                                   0x080253c7   Thumb Code   112  strtol.o(.text)
    __I$use$fp                               0x08025437   Thumb Code     0  iusefp.o(.text)
    _double_round                            0x08025437   Thumb Code    26  depilogue.o(.text)
    _double_epilogue                         0x08025451   Thumb Code   168  depilogue.o(.text)
    __scatterload                            0x080254f9   Thumb Code    28  init.o(.text)
    __scatterload_rt2                        0x080254f9   Thumb Code     0  init.o(.text)
    __aeabi_llsl                             0x0802551d   Thumb Code    30  llshl.o(.text)
    _ll_shift_l                              0x0802551d   Thumb Code     0  llshl.o(.text)
    __aeabi_llsr                             0x0802553b   Thumb Code    32  llushr.o(.text)
    _ll_ushift_r                             0x0802553b   Thumb Code     0  llushr.o(.text)
    __rt_ctype_table                         0x0802555d   Thumb Code     4  ctype_o.o(.text)
    _strtoul                                 0x08025565   Thumb Code   156  _strtoul.o(.text)
    _chval                                   0x08025601   Thumb Code    32  _chval.o(.text)
    __decompress                             0x08025621   Thumb Code     0  __dczerorl2.o(.text)
    __decompress1                            0x08025621   Thumb Code    92  __dczerorl2.o(.text)
    __0sprintf$6                             0x0802567d   Thumb Code    34  printf6.o(i.__0sprintf$6)
    __1sprintf$6                             0x0802567d   Thumb Code     0  printf6.o(i.__0sprintf$6)
    __2sprintf                               0x0802567d   Thumb Code     0  printf6.o(i.__0sprintf$6)
    __aeabi_errno_addr                       0x080256a5   Thumb Code     4  errno.o(i.__aeabi_errno_addr)
    __rt_errno_addr                          0x080256a5   Thumb Code     0  errno.o(i.__aeabi_errno_addr)
    __scatterload_copy                       0x080256ad   Thumb Code    14  handlers.o(i.__scatterload_copy)
    __scatterload_null                       0x080256bb   Thumb Code     2  handlers.o(i.__scatterload_null)
    __scatterload_zeroinit                   0x080256bd   Thumb Code    14  handlers.o(i.__scatterload_zeroinit)
    __fsym_tftp_get_name                     0x08025a2d   Data           9  tftp.o(.constdata)
    __fsym_tftp_get_desc                     0x08025a36   Data          26  tftp.o(.constdata)
    __fsym_stm_dsp_code_name                 0x08025a50   Data          13  tftp.o(.constdata)
    __fsym_stm_dsp_code_desc                 0x08025a5d   Data          26  tftp.o(.constdata)
    __fsym_stm_erase_dcode_name              0x08025a77   Data          16  tftp.o(.constdata)
    __fsym_stm_erase_dcode_desc              0x08025a87   Data          24  tftp.o(.constdata)
    __fsym_flash_dump_name                   0x08025a9f   Data          11  tftp.o(.constdata)
    __fsym_flash_dump_desc                   0x08025aaa   Data          21  tftp.o(.constdata)
    __fsym_tftp_put_name                     0x08025abf   Data           9  tftp.o(.constdata)
    __fsym_tftp_put_desc                     0x08025ac8   Data          24  tftp.o(.constdata)
    __lowest_bit_bitmap                      0x08025d75   Data         256  kservice.o(.constdata)
    __fsym_list_mem_name                     0x08025e98   Data           9  mem.o(.constdata)
    __fsym_list_mem_desc                     0x08025ea1   Data          30  mem.o(.constdata)
    __fsym_led_name                          0x080261aa   Data           4  led.o(.constdata)
    __fsym_led_desc                          0x080261ae   Data          32  led.o(.constdata)
    __fsym_enc28j60_name                     0x0802639c   Data           9  enc28j60.o(.constdata)
    __fsym_enc28j60_desc                     0x080263a5   Data          24  enc28j60.o(.constdata)
    __fsym_DSP_W4Bytes_name                  0x080263c9   Data          12  spi_instruction.o(.constdata)
    __fsym_DSP_W4Bytes_desc                  0x080263d5   Data          23  spi_instruction.o(.constdata)
    __fsym_e2_read_disp_name                 0x0802642f   Data          13  iic_eeprom.o(.constdata)
    __fsym_e2_read_disp_desc                 0x0802643c   Data          40  iic_eeprom.o(.constdata)
    oled_asc2_8x16                           0x08026464   Data        1520  oled.o(.constdata)
    F6x8                                     0x08026a54   Data         552  oled.o(.constdata)
    F8X16                                    0x08026c7c   Data        1520  oled.o(.constdata)
    __fsym_hello_name                        0x08027340   Data           6  cmd.o(.constdata)
    __fsym_hello_desc                        0x08027346   Data          16  cmd.o(.constdata)
    __fsym_version_name                      0x08027356   Data           8  cmd.o(.constdata)
    __fsym_version_desc                      0x0802735e   Data          35  cmd.o(.constdata)
    __fsym_list_thread_name                  0x08027381   Data          12  cmd.o(.constdata)
    __fsym_list_thread_desc                  0x0802738d   Data          12  cmd.o(.constdata)
    __fsym_list_sem_name                     0x08027399   Data           9  cmd.o(.constdata)
    __fsym_list_sem_desc                     0x080273a2   Data          25  cmd.o(.constdata)
    __fsym_list_event_name                   0x080273bb   Data          11  cmd.o(.constdata)
    __fsym_list_event_desc                   0x080273c6   Data          21  cmd.o(.constdata)
    __fsym_list_mutex_name                   0x080273db   Data          11  cmd.o(.constdata)
    __fsym_list_mutex_desc                   0x080273e6   Data          21  cmd.o(.constdata)
    __fsym_list_mailbox_name                 0x080273fb   Data          13  cmd.o(.constdata)
    __fsym_list_mailbox_desc                 0x08027408   Data          24  cmd.o(.constdata)
    __fsym_list_msgqueue_name                0x08027420   Data          14  cmd.o(.constdata)
    __fsym_list_msgqueue_desc                0x0802742e   Data          29  cmd.o(.constdata)
    __fsym_list_mempool_name                 0x0802744b   Data          13  cmd.o(.constdata)
    __fsym_list_mempool_desc                 0x08027458   Data          27  cmd.o(.constdata)
    __fsym_list_timer_name                   0x08027473   Data          11  cmd.o(.constdata)
    __fsym_list_timer_desc                   0x0802747e   Data          21  cmd.o(.constdata)
    __fsym_list_device_name                  0x08027493   Data          12  cmd.o(.constdata)
    __fsym_list_device_desc                  0x0802749f   Data          22  cmd.o(.constdata)
    __fsym_list_name                         0x080274b5   Data           5  cmd.o(.constdata)
    __fsym_list_desc                         0x080274ba   Data          26  cmd.o(.constdata)
    __vsym_dummy_name                        0x080274d4   Data           6  cmd.o(.constdata)
    __vsym_dummy_desc                        0x080274da   Data          25  cmd.o(.constdata)
    op_table                                 0x080275d4   Data         196  finsh_ops.o(.constdata)
    __fsym_ls_name                           0x08027748   Data           3  dfs_file.o(.constdata)
    __fsym_ls_desc                           0x0802774b   Data          24  dfs_file.o(.constdata)
    __fsym_rm_name                           0x08027763   Data           3  dfs_file.o(.constdata)
    __fsym_rm_desc                           0x08027766   Data          28  dfs_file.o(.constdata)
    __fsym_cat_name                          0x08027782   Data           4  dfs_file.o(.constdata)
    __fsym_cat_desc                          0x08027786   Data          11  dfs_file.o(.constdata)
    __fsym_copy_name                         0x08027791   Data           5  dfs_file.o(.constdata)
    __fsym_copy_desc                         0x08027796   Data          17  dfs_file.o(.constdata)
    __fsym_mkfs_name                         0x080277a7   Data           5  dfs_fs.o(.constdata)
    __fsym_mkfs_desc                         0x080277ac   Data          19  dfs_fs.o(.constdata)
    __fsym_df_name                           0x080277bf   Data           3  dfs_fs.o(.constdata)
    __fsym_df_desc                           0x080277c2   Data          14  dfs_fs.o(.constdata)
    __fsym_mkdir_name                        0x08027803   Data           6  dfs_posix.o(.constdata)
    __fsym_mkdir_desc                        0x08027809   Data          19  dfs_posix.o(.constdata)
    memp_sizes                               0x0802781c   Data          30  memp.o(.constdata)
    tcp_state_str                            0x0802783c   Data          44  tcp.o(.constdata)
    tcp_backoff                              0x08027868   Data          13  tcp.o(.constdata)
    tcp_persist_backoff                      0x08027875   Data           7  tcp.o(.constdata)
    tcp_pcb_lists                            0x0802787c   Data          16  tcp.o(.constdata)
    ip_addr_any                              0x08027924   Data           4  ip_addr.o(.constdata)
    ip_addr_broadcast                        0x08027928   Data           4  ip_addr.o(.constdata)
    ethbroadcast                             0x080279e0   Data           6  etharp.o(.constdata)
    ethzero                                  0x080279e6   Data           6  etharp.o(.constdata)
    __fsym_set_if_name                       0x08027a30   Data           7  ethernetif.o(.constdata)
    __fsym_set_if_desc                       0x08027a37   Data          30  ethernetif.o(.constdata)
    __fsym_set_dns_name                      0x08027a55   Data           8  ethernetif.o(.constdata)
    __fsym_set_dns_desc                      0x08027a5d   Data          23  ethernetif.o(.constdata)
    __fsym_list_if_name                      0x08027a74   Data           8  ethernetif.o(.constdata)
    __fsym_list_if_desc                      0x08027a7c   Data          35  ethernetif.o(.constdata)
    __fsym_list_tcps_name                    0x08027a9f   Data          10  ethernetif.o(.constdata)
    __fsym_list_tcps_desc                    0x08027aa9   Data          28  ethernetif.o(.constdata)
    __ctype_table                            0x08027b1c   Data         129  ctype_o.o(.constdata)
    __rt_init_rti_start                      0x08027ed0   Data           4  components.o(.rti_fn.0)
    __rt_init_rti_board_end                  0x08027ed4   Data           4  components.o(.rti_fn.1.post)
    __rt_init_rti_end                        0x08027ed8   Data           4  components.o(.rti_fn.7)
    FSymTab$$Base                            0x08027edc   Number         0  tftp.o(FSymTab)
    __fsym_tftp_get                          0x08027edc   Data          12  tftp.o(FSymTab)
    __fsym_stm_dsp_code                      0x08027ee8   Data          12  tftp.o(FSymTab)
    __fsym_stm_erase_dcode                   0x08027ef4   Data          12  tftp.o(FSymTab)
    __fsym_flash_dump                        0x08027f00   Data          12  tftp.o(FSymTab)
    __fsym_tftp_put                          0x08027f0c   Data          12  tftp.o(FSymTab)
    __fsym_list_mem                          0x08027f18   Data          12  mem.o(FSymTab)
    __fsym_led                               0x08027f24   Data          12  led.o(FSymTab)
    __fsym_enc28j60                          0x08027f30   Data          12  enc28j60.o(FSymTab)
    __fsym_DSP_W4Bytes                       0x08027f3c   Data          12  spi_instruction.o(FSymTab)
    __fsym_e2_read_disp                      0x08027f48   Data          12  iic_eeprom.o(FSymTab)
    __fsym_hello                             0x08027f54   Data          12  cmd.o(FSymTab)
    __fsym_version                           0x08027f60   Data          12  cmd.o(FSymTab)
    __fsym_list_thread                       0x08027f6c   Data          12  cmd.o(FSymTab)
    __fsym_list_sem                          0x08027f78   Data          12  cmd.o(FSymTab)
    __fsym_list_event                        0x08027f84   Data          12  cmd.o(FSymTab)
    __fsym_list_mutex                        0x08027f90   Data          12  cmd.o(FSymTab)
    __fsym_list_mailbox                      0x08027f9c   Data          12  cmd.o(FSymTab)
    __fsym_list_msgqueue                     0x08027fa8   Data          12  cmd.o(FSymTab)
    __fsym_list_mempool                      0x08027fb4   Data          12  cmd.o(FSymTab)
    __fsym_list_timer                        0x08027fc0   Data          12  cmd.o(FSymTab)
    __fsym_list_device                       0x08027fcc   Data          12  cmd.o(FSymTab)
    __fsym_list                              0x08027fd8   Data          12  cmd.o(FSymTab)
    __fsym_ls                                0x08027fe4   Data          12  dfs_file.o(FSymTab)
    __fsym_rm                                0x08027ff0   Data          12  dfs_file.o(FSymTab)
    __fsym_cat                               0x08027ffc   Data          12  dfs_file.o(FSymTab)
    __fsym_copy                              0x08028008   Data          12  dfs_file.o(FSymTab)
    __fsym_mkfs                              0x08028014   Data          12  dfs_fs.o(FSymTab)
    __fsym_df                                0x08028020   Data          12  dfs_fs.o(FSymTab)
    __fsym_mkdir                             0x0802802c   Data          12  dfs_posix.o(FSymTab)
    __fsym_set_if                            0x08028038   Data          12  ethernetif.o(FSymTab)
    __fsym_set_dns                           0x08028044   Data          12  ethernetif.o(FSymTab)
    __fsym_list_if                           0x08028050   Data          12  ethernetif.o(FSymTab)
    __fsym_list_tcps                         0x0802805c   Data          12  ethernetif.o(FSymTab)
    FSymTab$$Limit                           0x08028068   Number         0  ethernetif.o(FSymTab)
    Region$$Table$$Base                      0x08028068   Number         0  anon$$obj.o(Region$$Table)
    Region$$Table$$Limit                     0x08028088   Number         0  anon$$obj.o(Region$$Table)
    VSymTab$$Base                            0x08028088   Number         0  cmd.o(VSymTab)
    __vsym_dummy                             0x08028088   Data          16  cmd.o(VSymTab)
    VSymTab$$Limit                           0x08028098   Number         0  cmd.o(VSymTab)
    rt_interrupt_from_thread                 0x20000004   Data           4  cpuport.o(.data)
    rt_interrupt_to_thread                   0x20000008   Data           4  cpuport.o(.data)
    rt_thread_switch_interrupt_flag          0x2000000c   Data           4  cpuport.o(.data)
    g_set_volume_to_dsp_flag                 0x2000002c   Data           4  tcpserver.o(.data)
    g_mute                                   0x20000034   Data           4  tcpserver.o(.data)
    g_input_type                             0x20000038   Data           4  tcpserver.o(.data)
    g_volume                                 0x2000003c   Data           4  tcpserver.o(.data)
    g_file_size                              0x20000040   Data           4  tftp.o(.data)
    g_file_start_addr                        0x20000044   Data           4  tftp.o(.data)
    pcm4104_t                                0x20000048   Data          16  pcm4104.o(.data)
    SystemCoreClock                          0x2000006c   Data           4  system_stm32f10x.o(.data)
    AHBPrescTable                            0x20000070   Data          16  system_stm32f10x.o(.data)
    rt_interrupt_nest                        0x20000088   Data           1  irq.o(.data)
    rt_object_container                      0x200000b4   Data         144  object.o(.data)
    rt_object_trytake_hook                   0x2000014c   Data           4  object.o(.data)
    rt_object_take_hook                      0x20000150   Data           4  object.o(.data)
    rt_object_put_hook                       0x20000154   Data           4  object.o(.data)
    rt_current_thread                        0x2000015c   Data           4  scheduler.o(.data)
    rt_current_priority                      0x20000160   Data           1  scheduler.o(.data)
    rt_thread_ready_priority_group           0x20000164   Data           4  scheduler.o(.data)
    rt_thread_defunct                        0x20000168   Data           8  scheduler.o(.data)
    uart1                                    0x2000018c   Data           8  usart.o(.data)
    SPI_HANDLE_t                             0x200001c0   Data         152  protocol.o(.data)
    finsh_compile_sp                         0x20000268   Data           4  finsh_compiler.o(.data)
    finsh_compile_pc                         0x2000026c   Data           4  finsh_compiler.o(.data)
    global_errno                             0x200002ac   Data           1  finsh_error.o(.data)
    global_sysvar_list                       0x200002b8   Data           4  finsh_var.o(.data)
    global_syscall_list                      0x200002bc   Data           4  finsh_vm.o(.data)
    finsh_sp                                 0x200002c0   Data           4  finsh_vm.o(.data)
    finsh_pc                                 0x200002c4   Data           4  finsh_vm.o(.data)
    shell                                    0x200002c8   Data           4  shell.o(.data)
    _syscall_table_begin                     0x200002cc   Data           4  symbol.o(.data)
    _syscall_table_end                       0x200002d0   Data           4  symbol.o(.data)
    _sysvar_table_begin                      0x200002d4   Data           4  symbol.o(.data)
    _sysvar_table_end                        0x200002d8   Data           4  symbol.o(.data)
    netif_list                               0x200002f0   Data           4  netif.o(.data)
    netif_default                            0x200002f4   Data           4  netif.o(.data)
    pbuf_free_ooseq_pending                  0x200002f9   Data           1  pbuf.o(.data)
    tcp_ticks                                0x20000308   Data           4  tcp.o(.data)
    tcp_bound_pcbs                           0x2000030c   Data           4  tcp.o(.data)
    tcp_listen_pcbs                          0x20000310   Data           4  tcp.o(.data)
    tcp_active_pcbs                          0x20000314   Data           4  tcp.o(.data)
    tcp_tw_pcbs                              0x20000318   Data           4  tcp.o(.data)
    tcp_tmp_pcb                              0x2000031c   Data           4  tcp.o(.data)
    tcp_active_pcbs_changed                  0x20000320   Data           1  tcp.o(.data)
    tcp_input_pcb                            0x20000340   Data           4  tcp_in.o(.data)
    udp_pcbs                                 0x20000350   Data           4  udp.o(.data)
    current_netif                            0x20000374   Data           4  ip.o(.data)
    current_header                           0x20000378   Data           4  ip.o(.data)
    current_iphdr_src                        0x2000037c   Data           4  ip.o(.data)
    current_iphdr_dest                       0x20000380   Data           4  ip.o(.data)
    file_crc                                 0x200003a0   Data           4  file.o(.data)
    file_ops                                 0x200003a4   Data         272  file.o(.data)
    recv_data                                0x20000b78   Data        1024  tcpserver.o(.bss)
    client                                   0x20000f78   Data          60  tcpserver.o(.bss)
    tftp_buffer                              0x20000fb4   Data         516  tftp.o(.bss)
    rt_thread_priority_table                 0x200013d8   Data         256  scheduler.o(.bss)
    uart1_int_rx                             0x200014d8   Data          68  usart.o(.bss)
    serial1                                  0x2000151c   Data         124  usart.o(.bss)
    SPI_DATA_t                               0x2000196c   Data         600  protocol.o(.bss)
    finsh_heap                               0x20001fe4   Data         128  finsh_heap.o(.bss)
    global_node_table                        0x20002064   Data         320  finsh_node.o(.bss)
    global_variable                          0x200021a4   Data         192  finsh_var.o(.bss)
    finsh_vm_stack                           0x20002264   Data         256  finsh_vm.o(.bss)
    text_segment                             0x20002364   Data         128  finsh_vm.o(.bss)
    filesystem_operation_table               0x20002c64   Data          16  dfs.o(.bss)
    filesystem_table                         0x20002c74   Data          32  dfs.o(.bss)
    fd_table                                 0x20002cb8   Data         128  dfs.o(.bss)
    memory_cfg_buf                           0x20003d2c   Data        4096  file.o(.bss)
    reversed_memory_cfg_buf                  0x20004d2c   Data        4096  file.o(.bss)
    rs485_stack                              0x20005d2c   Data         512  rs485_task.o(.bss)
    rs485_thread                             0x20005f2c   Data         128  rs485_task.o(.bss)
    spi_stack                                0x200067ac   Data         512  spi_task.o(.bss)
    spi_thread                               0x200069ac   Data         128  spi_task.o(.bss)
    Image$$RW_IRAM1$$ZI$$Limit               0x20007e30   Number         0  startup_stm32f10x_hd.o(STACK)
    __initial_sp                             0x20007e30   Data           0  startup_stm32f10x_hd.o(STACK)



==============================================================================

Memory Map of the image

  Image Entry point : 0x08000131

  Load Region LR_IROM1 (Base: 0x08000000, Size: 0x00028568, Max: 0x00080000, ABSOLUTE, COMPRESSED[0x00028244])

    Execution Region ER_IROM1 (Base: 0x08000000, Size: 0x00028098, Max: 0x00080000, ABSOLUTE)

    Base Addr    Size         Type   Attr      Idx    E Section Name        Object

    0x08000000   0x00000130   Data   RO            3    RESET               startup_stm32f10x_hd.o
    0x08000130   0x00000000   Code   RO         2902  * .ARM.Collect$$$$00000000  mc_w.l(entry.o)(mc_w.l)
    0x08000130   0x00000004   Code   RO         3198    .ARM.Collect$$$$00000001  mc_w.l(entry2.o)(mc_w.l)
    0x08000134   0x00000004   Code   RO         3201    .ARM.Collect$$$$00000004  mc_w.l(entry5.o)(mc_w.l)
    0x08000138   0x00000008   Code   RO         3202    .ARM.Collect$$$$00000007  mc_w.l(entry7.o)(mc_w.l)
    0x08000140   0x00000004   Code   RO         3199    .ARM.Collect$$$$00002712  mc_w.l(entry2.o)(mc_w.l)
    0x08000144   0x00000024   Code   RO            4    .text               startup_stm32f10x_hd.o
    0x08000168   0x000000f0   Code   RO           10    .text               context_rvds.o
    0x08000258   0x000005f4   Code   RO           14    .text               cpuport.o
    0x0800084c   0x00000012   Code   RO           86    .text               stm32f10x_it.o
    0x0800085e   0x00000002   PAD
    0x08000860   0x000000c4   Code   RO          187    .text               startup.o
    0x08000924   0x0000032c   Code   RO          206    .text               application.o
    0x08000c50   0x00000478   Code   RO          340    .text               tcpserver.o
    0x080010c8   0x0000066c   Code   RO          378    .text               tftp.o
    0x08001734   0x00000078   Code   RO          425    .text               pcm4104.o
    0x080017ac   0x000000f8   Code   RO          443    .text               misc.o
    0x080018a4   0x0000013c   Code   RO          551    .text               stm32f10x_exti.o
    0x080019e0   0x00000358   Code   RO          587    .text               stm32f10x_gpio.o
    0x08001d38   0x000003a4   Code   RO          635    .text               stm32f10x_rcc.o
    0x080020dc   0x00000310   Code   RO          673    .text               stm32f10x_spi.o
    0x080023ec   0x00000dae   Code   RO          685    .text               stm32f10x_tim.o
    0x0800319a   0x00000002   PAD
    0x0800319c   0x0000040c   Code   RO          697    .text               stm32f10x_usart.o
    0x080035a8   0x000001c8   Code   RO          731    .text               system_stm32f10x.o
    0x08003770   0x00000060   Code   RO          749    .text               clock.o
    0x080037d0   0x00000414   Code   RO          763    .text               device.o
    0x08003be4   0x00000164   Code   RO          777    .text               idle.o
    0x08003d48   0x00001a00   Code   RO          797    .text               ipc.o
    0x08005748   0x00000048   Code   RO          814    .text               irq.o
    0x08005790   0x00000990   Code   RO          829    .text               kservice.o
    0x08006120   0x00000978   Code   RO          846    .text               mem.o
    0x08006a98   0x00000330   Code   RO          894    .text               object.o
    0x08006dc8   0x00000320   Code   RO          914    .text               scheduler.o
    0x080070e8   0x00000688   Code   RO          941    .text               thread.o
    0x08007770   0x0000053c   Code   RO          958    .text               timer.o
    0x08007cac   0x00000098   Code   RO          977    .text               board.o
    0x08007d44   0x000000cc   Code   RO          993    .text               led.o
    0x08007e10   0x00000310   Code   RO         1010    .text               usart.o
    0x08008120   0x00000770   Code   RO         1040    .text               spi_core.o
    0x08008890   0x00000374   Code   RO         1053    .text               spi_dev.o
    0x08008c04   0x00000294   Code   RO         1087    .text               rt_stm32f10x_spi.o
    0x08008e98   0x0000108c   Code   RO         1118    .text               enc28j60.o
    0x08009f24   0x00000498   Code   RO         1152    .text               spi_instruction.o
    0x0800a3bc   0x000001f8   Code   RO         1169    .text               key_input.o
    0x0800a5b4   0x00000d20   Code   RO         1201    .text               protocol.o
    0x0800b2d4   0x00000080   Code   RO         1238    .text               dsp_reset.o
    0x0800b354   0x00000294   Code   RO         1253    .text               address_485.o
    0x0800b5e8   0x000005ec   Code   RO         1268    .text               iic_eeprom.o
    0x0800bbd4   0x00000568   Code   RO         1287    .text               oled.o
    0x0800c13c   0x000000fc   Code   RO         1302    .text               timer2.o
    0x0800c238   0x00000040   Code   RO         1320    .text               components.o
    0x0800c278   0x000004b8   Code   RO         1353    .text               dataqueue.o
    0x0800c730   0x000005d0   Code   RO         1423    .text               serial.o
    0x0800cd00   0x00000bbc   Code   RO         1436    .text               cmd.o
    0x0800d8bc   0x0000184e   Code   RO         1459    .text               finsh_compiler.o
    0x0800f10a   0x00000002   PAD
    0x0800f10c   0x0000002c   Code   RO         1496    .text               finsh_error.o
    0x0800f138   0x00000210   Code   RO         1512    .text               finsh_heap.o
    0x0800f348   0x00000058   Code   RO         1528    .text               finsh_init.o
    0x0800f3a0   0x00000184   Code   RO         1546    .text               finsh_node.o
    0x0800f524   0x00000a58   Code   RO         1561    .text               finsh_ops.o
    0x0800ff7c   0x0000097c   Code   RO         1579    .text               finsh_parser.o
    0x080108f8   0x00000658   Code   RO         1594    .text               finsh_token.o
    0x08010f50   0x00000198   Code   RO         1609    .text               finsh_var.o
    0x080110e8   0x000000e4   Code   RO         1632    .text               finsh_vm.o
    0x080111cc   0x00000998   Code   RO         1674    .text               shell.o
    0x08011b64   0x000003f0   Code   RO         1706    .text               dfs.o
    0x08011f54   0x000009c8   Code   RO         1770    .text               dfs_file.o
    0x0801291c   0x00000634   Code   RO         1790    .text               dfs_fs.o
    0x08012f50   0x0000053c   Code   RO         1806    .text               dfs_posix.o
    0x0801348c   0x0000003e   Code   RO         1837    .text               def.o
    0x080134ca   0x00000002   PAD
    0x080134cc   0x0000077c   Code   RO         1855    .text               dns.o
    0x08013c48   0x00000024   Code   RO         1901    .text               init.o
    0x08013c6c   0x00000340   Code   RO         2029    .text               netif.o
    0x08013fac   0x00000ff0   Code   RO         2068    .text               pbuf.o
    0x08014f9c   0x00000214   Code   RO         2095    .text               raw.o
    0x080151b0   0x00001514   Code   RO         2130    .text               tcp.o
    0x080166c4   0x00001d7c   Code   RO         2157    .text               tcp_in.o
    0x08018440   0x00001382   Code   RO         2183    .text               tcp_out.o
    0x080197c2   0x00000002   PAD
    0x080197c4   0x000002cc   Code   RO         2196    .text               timers.o
    0x08019a90   0x00000608   Code   RO         2234    .text               udp.o
    0x0801a098   0x00000d40   Code   RO         2252    .text               api_lib.o
    0x0801add8   0x000018b0   Code   RO         2292    .text               api_msg.o
    0x0801c688   0x0000038c   Code   RO         2341    .text               netbuf.o
    0x0801ca14   0x000000f6   Code   RO         2387    .text               netifapi.o
    0x0801cb0a   0x00000002   PAD
    0x0801cb0c   0x00001f38   Code   RO         2420    .text               sockets.o
    0x0801ea44   0x00000400   Code   RO         2465    .text               tcpip.o
    0x0801ee44   0x00000408   Code   RO         2511    .text               icmp.o
    0x0801f24c   0x00000794   Code   RO         2523    .text               igmp.o
    0x0801f9e0   0x00000280   Code   RO         2546    .text               inet_chksum.o
    0x0801fc60   0x000004e4   Code   RO         2558    .text               ip.o
    0x08020144   0x000002f0   Code   RO         2582    .text               ip_addr.o
    0x08020434   0x00000820   Code   RO         2611    .text               sys_arch.o
    0x08020c54   0x00000f40   Code   RO         2651    .text               etharp.o
    0x08021b94   0x000009e0   Code   RO         2671    .text               ethernetif.o
    0x08022574   0x000029fc   Code   RO         2718    .text               file.o
    0x08024f70   0x000000e0   Code   RO         2865    .text               rs485_task.o
    0x08025050   0x0000011c   Code   RO         2883    .text               spi_task.o
    0x0802516c   0x00000024   Code   RO         2905    .text               mc_w.l(rand.o)(mc_w.l)
    0x08025190   0x00000024   Code   RO         2911    .text               mc_w.l(memcpya.o)(mc_w.l)
    0x080251b4   0x00000026   Code   RO         2913    .text               mc_w.l(memseta.o)(mc_w.l)
    0x080251da   0x00000018   Code   RO         2915    .text               mc_w.l(strncpy.o)(mc_w.l)
    0x080251f2   0x00000010   Code   RO         2917    .text               mc_w.l(strlen.o)(mc_w.l)
    0x08025202   0x0000001c   Code   RO         2919    .text               mc_w.l(strcmp.o)(mc_w.l)
    0x0802521e   0x0000001a   Code   RO         2921    .text               mc_w.l(memcmp.o)(mc_w.l)
    0x08025238   0x00000012   Code   RO         2923    .text               mc_w.l(strcpy.o)(mc_w.l)
    0x0802524a   0x0000001e   Code   RO         2925    .text               mc_w.l(strncmp.o)(mc_w.l)
    0x08025268   0x00000020   Code   RO         2927    .text               mc_w.l(strrchr.o)(mc_w.l)
    0x08025288   0x0000001a   Code   RO         3192    .text               mc_w.l(atoi.o)(mc_w.l)
    0x080252a2   0x000000de   Code   RO         3194    .text               mf_w.l(ddiv.o)(mf_w.l)
    0x08025380   0x0000001a   Code   RO         3196    .text               mf_w.l(dfltui.o)(mf_w.l)
    0x0802539a   0x0000002c   Code   RO         3206    .text               mc_w.l(uidiv.o)(mc_w.l)
    0x080253c6   0x00000070   Code   RO         3223    .text               mc_w.l(strtol.o)(mc_w.l)
    0x08025436   0x00000000   Code   RO         3225    .text               mc_w.l(iusefp.o)(mc_w.l)
    0x08025436   0x000000c2   Code   RO         3226    .text               mf_w.l(depilogue.o)(mf_w.l)
    0x080254f8   0x00000024   Code   RO         3236    .text               mc_w.l(init.o)(mc_w.l)
    0x0802551c   0x0000001e   Code   RO         3238    .text               mc_w.l(llshl.o)(mc_w.l)
    0x0802553a   0x00000020   Code   RO         3240    .text               mc_w.l(llushr.o)(mc_w.l)
    0x0802555a   0x00000002   PAD
    0x0802555c   0x00000008   Code   RO         3244    .text               mc_w.l(ctype_o.o)(mc_w.l)
    0x08025564   0x0000009c   Code   RO         3272    .text               mc_w.l(_strtoul.o)(mc_w.l)
    0x08025600   0x00000020   Code   RO         3275    .text               mc_w.l(_chval.o)(mc_w.l)
    0x08025620   0x0000005c   Code   RO         3285    .text               mc_w.l(__dczerorl2.o)(mc_w.l)
    0x0802567c   0x00000028   Code   RO         3088    i.__0sprintf$6      mc_w.l(printf6.o)(mc_w.l)
    0x080256a4   0x00000008   Code   RO         3216    i.__aeabi_errno_addr  mc_w.l(errno.o)(mc_w.l)
    0x080256ac   0x0000000e   Code   RO         3279    i.__scatterload_copy  mc_w.l(handlers.o)(mc_w.l)
    0x080256ba   0x00000002   Code   RO         3280    i.__scatterload_null  mc_w.l(handlers.o)(mc_w.l)
    0x080256bc   0x0000000e   Code   RO         3281    i.__scatterload_zeroinit  mc_w.l(handlers.o)(mc_w.l)
    0x080256ca   0x00000002   PAD
    0x080256cc   0x000002f0   Code   RO         3093    i._printf_core      mc_w.l(printf6.o)(mc_w.l)
    0x080259bc   0x00000026   Code   RO         3094    i._printf_post_padding  mc_w.l(printf6.o)(mc_w.l)
    0x080259e2   0x0000002e   Code   RO         3095    i._printf_pre_padding  mc_w.l(printf6.o)(mc_w.l)
    0x08025a10   0x0000000a   Code   RO         3097    i._sputc            mc_w.l(printf6.o)(mc_w.l)
    0x08025a1a   0x00000013   Data   RO           15    .constdata          cpuport.o
    0x08025a2d   0x000000b3   Data   RO          380    .constdata          tftp.o
    0x08025ae0   0x000000a8   Data   RO          764    .constdata          device.o
    0x08025b88   0x00000016   Data   RO          779    .constdata          idle.o
    0x08025b9e   0x000001d7   Data   RO          798    .constdata          ipc.o
    0x08025d75   0x00000122   Data   RO          831    .constdata          kservice.o
    0x08025e97   0x00000001   PAD
    0x08025e98   0x00000160   Data   RO          848    .constdata          mem.o
    0x08025ff8   0x0000005e   Data   RO          895    .constdata          object.o
    0x08026056   0x0000004e   Data   RO          916    .constdata          scheduler.o
    0x080260a4   0x000000aa   Data   RO          942    .constdata          thread.o
    0x0802614e   0x0000005c   Data   RO          959    .constdata          timer.o
    0x080261aa   0x00000024   Data   RO          994    .constdata          led.o
    0x080261ce   0x00000002   PAD
    0x080261d0   0x00000050   Data   RO         1012    .constdata          usart.o
    0x08026220   0x000000a3   Data   RO         1041    .constdata          spi_core.o
    0x080262c3   0x000000d9   Data   RO         1054    .constdata          spi_dev.o
    0x0802639c   0x0000002d   Data   RO         1120    .constdata          enc28j60.o
    0x080263c9   0x00000023   Data   RO         1154    .constdata          spi_instruction.o
    0x080263ec   0x00000043   Data   RO         1203    .constdata          protocol.o
    0x0802642f   0x00000035   Data   RO         1269    .constdata          iic_eeprom.o
    0x08026464   0x00000e08   Data   RO         1288    .constdata          oled.o
    0x0802726c   0x0000004b   Data   RO         1354    .constdata          dataqueue.o
    0x080272b7   0x00000086   Data   RO         1424    .constdata          serial.o
    0x0802733d   0x00000003   PAD
    0x08027340   0x00000293   Data   RO         1437    .constdata          cmd.o
    0x080275d3   0x00000001   PAD
    0x080275d4   0x000000c4   Data   RO         1562    .constdata          finsh_ops.o
    0x08027698   0x00000040   Data   RO         1595    .constdata          finsh_token.o
    0x080276d8   0x0000004d   Data   RO         1676    .constdata          shell.o
    0x08027725   0x00000023   Data   RO         1708    .constdata          dfs.o
    0x08027748   0x0000005f   Data   RO         1772    .constdata          dfs_file.o
    0x080277a7   0x0000005c   Data   RO         1791    .constdata          dfs_fs.o
    0x08027803   0x00000019   Data   RO         1807    .constdata          dfs_posix.o
    0x0802781c   0x0000001e   Data   RO         1987    .constdata          memp.o
    0x0802783a   0x00000002   PAD
    0x0802783c   0x00000050   Data   RO         2131    .constdata          tcp.o
    0x0802788c   0x00000055   Data   RO         2184    .constdata          tcp_out.o
    0x080278e1   0x00000003   PAD
    0x080278e4   0x00000040   Data   RO         2422    .constdata          sockets.o
    0x08027924   0x00000008   Data   RO         2584    .constdata          ip_addr.o
    0x0802792c   0x000000b3   Data   RO         2612    .constdata          sys_arch.o
    0x080279df   0x00000001   PAD
    0x080279e0   0x00000050   Data   RO         2653    .constdata          etharp.o
    0x08027a30   0x000000ec   Data   RO         2673    .constdata          ethernetif.o
    0x08027b1c   0x00000081   Data   RO         3245    .constdata          mc_w.l(ctype_o.o)(mc_w.l)
    0x08027b9d   0x00000003   PAD
    0x08027ba0   0x00000004   Data   RO         3246    .constdata          mc_w.l(ctype_o.o)(mc_w.l)
    0x08027ba4   0x000000e9   Data   RO         1438    .conststring        cmd.o
    0x08027c8d   0x000000d8   Data   RO         1497    .conststring        finsh_error.o
    0x08027d65   0x00000028   Data   RO         1596    .conststring        finsh_token.o
    0x08027d8d   0x00000068   Data   RO         2132    .conststring        tcp.o
    0x08027df5   0x000000da   Data   RO         2720    .conststring        file.o
    0x08027ecf   0x00000001   PAD
    0x08027ed0   0x00000004   Data   RO         1321    .rti_fn.0           components.o
    0x08027ed4   0x00000004   Data   RO         1322    .rti_fn.1.post      components.o
    0x08027ed8   0x00000004   Data   RO         1323    .rti_fn.7           components.o
    0x08027edc   0x0000003c   Data   RO          382    FSymTab             tftp.o
    0x08027f18   0x0000000c   Data   RO          850    FSymTab             mem.o
    0x08027f24   0x0000000c   Data   RO          996    FSymTab             led.o
    0x08027f30   0x0000000c   Data   RO         1122    FSymTab             enc28j60.o
    0x08027f3c   0x0000000c   Data   RO         1155    FSymTab             spi_instruction.o
    0x08027f48   0x0000000c   Data   RO         1270    FSymTab             iic_eeprom.o
    0x08027f54   0x00000090   Data   RO         1440    FSymTab             cmd.o
    0x08027fe4   0x00000030   Data   RO         1773    FSymTab             dfs_file.o
    0x08028014   0x00000018   Data   RO         1792    FSymTab             dfs_fs.o
    0x0802802c   0x0000000c   Data   RO         1808    FSymTab             dfs_posix.o
    0x08028038   0x00000030   Data   RO         2675    FSymTab             ethernetif.o
    0x08028068   0x00000020   Data   RO         3277    Region$$Table       anon$$obj.o
    0x08028088   0x00000010   Data   RO         1441    VSymTab             cmd.o


    Execution Region RW_IRAM1 (Base: 0x20000000, Size: 0x00007e30, Max: 0x00010000, ABSOLUTE, COMPRESSED[0x000001ac])

    Base Addr    Size         Type   Attr      Idx    E Section Name        Object

    0x20000000   0x00000010   Data   RW           16    .data               cpuport.o
    0x20000010   0x00000014   Data   RW          208    .data               application.o
    0x20000024   0x0000001c   Data   RW          342    .data               tcpserver.o
    0x20000040   0x00000008   Data   RW          381    .data               tftp.o
    0x20000048   0x00000010   Data   RW          426    .data               pcm4104.o
    0x20000058   0x00000014   Data   RW          636    .data               stm32f10x_rcc.o
    0x2000006c   0x00000014   Data   RW          732    .data               system_stm32f10x.o
    0x20000080   0x00000004   Data   RW          750    .data               clock.o
    0x20000084   0x00000004   Data   RW          780    .data               idle.o
    0x20000088   0x00000001   Data   RW          815    .data               irq.o
    0x20000089   0x00000003   PAD
    0x2000008c   0x00000008   Data   RW          832    .data               kservice.o
    0x20000094   0x00000020   Data   RW          849    .data               mem.o
    0x200000b4   0x000000a4   Data   RW          896    .data               object.o
    0x20000158   0x0000001c   Data   RW          917    .data               scheduler.o
    0x20000174   0x00000010   Data   RW          960    .data               timer.o
    0x20000184   0x00000005   Data   RW          995    .data               led.o
    0x20000189   0x00000003   PAD
    0x2000018c   0x00000008   Data   RW         1013    .data               usart.o
    0x20000194   0x00000008   Data   RW         1088    .data               rt_stm32f10x_spi.o
    0x2000019c   0x00000014   Data   RW         1121    .data               enc28j60.o
    0x200001b0   0x00000010   Data   RW         1170    .data               key_input.o
    0x200001c0   0x00000098   Data   RW         1204    .data               protocol.o
    0x20000258   0x00000008   Data   RW         1255    .data               address_485.o
    0x20000260   0x00000004   Data   RW         1304    .data               timer2.o
    0x20000264   0x00000004   Data   RW         1439    .data               cmd.o
    0x20000268   0x00000008   Data   RW         1460    .data               finsh_compiler.o
    0x20000270   0x0000003d   Data   RW         1498    .data               finsh_error.o
    0x200002ad   0x00000003   PAD
    0x200002b0   0x00000008   Data   RW         1514    .data               finsh_heap.o
    0x200002b8   0x00000004   Data   RW         1611    .data               finsh_var.o
    0x200002bc   0x0000000c   Data   RW         1634    .data               finsh_vm.o
    0x200002c8   0x00000004   Data   RW         1677    .data               shell.o
    0x200002cc   0x00000010   Data   RW         1693    .data               symbol.o
    0x200002dc   0x00000014   Data   RW         1857    .data               dns.o
    0x200002f0   0x00000009   Data   RW         2030    .data               netif.o
    0x200002f9   0x00000001   Data   RW         2069    .data               pbuf.o
    0x200002fa   0x00000002   PAD
    0x200002fc   0x00000004   Data   RW         2096    .data               raw.o
    0x20000300   0x00000023   Data   RW         2133    .data               tcp.o
    0x20000323   0x00000001   PAD
    0x20000324   0x00000020   Data   RW         2159    .data               tcp_in.o
    0x20000344   0x00000008   Data   RW         2197    .data               timers.o
    0x2000034c   0x00000008   Data   RW         2235    .data               udp.o
    0x20000354   0x00000008   Data   RW         2423    .data               sockets.o
    0x2000035c   0x0000000c   Data   RW         2466    .data               tcpip.o
    0x20000368   0x0000000c   Data   RW         2524    .data               igmp.o
    0x20000374   0x00000012   Data   RW         2559    .data               ip.o
    0x20000386   0x00000006   Data   RW         2613    .data               sys_arch.o
    0x2000038c   0x00000001   Data   RW         2654    .data               etharp.o
    0x2000038d   0x00000003   PAD
    0x20000390   0x00000130   Data   RW         2721    .data               file.o
    0x200004c0   0x00000008   Data   RW         2885    .data               spi_task.o
    0x200004c8   0x00000004   Data   RW         2906    .data               mc_w.l(rand.o)(mc_w.l)
    0x200004cc   0x00000004   Data   RW         3219    .data               mc_w.l(errno.o)(mc_w.l)
    0x200004d0   0x000006a8   Zero   RW          207    .bss                application.o
    0x20000b78   0x0000043c   Zero   RW          341    .bss                tcpserver.o
    0x20000fb4   0x00000204   Zero   RW          379    .bss                tftp.o
    0x200011b8   0x00000180   Zero   RW          778    .bss                idle.o
    0x20001338   0x00000080   Zero   RW          830    .bss                kservice.o
    0x200013b8   0x00000020   Zero   RW          847    .bss                mem.o
    0x200013d8   0x00000100   Zero   RW          915    .bss                scheduler.o
    0x200014d8   0x000000c0   Zero   RW         1011    .bss                usart.o
    0x20001598   0x00000244   Zero   RW         1119    .bss                enc28j60.o
    0x200017dc   0x00000190   Zero   RW         1153    .bss                spi_instruction.o
    0x2000196c   0x00000258   Zero   RW         1202    .bss                protocol.o
    0x20001bc4   0x00000400   Zero   RW         1254    .bss                address_485.o
    0x20001fc4   0x0000001e   Zero   RW         1303    .bss                timer2.o
    0x20001fe2   0x00000002   PAD
    0x20001fe4   0x00000080   Zero   RW         1513    .bss                finsh_heap.o
    0x20002064   0x00000140   Zero   RW         1547    .bss                finsh_node.o
    0x200021a4   0x000000c0   Zero   RW         1610    .bss                finsh_var.o
    0x20002264   0x00000180   Zero   RW         1633    .bss                finsh_vm.o
    0x200023e4   0x00000880   Zero   RW         1675    .bss                shell.o
    0x20002c64   0x000000d4   Zero   RW         1707    .bss                dfs.o
    0x20002d38   0x00000124   Zero   RW         1771    .bss                dfs_file.o
    0x20002e5c   0x00000663   Zero   RW         1856    .bss                dns.o
    0x200034bf   0x00000001   PAD
    0x200034c0   0x00000014   Zero   RW         2158    .bss                tcp_in.o
    0x200034d4   0x00000180   Zero   RW         2421    .bss                sockets.o
    0x20003654   0x00000010   Zero   RW         2583    .bss                ip_addr.o
    0x20003664   0x000000c8   Zero   RW         2652    .bss                etharp.o
    0x2000372c   0x00000600   Zero   RW         2672    .bss                ethernetif.o
    0x20003d2c   0x00002000   Zero   RW         2719    .bss                file.o
    0x20005d2c   0x00000a80   Zero   RW         2866    .bss                rs485_task.o
    0x200067ac   0x00001280   Zero   RW         2884    .bss                spi_task.o
    0x20007a2c   0x00000004   PAD
    0x20007a30   0x00000400   Zero   RW            1    STACK               startup_stm32f10x_hd.o


==============================================================================

Image component sizes


      Code (inc. data)   RO Data    RW Data    ZI Data      Debug   Object Name

       660         28          0          8       1024          0   address_485.o
      3392        888          0          0          0          0   api_lib.o
      6320       1220          0          0          0          0   api_msg.o
       812        220          0         20       1704          0   application.o
       152         22          0          0          0          0   board.o
        96          4          0          4          0          0   clock.o
      3004       1238       1052          4          0          0   cmd.o
        64         12         12          0          0          0   components.o
       240         26          0          0          0          0   context_rvds.o
      1524        768         19         16          0          0   cpuport.o
      1208        144         75          0          0          0   dataqueue.o
        62          0          0          0          0          0   def.o
      1044        166        168          0          0          0   device.o
      1008        162         35          0        212          0   dfs.o
      2504        358        143          0        292          0   dfs_file.o
      1588        294        116          0          0          0   dfs_fs.o
      1340         48         37          0          0          0   dfs_posix.o
      1916        238          0         20       1635          0   dns.o
       128          4          0          0          0          0   dsp_reset.o
      4236        722         57         20        580          0   enc28j60.o
      3904        590         80          1        200          0   etharp.o
      2528        820        284          0       1536          0   ethernetif.o
     10748       2102        218        304       8192          0   file.o
      6222        120          0          8          0          0   finsh_compiler.o
        44         10        216         61          0          0   finsh_error.o
       528         18          0          8        128          0   finsh_heap.o
        88          6          0          0          0          0   finsh_init.o
       388          4          0          0        320          0   finsh_node.o
      2648         38        196          0          0          0   finsh_ops.o
      2428         32          0          0          0          0   finsh_parser.o
      1624         16        104          0          0          0   finsh_token.o
       408         16          0          4        192          0   finsh_var.o
       228         34          0         12        384          0   finsh_vm.o
      1032        320          0          0          0          0   icmp.o
       356        106         22          4        384          0   idle.o
      1940        354          0         12          0          0   igmp.o
      1516         94         65          0          0          0   iic_eeprom.o
       640         48          0          0          0          0   inet_chksum.o
        36          0          0          0          0          0   init.o
      1252        116          0         18          0          0   ip.o
       752         54          8          0         16          0   ip_addr.o
      6656        460        471          0          0          0   ipc.o
        72          6          0          1          0          0   irq.o
       504         46          0         16          0          0   key_input.o
      2448        170        290          8        128          0   kservice.o
       204         12         48          5          0          0   led.o
      2424        586        364         32         32          0   mem.o
         0          0         30          0          0          0   memp.o
       248         30          0          0          0          0   misc.o
       908        292          0          0          0          0   netbuf.o
       832         72          0          9          0          0   netif.o
       246          0          0          0          0          0   netifapi.o
       816        186         94        164          0          0   object.o
      1384         28       3592          0          0          0   oled.o
      4080       1122          0          1          0          0   pbuf.o
       120         10          0         16          0          0   pcm4104.o
      3360       1144         67        152        600          0   protocol.o
       532         80          0          4          0          0   raw.o
       224         94          0          0       2688          0   rs485_task.o
       660         26          0          8          0          0   rt_stm32f10x_spi.o
       800        180         78         28        256          0   scheduler.o
      1488        212        134          0          0          0   serial.o
      2456        306         77          4       2176          0   shell.o
      7992        662         64          8        384          0   sockets.o
         0          0          0          0          0          0   spi_bus.o
      1904        200        163          0          0          0   spi_core.o
       884        204        217          0          0          0   spi_dev.o
      1176        132         47          0        400          0   spi_instruction.o
       284         50          0          8       4736          0   spi_task.o
       196         96          0          0          0          0   startup.o
        36          8        304          0       1024          0   startup_stm32f10x_hd.o
       316         28          0          0          0          0   stm32f10x_exti.o
       856         40          0          0          0          0   stm32f10x_gpio.o
        18          0          0          0          0          0   stm32f10x_it.o
       932         52          0         20          0          0   stm32f10x_rcc.o
       784         12          0          0          0          0   stm32f10x_spi.o
      3502         86          0          0          0          0   stm32f10x_tim.o
      1036         20          0          0          0          0   stm32f10x_usart.o
         0          0          0         16          0          0   symbol.o
      2080        378        179          6          0          0   sys_arch.o
       456         36          0         20          0          0   system_stm32f10x.o
      5396       1078        184         35          0          0   tcp.o
      7548       1012          0         32         20          0   tcp_in.o
      4994        902         85          0          0          0   tcp_out.o
      1024        166          0         12          0          0   tcpip.o
      1144        218          0         28       1084          0   tcpserver.o
      1644        384        239          8        516          0   tftp.o
      1672        246        170          0          0          0   thread.o
      1340        146         92         16          0          0   timer.o
       252         24          0          4         30          0   timer2.o
       716        130          0          8          0          0   timers.o
      1544        148          0          8          0          0   udp.o
       784        126         80          8        192          0   usart.o

    ----------------------------------------------------------------------
    151592      23106      10022       1224      31072          0   Object Totals
         0          0         32          0          0          0   (incl. Generated)
        12          0         14         15          7          0   (incl. Padding)

    ----------------------------------------------------------------------

      Code (inc. data)   RO Data    RW Data    ZI Data      Debug   Library Member Name

        92          0          0          0          0          0   __dczerorl2.o
        32          0          0          0          0          0   _chval.o
       156          0          0          0          0          0   _strtoul.o
        26          0          0          0          0          0   atoi.o
         8          4        133          0          0          0   ctype_o.o
         0          0          0          0          0          0   entry.o
         8          4          0          0          0          0   entry2.o
         4          0          0          0          0          0   entry5.o
         8          4          0          0          0          0   entry7.o
         8          4          0          4          0          0   errno.o
        30          0          0          0          0          0   handlers.o
        36          8          0          0          0          0   init.o
         0          0          0          0          0          0   iusefp.o
        30          0          0          0          0          0   llshl.o
        32          0          0          0          0          0   llushr.o
        26          0          0          0          0          0   memcmp.o
        36          0          0          0          0          0   memcpya.o
        38          0          0          0          0          0   memseta.o
       886         10          0          0          0          0   printf6.o
        36         10          0          4          0          0   rand.o
        28          0          0          0          0          0   strcmp.o
        18          0          0          0          0          0   strcpy.o
        16          0          0          0          0          0   strlen.o
        30          0          0          0          0          0   strncmp.o
        24          0          0          0          0          0   strncpy.o
        32          0          0          0          0          0   strrchr.o
       112          0          0          0          0          0   strtol.o
        44          0          0          0          0          0   uidiv.o
       222          0          0          0          0          0   ddiv.o
       194          0          0          0          0          0   depilogue.o
        26          0          0          0          0          0   dfltui.o

    ----------------------------------------------------------------------
      2242         44        136          8          0          0   Library Totals
         4          0          3          0          0          0   (incl. Padding)

    ----------------------------------------------------------------------

      Code (inc. data)   RO Data    RW Data    ZI Data      Debug   Library Name

      1796         44        133          8          0       1996   mc_w.l
       442          0          0          0          0        360   mf_w.l

    ----------------------------------------------------------------------
      2242         44        136          8          0          0   Library Totals

    ----------------------------------------------------------------------

==============================================================================


      Code (inc. data)   RO Data    RW Data    ZI Data      Debug   

    153834      23150      10158       1232      31072     992632   Grand Totals
    153834      23150      10158        428      31072     992632   ELF Image Totals (compressed)
    153834      23150      10158        428          0          0   ROM Totals

==============================================================================

    Total RO  Size (Code + RO Data)               163992 ( 160.15kB)
    Total RW  Size (RW Data + ZI Data)             32304 (  31.55kB)
    Total ROM Size (Code + RO Data + RW Data)     164420 ( 160.57kB)

==============================================================================

