ARM Linker, 4.1 [Build 481] [Standard]

==============================================================================

Section Cross References

    startup_stm32f10x_hd.o(RESET) refers to startup_stm32f10x_hd.o(STACK) for __initial_sp
    startup_stm32f10x_hd.o(RESET) refers to startup_stm32f10x_hd.o(.text) for Reset_Handler
    startup_stm32f10x_hd.o(RESET) refers to stm32f10x_it.o(.text) for NMI_Handler
    startup_stm32f10x_hd.o(RESET) refers to context_rvds.o(.text) for HardFault_Handler
    startup_stm32f10x_hd.o(RESET) refers to board.o(.text) for SysTick_Handler
    startup_stm32f10x_hd.o(RESET) refers to enc28j60.o(.text) for EXTI9_5_IRQHandler
    startup_stm32f10x_hd.o(RESET) refers to usart.o(.text) for USART1_IRQHandler
    startup_stm32f10x_hd.o(.text) refers to system_stm32f10x.o(.text) for SystemInit
    startup_stm32f10x_hd.o(.text) refers to entry.o(.ARM.Collect$$$$00000000) for __main
    context_rvds.o(.text) refers to cpuport.o(.text) for rt_hw_hard_fault_exception
    context_rvds.o(.text) refers to cpuport.o(.data) for rt_thread_switch_interrupt_flag
    cpuport.o(.text) refers to kservice.o(.text) for rt_kprintf
    cpuport.o(.text) refers to thread.o(.text) for rt_thread_self
    cpuport.o(.text) refers to cmd.o(.text) for list_thread
    cpuport.o(.text) refers to cpuport.o(.data) for rt_exception_hook
    cpuport.o(.text) refers to cpuport.o(.constdata) for __FUNCTION__
    showmem.o(.text) refers to kservice.o(.text) for rt_kprintf
    showmem.o(.text) refers to showmem.o(.constdata) for __FUNCTION__
    startup.o(.text) refers to kservice.o(.text) for rt_kprintf
    startup.o(.text) refers to board.o(.text) for rt_hw_board_init
    startup.o(.text) refers to mem.o(.text) for rt_system_heap_init
    startup.o(.text) refers to scheduler.o(.text) for rt_system_scheduler_init
    startup.o(.text) refers to timer.o(.text) for rt_system_timer_init
    startup.o(.text) refers to application.o(.text) for rt_application_init
    startup.o(.text) refers to shell.o(.text) for finsh_system_init
    startup.o(.text) refers to idle.o(.text) for rt_thread_idle_init
    startup.o(.text) refers to context_rvds.o(.text) for rt_hw_interrupt_disable
    application.o(.text) refers to kservice.o(.text) for rt_kprintf
    application.o(.text) refers to key_input.o(.text) for rt_hw_key_init
    application.o(.text) refers to led.o(.text) for rt_hw_led_init
    application.o(.text) refers to thread.o(.text) for rt_thread_delay
    application.o(.text) refers to lcd1602.o(.text) for rt_hw_lcd1602_init
    application.o(.text) refers to spi_instruction.o(.text) for SPI_DSP_Init
    application.o(.text) refers to internal_flash.o(.text) for Internal_Flash_Write
    application.o(.text) refers to do_data.o(.text) for do_set_cmd_entry
    application.o(.text) refers to components.o(.text) for rt_components_init
    application.o(.text) refers to shell.o(.text) for finsh_set_device
    application.o(.text) refers to iic_cs4385.o(.text) for IIC_Init
    application.o(.text) refers to ethernetif.o(.text) for eth_system_device_init
    application.o(.text) refers to enc28j60.o(.text) for rt_hw_stm32_eth_init
    application.o(.text) refers to sys_arch.o(.text) for lwip_sys_init
    application.o(.text) refers to tcpserver.o(.text) for tcpserv
    application.o(.text) refers to application.o(.data) for g_i_have_key_pressed
    application.o(.text) refers to application.o(.bss) for led_stack
    echo.o(.text) refers to ipc.o(.text) for rt_mq_send
    echo.o(.text) refers to kservice.o(.text) for rt_kprintf
    echo.o(.text) refers to device.o(.text) for rt_device_find
    echo.o(.text) refers to thread.o(.text) for rt_thread_create
    echo.o(.text) refers to echo.o(.bss) for rx_mq
    tcpserver.o(.text) refers to kservice.o(.text) for rt_kprintf
    tcpserver.o(.text) refers to sockets.o(.text) for lwip_socket
    tcpserver.o(.text) refers to mem.o(.text) for rt_free
    tcpserver.o(.text) refers to def.o(.text) for lwip_htons
    tcpserver.o(.text) refers to ip_addr.o(.text) for ipaddr_ntoa
    tcpserver.o(.text) refers to strcmp.o(.text) for strcmp
    tcpserver.o(FSymTab) refers to tcpserver.o(.constdata) for __fsym_tcpserv_name
    tcpserver.o(FSymTab) refers to tcpserver.o(.text) for tcpserv
    stm32f10x_adc.o(.text) refers to stm32f10x_rcc.o(.text) for RCC_APB2PeriphResetCmd
    stm32f10x_bkp.o(.text) refers to stm32f10x_rcc.o(.text) for RCC_BackupResetCmd
    stm32f10x_can.o(.text) refers to stm32f10x_rcc.o(.text) for RCC_APB1PeriphResetCmd
    stm32f10x_cec.o(.text) refers to stm32f10x_rcc.o(.text) for RCC_APB1PeriphResetCmd
    stm32f10x_dac.o(.text) refers to stm32f10x_rcc.o(.text) for RCC_APB1PeriphResetCmd
    stm32f10x_gpio.o(.text) refers to stm32f10x_rcc.o(.text) for RCC_APB2PeriphResetCmd
    stm32f10x_i2c.o(.text) refers to stm32f10x_rcc.o(.text) for RCC_APB1PeriphResetCmd
    stm32f10x_pwr.o(.text) refers to stm32f10x_rcc.o(.text) for RCC_APB1PeriphResetCmd
[...]
    do_show_data                             0x0800a5af   Thumb Code    38  do_data.o(.text)
    do_show_data_all                         0x0800a5d5   Thumb Code    30  do_data.o(.text)
    GetCfgAndSendHandle                      0x0800a5f3   Thumb Code    14  do_data.o(.text)
    do_get_data                              0x0800a601   Thumb Code   104  do_data.o(.text)
    do_delete_data                           0x0800a669   Thumb Code     2  do_data.o(.text)
    do_export_data                           0x0800a66b   Thumb Code     6  do_data.o(.text)
    do_import_data                           0x0800a671   Thumb Code     6  do_data.o(.text)
    get_table_name                           0x0800a75d   Thumb Code    48  inc.o(.text)
    get_cmd_index                            0x0800a7f1   Thumb Code    96  inc.o(.text)
    get_cmd_id                               0x0800a851   Thumb Code   118  inc.o(.text)
    get_cmd_desc                             0x0800a8c7   Thumb Code   238  inc.o(.text)
    database_reboot                          0x0800a9b5   Thumb Code     2  inc.o(.text)
    transfer_handle_register                 0x0800a9f1   Thumb Code     2  inc.o(.text)
    rt_components_board_init                 0x0800ab1d   Thumb Code    20  components.o(.text)
    rt_components_init                       0x0800ab31   Thumb Code    20  components.o(.text)
    rt_data_queue_init                       0x0800ab5f   Thumb Code    94  dataqueue.o(.text)
    rt_data_queue_push                       0x0800abbd   Thumb Code   310  dataqueue.o(.text)
    rt_data_queue_pop                        0x0800acf3   Thumb Code   406  dataqueue.o(.text)
    rt_data_queue_peak                       0x0800ae89   Thumb Code   110  dataqueue.o(.text)
    rt_data_queue_reset                      0x0800aef7   Thumb Code   252  dataqueue.o(.text)
    rt_hw_serial_register                    0x0800b3b3   Thumb Code   258  serial.o(.text)
    rt_hw_serial_isr                         0x0800b4b5   Thumb Code   180  serial.o(.text)
    rt_hw_serial_dma_tx_isr                  0x0800b569   Thumb Code    64  serial.o(.text)
    hello                                    0x0800b5ed   Thumb Code    12  cmd.o(.text)
    version                                  0x0800b5f9   Thumb Code    10  cmd.o(.text)
    list_thread                              0x0800b6b1   Thumb Code    10  cmd.o(.text)
    list_sem                                 0x0800b74f   Thumb Code    12  cmd.o(.text)
    list_event                               0x0800b7bb   Thumb Code    12  cmd.o(.text)
    list_mutex                               0x0800b809   Thumb Code    12  cmd.o(.text)
    list_mailbox                             0x0800b88d   Thumb Code    12  cmd.o(.text)
    list_msgqueue                            0x0800b905   Thumb Code    12  cmd.o(.text)
    list_mempool                             0x0800b973   Thumb Code    12  cmd.o(.text)
    list_timer                               0x0800bdb1   Thumb Code    10  cmd.o(.text)
    list_device                              0x0800be0d   Thumb Code    12  cmd.o(.text)
    list                                     0x0800be19   Thumb Code   126  cmd.o(.text)
    list_prefix                              0x0800bed9   Thumb Code   434  cmd.o(.text)
    finsh_compiler_run                       0x0800d979   Thumb Code   106  finsh_compiler.o(.text)
    finsh_error_init                         0x0800d9e5   Thumb Code     8  finsh_error.o(.text)
    finsh_error_set                          0x0800d9ed   Thumb Code    10  finsh_error.o(.text)
    finsh_errno                              0x0800d9f7   Thumb Code     6  finsh_error.o(.text)
    finsh_error_string                       0x0800d9fd   Thumb Code    10  finsh_error.o(.text)
    finsh_heap_init                          0x0800da11   Thumb Code    36  finsh_heap.o(.text)
    finsh_heap_free                          0x0800db35   Thumb Code    34  finsh_heap.o(.text)
    finsh_heap_allocate                      0x0800dba5   Thumb Code   106  finsh_heap.o(.text)
    finsh_init                               0x0800dc21   Thumb Code    30  finsh_init.o(.text)
    finsh_stack_bottom                       0x0800dc3f   Thumb Code     6  finsh_init.o(.text)
    finsh_flush                              0x0800dc45   Thumb Code    22  finsh_init.o(.text)
    finsh_reset                              0x0800dc5b   Thumb Code    24  finsh_init.o(.text)
    finsh_node_init                          0x0800dc79   Thumb Code    16  finsh_node.o(.text)
    finsh_node_allocate                      0x0800dc89   Thumb Code    56  finsh_node.o(.text)
    finsh_node_new_id                        0x0800dcc1   Thumb Code   118  finsh_node.o(.text)
    finsh_node_new_char                      0x0800dd37   Thumb Code    30  finsh_node.o(.text)
    finsh_node_new_int                       0x0800dd55   Thumb Code    30  finsh_node.o(.text)
    finsh_node_new_long                      0x0800dd73   Thumb Code    30  finsh_node.o(.text)
    finsh_node_new_string                    0x0800dd91   Thumb Code    74  finsh_node.o(.text)
    finsh_node_new_ptr                       0x0800dddb   Thumb Code    30  finsh_node.o(.text)
    OP_no_op                                 0x0800ddfd   Thumb Code     2  finsh_ops.o(.text)
    OP_add_byte                              0x0800ddff   Thumb Code    42  finsh_ops.o(.text)
    OP_add_word                              0x0800de29   Thumb Code    44  finsh_ops.o(.text)
    OP_add_dword                             0x0800de55   Thumb Code    42  finsh_ops.o(.text)
    OP_sub_byte                              0x0800de7f   Thumb Code    42  finsh_ops.o(.text)
    OP_sub_word                              0x0800dea9   Thumb Code    44  finsh_ops.o(.text)
    OP_sub_dword                             0x0800ded5   Thumb Code    42  finsh_ops.o(.text)
    OP_div_byte                              0x0800deff   Thumb Code    44  finsh_ops.o(.text)
    OP_div_word                              0x0800df2b   Thumb Code    46  finsh_ops.o(.text)
    OP_div_dword                             0x0800df59   Thumb Code    44  finsh_ops.o(.text)
    OP_mod_byte                              0x0800df85   Thumb Code    48  finsh_ops.o(.text)
    OP_mod_word                              0x0800dfb5   Thumb Code    50  finsh_ops.o(.text)
    OP_mod_dword                             0x0800dfe7   Thumb Code    48  finsh_ops.o(.text)
    OP_mul_byte                              0x0800e017   Thumb Code    42  finsh_ops.o(.text)
    OP_mul_word                              0x0800e041   Thumb Code    44  finsh_ops.o(.text)
    OP_mul_dword                             0x0800e06d   Thumb Code    42  finsh_ops.o(.text)
    OP_and_byte                              0x0800e097   Thumb Code    42  finsh_ops.o(.text)
    OP_and_word                              0x0800e0c1   Thumb Code    42  finsh_ops.o(.text)
    OP_and_dword                             0x0800e0eb   Thumb Code    42  finsh_ops.o(.text)
    OP_or_byte                               0x0800e115   Thumb Code    42  finsh_ops.o(.text)
    OP_or_word                               0x0800e13f   Thumb Code    42  finsh_ops.o(.text)
    OP_or_dword                              0x0800e169   Thumb Code    42  finsh_ops.o(.text)
    OP_xor_byte                              0x0800e193   Thumb Code    42  finsh_ops.o(.text)
    OP_xor_word                              0x0800e1bd   Thumb Code    48  finsh_ops.o(.text)
    OP_xor_dword                             0x0800e1ed   Thumb Code    42  finsh_ops.o(.text)
    OP_bw_byte                               0x0800e217   Thumb Code    20  finsh_ops.o(.text)
    OP_bw_word                               0x0800e22b   Thumb Code    20  finsh_ops.o(.text)
    OP_bw_dword                              0x0800e23f   Thumb Code    20  finsh_ops.o(.text)
    OP_shl_byte                              0x0800e253   Thumb Code    42  finsh_ops.o(.text)
    OP_shl_word                              0x0800e27d   Thumb Code    44  finsh_ops.o(.text)
    OP_shl_dword                             0x0800e2a9   Thumb Code    42  finsh_ops.o(.text)
    OP_shr_byte                              0x0800e2d3   Thumb Code    42  finsh_ops.o(.text)
    OP_shr_word                              0x0800e2fd   Thumb Code    44  finsh_ops.o(.text)
    OP_shr_dword                             0x0800e329   Thumb Code    42  finsh_ops.o(.text)
    OP_ld_byte                               0x0800e353   Thumb Code    34  finsh_ops.o(.text)
    OP_ld_word                               0x0800e375   Thumb Code    46  finsh_ops.o(.text)
    OP_ld_dword                              0x0800e3a3   Thumb Code    64  finsh_ops.o(.text)
    OP_ld_value_byte                         0x0800e3e3   Thumb Code    66  finsh_ops.o(.text)
    OP_ld_value_byte_stack                   0x0800e425   Thumb Code    20  finsh_ops.o(.text)
    OP_ld_value_word                         0x0800e439   Thumb Code    66  finsh_ops.o(.text)
    OP_ld_value_word_stack                   0x0800e47b   Thumb Code    20  finsh_ops.o(.text)
    OP_ld_value_dword                        0x0800e48f   Thumb Code    66  finsh_ops.o(.text)
    OP_ld_value_dword_stack                  0x0800e4d1   Thumb Code    20  finsh_ops.o(.text)
    OP_st_byte                               0x0800e4e5   Thumb Code    30  finsh_ops.o(.text)
    OP_st_word                               0x0800e503   Thumb Code    30  finsh_ops.o(.text)
    OP_st_dword                              0x0800e521   Thumb Code    30  finsh_ops.o(.text)
    OP_pop                                   0x0800e53f   Thumb Code    12  finsh_ops.o(.text)
    OP_call                                  0x0800e54b   Thumb Code   774  finsh_ops.o(.text)
    finsh_parser_run                         0x0800f0e5   Thumb Code   220  finsh_parser.o(.text)
    finsh_parser_init                        0x0800f1c1   Thumb Code    16  finsh_parser.o(.text)
    finsh_token_init                         0x0800f1d1   Thumb Code    20  finsh_token.o(.text)
    token_get_string                         0x0800f5c1   Thumb Code   120  finsh_token.o(.text)
    finsh_token_token                        0x0800f7f9   Thumb Code    24  finsh_token.o(.text)
    finsh_token_get_token                    0x0800f811   Thumb Code    20  finsh_token.o(.text)
    finsh_var_init                           0x0800f829   Thumb Code    14  finsh_var.o(.text)
    finsh_var_insert                         0x0800f837   Thumb Code   112  finsh_var.o(.text)
    finsh_var_delete                         0x0800f8a7   Thumb Code    68  finsh_var.o(.text)
    finsh_var_lookup                         0x0800f8eb   Thumb Code    58  finsh_var.o(.text)
    finsh_sysvar_append                      0x0800f925   Thumb Code    62  finsh_var.o(.text)
    finsh_sysvar_lookup                      0x0800f963   Thumb Code    78  finsh_var.o(.text)
    finsh_vm_run                             0x0800f9c1   Thumb Code    62  finsh_vm.o(.text)
    finsh_syscall_append                     0x0800f9ff   Thumb Code    54  finsh_vm.o(.text)
    finsh_syscall_lookup                     0x0800fa35   Thumb Code    78  finsh_vm.o(.text)
    finsh_set_device                         0x0800fad3   Thumb Code   130  shell.o(.text)
    finsh_get_device                         0x0800fb55   Thumb Code    40  shell.o(.text)
    finsh_set_echo                           0x0800fb7d   Thumb Code    42  shell.o(.text)
    finsh_get_echo                           0x0800fba7   Thumb Code    44  shell.o(.text)
    finsh_run_line                           0x0800fbef   Thumb Code   150  shell.o(.text)
    finsh_thread_entry                       0x0800fd3f   Thumb Code  1566  shell.o(.text)
    finsh_system_function_init               0x0801035d   Thumb Code    10  shell.o(.text)
    finsh_system_var_init                    0x08010367   Thumb Code    10  shell.o(.text)
    finsh_system_init                        0x08010371   Thumb Code   118  shell.o(.text)
    dfs_init                                 0x0801043d   Thumb Code    46  dfs.o(.text)
    dfs_lock                                 0x0801046b   Thumb Code    40  dfs.o(.text)
    dfs_unlock                               0x08010493   Thumb Code    10  dfs.o(.text)
    fd_new                                   0x0801049d   Thumb Code    62  dfs.o(.text)
    fd_get                                   0x080104db   Thumb Code    58  dfs.o(.text)
    fd_put                                   0x08010515   Thumb Code    58  dfs.o(.text)
    dfs_normalize_path                       0x0801054f   Thumb Code   368  dfs.o(.text)
    fd_is_open                               0x080106bf   Thumb Code   148  dfs.o(.text)
    dfs_subdir                               0x08010753   Thumb Code    56  dfs.o(.text)
    dfs_file_open                            0x0801082d   Thumb Code   220  dfs_file.o(.text)
    dfs_file_close                           0x08010909   Thumb Code    56  dfs_file.o(.text)
    dfs_file_ioctl                           0x08010941   Thumb Code    52  dfs_file.o(.text)
    dfs_file_read                            0x08010975   Thumb Code    68  dfs_file.o(.text)
    dfs_file_getdents                        0x080109b9   Thumb Code    54  dfs_file.o(.text)
    dfs_file_unlink                          0x080109ef   Thumb Code   148  dfs_file.o(.text)
    dfs_file_write                           0x08010a83   Thumb Code    48  dfs_file.o(.text)
    dfs_file_flush                           0x08010ab3   Thumb Code    36  dfs_file.o(.text)
    dfs_file_lseek                           0x08010ad7   Thumb Code    54  dfs_file.o(.text)
    dfs_file_stat                            0x08010b0d   Thumb Code   188  dfs_file.o(.text)
    dfs_file_rename                          0x08010bc9   Thumb Code   176  dfs_file.o(.text)
    ls                                       0x08010c79   Thumb Code   212  dfs_file.o(.text)
    rm                                       0x08010d4d   Thumb Code    24  dfs_file.o(.text)
    cat                                      0x08010d65   Thumb Code    80  dfs_file.o(.text)
    copy                                     0x08010f7b   Thumb Code   634  dfs_file.o(.text)
    dfs_register                             0x080111f5   Thumb Code    76  dfs_fs.o(.text)
    dfs_filesystem_lookup                    0x08011241   Thumb Code   128  dfs_fs.o(.text)
    dfs_filesystem_get_mounted_path          0x080112c1   Thumb Code    52  dfs_fs.o(.text)
    dfs_filesystem_get_partition             0x080112f5   Thumb Code   230  dfs_fs.o(.text)
    dfs_mount                                0x080113db   Thumb Code   400  dfs_fs.o(.text)
    dfs_unmount                              0x0801156b   Thumb Code   318  dfs_fs.o(.text)
    dfs_mkfs                                 0x080116a9   Thumb Code   138  dfs_fs.o(.text)
    dfs_statfs                               0x08011733   Thumb Code    40  dfs_fs.o(.text)
    mkfs                                     0x0801175b   Thumb Code    16  dfs_fs.o(.text)
    df                                       0x0801176b   Thumb Code    60  dfs_fs.o(.text)
    open                                     0x08011829   Thumb Code    94  dfs_posix.o(.text)
    close                                    0x08011887   Thumb Code    68  dfs_posix.o(.text)
    read                                     0x080118cb   Thumb Code    80  dfs_posix.o(.text)
    write                                    0x0801191b   Thumb Code    80  dfs_posix.o(.text)
    lseek                                    0x0801196b   Thumb Code   138  dfs_posix.o(.text)
    unlink                                   0x080119f5   Thumb Code    32  dfs_posix.o(.text)
    stat                                     0x08011a15   Thumb Code    36  dfs_posix.o(.text)
    fstat                                    0x08011a39   Thumb Code    88  dfs_posix.o(.text)
    statfs                                   0x08011a91   Thumb Code    36  dfs_posix.o(.text)
    mkdir                                    0x08011ab5   Thumb Code    92  dfs_posix.o(.text)
    rmdir                                    0x08011b11   Thumb Code    32  dfs_posix.o(.text)
    opendir                                  0x08011b31   Thumb Code   130  dfs_posix.o(.text)
    readdir                                  0x08011bb3   Thumb Code   132  dfs_posix.o(.text)
    telldir                                  0x08011c37   Thumb Code    50  dfs_posix.o(.text)
    seekdir                                  0x08011c69   Thumb Code    58  dfs_posix.o(.text)
    rewinddir                                0x08011ca3   Thumb Code    56  dfs_posix.o(.text)
    closedir                                 0x08011cdb   Thumb Code    74  dfs_posix.o(.text)
    getcwd                                   0x08011d25   Thumb Code    16  dfs_posix.o(.text)
    lwip_htons                               0x08011d65   Thumb Code    12  def.o(.text)
    lwip_ntohs                               0x08011d71   Thumb Code    12  def.o(.text)
    lwip_htonl                               0x08011d7d   Thumb Code    26  def.o(.text)
    lwip_ntohl                               0x08011d97   Thumb Code    12  def.o(.text)
    dns_setserver                            0x08011da5   Thumb Code    28  dns.o(.text)
    dns_init                                 0x08011fa3   Thumb Code    82  dns.o(.text)
    dns_getserver                            0x08011ff5   Thumb Code    20  dns.o(.text)
    dns_tmr                                  0x08012343   Thumb Code    18  dns.o(.text)
    dns_gethostbyname                        0x08012499   Thumb Code    86  dns.o(.text)
    lwip_init                                0x08012521   Thumb Code    36  init.o(.text)
    netif_init                               0x08012545   Thumb Code     2  netif.o(.text)
    netif_set_gw                             0x08012547   Thumb Code    16  netif.o(.text)
    netif_set_netmask                        0x08012557   Thumb Code    16  netif.o(.text)
    netif_set_ipaddr                         0x08012567   Thumb Code   122  netif.o(.text)
    netif_set_addr                           0x080125e1   Thumb Code    40  netif.o(.text)
    netif_add                                0x08012609   Thumb Code   166  netif.o(.text)
    netif_set_default                        0x080126af   Thumb Code    10  netif.o(.text)
    netif_set_down                           0x080126b9   Thumb Code    42  netif.o(.text)
    netif_remove                             0x080126e3   Thumb Code   110  netif.o(.text)
    netif_find                               0x08012751   Thumb Code    72  netif.o(.text)
    netif_set_up                             0x08012799   Thumb Code    70  netif.o(.text)
    netif_set_link_up                        0x080127df   Thumb Code    70  netif.o(.text)
    netif_set_link_down                      0x08012825   Thumb Code    24  netif.o(.text)
    pbuf_free                                0x08012905   Thumb Code   224  pbuf.o(.text)
    pbuf_alloc                               0x080129e5   Thumb Code  1110  pbuf.o(.text)
    pbuf_realloc                             0x08012e3b   Thumb Code   252  pbuf.o(.text)
    pbuf_header                              0x08012f37   Thumb Code   214  pbuf.o(.text)
    pbuf_clen                                0x0801300d   Thumb Code    18  pbuf.o(.text)
    pbuf_ref                                 0x0801301f   Thumb Code    26  pbuf.o(.text)
    pbuf_cat                                 0x08013039   Thumb Code   136  pbuf.o(.text)
    pbuf_chain                               0x080130c1   Thumb Code    26  pbuf.o(.text)
    pbuf_dechain                             0x080130db   Thumb Code   130  pbuf.o(.text)
    pbuf_copy                                0x0801315d   Thumb Code   820  pbuf.o(.text)
    pbuf_copy_partial                        0x08013491   Thumb Code   190  pbuf.o(.text)
    pbuf_take                                0x0801354f   Thumb Code   210  pbuf.o(.text)
    pbuf_coalesce                            0x08013621   Thumb Code    84  pbuf.o(.text)
    pbuf_get_at                              0x08013675   Thumb Code    46  pbuf.o(.text)
    pbuf_memcmp                              0x080136a3   Thumb Code    96  pbuf.o(.text)
    pbuf_memfind                             0x08013703   Thumb Code    76  pbuf.o(.text)
    pbuf_strstr                              0x0801374f   Thumb Code    60  pbuf.o(.text)
    raw_input                                0x08013875   Thumb Code   102  raw.o(.text)
    raw_bind                                 0x080138db   Thumb Code    16  raw.o(.text)
    raw_connect                              0x080138eb   Thumb Code    16  raw.o(.text)
    raw_recv                                 0x080138fb   Thumb Code     6  raw.o(.text)
    raw_sendto                               0x08013901   Thumb Code   188  raw.o(.text)
    raw_send                                 0x080139bd   Thumb Code    18  raw.o(.text)
    raw_remove                               0x080139cf   Thumb Code    58  raw.o(.text)
    raw_new                                  0x08013a09   Thumb Code    48  raw.o(.text)
    tcp_init                                 0x08013a89   Thumb Code     2  tcp.o(.text)
    tcp_seg_free                             0x08013a8b   Thumb Code    24  tcp.o(.text)
    tcp_segs_free                            0x08013aa3   Thumb Code    24  tcp.o(.text)
    tcp_pcb_purge                            0x08013abb   Thumb Code   104  tcp.o(.text)
    tcp_slowtmr                              0x08013b23   Thumb Code  1470  tcp.o(.text)
    tcp_pcb_remove                           0x080140e1   Thumb Code   222  tcp.o(.text)
    tcp_close                                0x08014381   Thumb Code    28  tcp.o(.text)
    tcp_update_rcv_ann_wnd                   0x0801439d   Thumb Code   106  tcp.o(.text)
    tcp_recved                               0x08014407   Thumb Code   406  tcp.o(.text)
    tcp_recv_null                            0x0801459d   Thumb Code    46  tcp.o(.text)
    tcp_process_refused_data                 0x080145cb   Thumb Code   150  tcp.o(.text)
    tcp_fasttmr                              0x08014661   Thumb Code   114  tcp.o(.text)
    tcp_tmr                                  0x080146d3   Thumb Code    30  tcp.o(.text)
    tcp_shutdown                             0x080146f1   Thumb Code    98  tcp.o(.text)
    tcp_abandon                              0x08014753   Thumb Code   174  tcp.o(.text)
    tcp_abort                                0x08014801   Thumb Code    14  tcp.o(.text)
    tcp_bind                                 0x0801486f   Thumb Code   168  tcp.o(.text)
    tcp_listen_with_backlog                  0x0801491f   Thumb Code   220  tcp.o(.text)
    tcp_eff_send_mss                         0x080149fb   Thumb Code    46  tcp.o(.text)
    tcp_next_iss                             0x08014a29   Thumb Code    20  tcp.o(.text)
    tcp_connect                              0x08014a3d   Thumb Code   586  tcp.o(.text)
    tcp_setprio                              0x08014c87   Thumb Code     4  tcp.o(.text)
    tcp_seg_copy                             0x08014c8b   Thumb Code    40  tcp.o(.text)
    tcp_alloc                                0x08014d39   Thumb Code   210  tcp.o(.text)
    tcp_new                                  0x08014e0b   Thumb Code    10  tcp.o(.text)
    tcp_arg                                  0x08014e15   Thumb Code     4  tcp.o(.text)
    tcp_recv                                 0x08014e19   Thumb Code    44  tcp.o(.text)
    tcp_sent                                 0x08014e45   Thumb Code    42  tcp.o(.text)
    tcp_err                                  0x08014e6f   Thumb Code    44  tcp.o(.text)
    tcp_accept                               0x08014e9b   Thumb Code     4  tcp.o(.text)
    tcp_poll                                 0x08014e9f   Thumb Code    50  tcp.o(.text)
    tcp_debug_state_str                      0x08014ed1   Thumb Code    10  tcp.o(.text)
    tcp_input                                0x0801668d   Thumb Code  1636  tcp_in.o(.text)
    tcp_enqueue_flags                        0x08016e69   Thumb Code   430  tcp_out.o(.text)
    tcp_send_fin                             0x08017017   Thumb Code    74  tcp_out.o(.text)
    tcp_write                                0x080172c5   Thumb Code  1750  tcp_out.o(.text)
    tcp_send_empty_ack                       0x0801799b   Thumb Code   104  tcp_out.o(.text)
    tcp_output                               0x08017ae9   Thumb Code   708  tcp_out.o(.text)
    tcp_rst                                  0x08017dad   Thumb Code   178  tcp_out.o(.text)
    tcp_rexmit_rto                           0x08017e5f   Thumb Code    58  tcp_out.o(.text)
    tcp_rexmit                               0x08017e99   Thumb Code    90  tcp_out.o(.text)
    tcp_rexmit_fast                          0x08017ef3   Thumb Code   120  tcp_out.o(.text)
    tcp_keepalive                            0x08017f6b   Thumb Code   102  tcp_out.o(.text)
    tcp_zero_window_probe                    0x08017fd1   Thumb Code   202  tcp_out.o(.text)
    sys_timeout                              0x0801809d   Thumb Code   176  timers.o(.text)
    tcp_timer_needed                         0x08018175   Thumb Code    38  timers.o(.text)
    sys_timeouts_init                        0x080181e7   Thumb Code    38  timers.o(.text)
    sys_untimeout                            0x0801820d   Thumb Code    88  timers.o(.text)
    sys_timeouts_mbox_fetch                  0x08018265   Thumb Code   130  timers.o(.text)
    udp_init                                 0x08018369   Thumb Code     2  udp.o(.text)
    udp_input                                0x080183bb   Thumb Code   506  udp.o(.text)
    udp_bind                                 0x080185b5   Thumb Code   172  udp.o(.text)
    udp_sendto_if                            0x08018661   Thumb Code   476  udp.o(.text)
    udp_sendto                               0x0801883d   Thumb Code    72  udp.o(.text)
    udp_send                                 0x08018885   Thumb Code    20  udp.o(.text)
    udp_connect                              0x08018899   Thumb Code    98  udp.o(.text)
    udp_disconnect                           0x080188fb   Thumb Code    16  udp.o(.text)
    udp_recv                                 0x0801890b   Thumb Code     6  udp.o(.text)
    udp_remove                               0x08018911   Thumb Code    58  udp.o(.text)
    udp_new                                  0x0801894b   Thumb Code    30  udp.o(.text)
    netconn_new_with_proto_and_callback      0x08018971   Thumb Code   198  api_lib.o(.text)
    netconn_delete                           0x08018a37   Thumb Code    36  api_lib.o(.text)
    netconn_getaddr                          0x08018a5b   Thumb Code   162  api_lib.o(.text)
    netconn_bind                             0x08018afd   Thumb Code    98  api_lib.o(.text)
    netconn_connect                          0x08018b5f   Thumb Code    98  api_lib.o(.text)
    netconn_disconnect                       0x08018bc1   Thumb Code    84  api_lib.o(.text)
    netconn_listen_with_backlog              0x08018c15   Thumb Code    86  api_lib.o(.text)
    netconn_accept                           0x08018c6b   Thumb Code   746  api_lib.o(.text)
    netconn_recv_tcp_pbuf                    0x080190c5   Thumb Code    56  api_lib.o(.text)
    netconn_recv                             0x080190fd   Thumb Code   264  api_lib.o(.text)
    netconn_recved                           0x08019205   Thumb Code    46  api_lib.o(.text)
    netconn_send                             0x08019233   Thumb Code    96  api_lib.o(.text)
    netconn_sendto                           0x08019293   Thumb Code    44  api_lib.o(.text)
    netconn_write_partly                     0x080192bf   Thumb Code   460  api_lib.o(.text)
    netconn_close                            0x080194e9   Thumb Code    14  api_lib.o(.text)
    netconn_shutdown                         0x080194f7   Thumb Code    36  api_lib.o(.text)
    netconn_join_leave_group                 0x0801951b   Thumb Code   106  api_lib.o(.text)
    netconn_gethostbyname                    0x08019585   Thumb Code   142  api_lib.o(.text)
    netconn_free                             0x0801a08d   Thumb Code   432  api_msg.o(.text)
    netconn_alloc                            0x0801a23d   Thumb Code   174  api_msg.o(.text)
    do_newconn                               0x0801a44b   Thumb Code    32  api_msg.o(.text)
    do_delconn                               0x0801a52f   Thumb Code   590  api_msg.o(.text)
    do_bind                                  0x0801a77d   Thumb Code   116  api_msg.o(.text)
    do_connect                               0x0801a8c1   Thumb Code   230  api_msg.o(.text)
    do_disconnect                            0x0801a9a7   Thumb Code    46  api_msg.o(.text)
    do_listen                                0x0801a9d5   Thumb Code   198  api_msg.o(.text)
    do_send                                  0x0801aa9b   Thumb Code   166  api_msg.o(.text)
    do_recv                                  0x0801ab41   Thumb Code    72  api_msg.o(.text)
    do_write                                 0x0801ab89   Thumb Code   322  api_msg.o(.text)
    do_getaddr                               0x0801accb   Thumb Code   200  api_msg.o(.text)
    do_close                                 0x0801ad93   Thumb Code   182  api_msg.o(.text)
    do_join_leave_group                      0x0801ae49   Thumb Code    92  api_msg.o(.text)
    do_gethostbyname                         0x0801aef3   Thumb Code    40  api_msg.o(.text)
    netbuf_new                               0x0801af61   Thumb Code    32  netbuf.o(.text)
    netbuf_delete                            0x0801af81   Thumb Code    30  netbuf.o(.text)
    netbuf_alloc                             0x0801af9f   Thumb Code   104  netbuf.o(.text)
    netbuf_free                              0x0801b007   Thumb Code    50  netbuf.o(.text)
    netbuf_ref                               0x0801b039   Thumb Code    92  netbuf.o(.text)
    netbuf_chain                             0x0801b095   Thumb Code    80  netbuf.o(.text)
    netbuf_data                              0x0801b0e5   Thumb Code   124  netbuf.o(.text)
    netbuf_next                              0x0801b161   Thumb Code    66  netbuf.o(.text)
    netbuf_first                             0x0801b1a3   Thumb Code    38  netbuf.o(.text)
    do_netifapi_netif_add                    0x0801b2ed   Thumb Code    44  netifapi.o(.text)
    do_netifapi_netif_set_addr               0x0801b319   Thumb Code    26  netifapi.o(.text)
    do_netifapi_netif_common                 0x0801b333   Thumb Code    36  netifapi.o(.text)
    netifapi_netif_add                       0x0801b357   Thumb Code    64  netifapi.o(.text)
    netifapi_netif_set_addr                  0x0801b397   Thumb Code    40  netifapi.o(.text)
    netifapi_netif_common                    0x0801b3bf   Thumb Code    36  netifapi.o(.text)
    lwip_socket_init                         0x0801b3e5   Thumb Code     2  sockets.o(.text)
    lwip_accept                              0x0801b6a9   Thumb Code   662  sockets.o(.text)
    lwip_bind                                0x0801b93f   Thumb Code   208  sockets.o(.text)
    lwip_close                               0x0801ba0f   Thumb Code   102  sockets.o(.text)
    lwip_connect                             0x0801ba75   Thumb Code   228  sockets.o(.text)
    lwip_listen                              0x0801bb59   Thumb Code   162  sockets.o(.text)
    lwip_recvfrom                            0x0801bbfb   Thumb Code   852  sockets.o(.text)
    lwip_read                                0x0801bf4f   Thumb Code    26  sockets.o(.text)
    lwip_recv                                0x0801bf69   Thumb Code    34  sockets.o(.text)
    lwip_sendto                              0x0801bf8b   Thumb Code   292  sockets.o(.text)
    lwip_send                                0x0801c0af   Thumb Code   164  sockets.o(.text)
    lwip_socket                              0x0801c153   Thumb Code   328  sockets.o(.text)
    lwip_write                               0x0801c29b   Thumb Code    22  sockets.o(.text)
    lwip_select                              0x0801c42d   Thumb Code   950  sockets.o(.text)
    lwip_shutdown                            0x0801c7e3   Thumb Code   194  sockets.o(.text)
    lwip_getpeername                         0x0801c92f   Thumb Code    22  sockets.o(.text)
    lwip_getsockname                         0x0801c945   Thumb Code    22  sockets.o(.text)
    lwip_getsockopt                          0x0801cc23   Thumb Code   436  sockets.o(.text)
    lwip_setsockopt                          0x0801d03f   Thumb Code   462  sockets.o(.text)
    lwip_ioctl                               0x0801d20d   Thumb Code   134  sockets.o(.text)
    lwip_fcntl                               0x0801d293   Thumb Code   126  sockets.o(.text)
    tcpip_input                              0x0801d419   Thumb Code    72  tcpip.o(.text)
    tcpip_callback_with_block                0x0801d461   Thumb Code    90  tcpip.o(.text)
    tcpip_timeout                            0x0801d4bb   Thumb Code    66  tcpip.o(.text)
    tcpip_untimeout                          0x0801d4fd   Thumb Code    58  tcpip.o(.text)
    tcpip_apimsg                             0x0801d537   Thumb Code    60  tcpip.o(.text)
    tcpip_netifapi                           0x0801d573   Thumb Code    76  tcpip.o(.text)
    tcpip_callbackmsg_new                    0x0801d5bf   Thumb Code    34  tcpip.o(.text)
    tcpip_callbackmsg_delete                 0x0801d5e1   Thumb Code    12  tcpip.o(.text)
    tcpip_trycallback                        0x0801d5ed   Thumb Code    28  tcpip.o(.text)
    tcpip_init                               0x0801d609   Thumb Code    72  tcpip.o(.text)
    pbuf_free_callback                       0x0801d65f   Thumb Code    16  tcpip.o(.text)
    mem_free_callback                        0x0801d66f   Thumb Code    16  tcpip.o(.text)
    icmp_input                               0x0801d71d   Thumb Code   530  icmp.o(.text)
    icmp_dest_unreach                        0x0801d9d3   Thumb Code    18  icmp.o(.text)
    igmp_init                                0x0801db25   Thumb Code    18  igmp.o(.text)
    igmp_dump_group_list                     0x0801db37   Thumb Code    30  igmp.o(.text)
    igmp_lookfor_group                       0x0801db55   Thumb Code    40  igmp.o(.text)
    igmp_start                               0x0801dbd3   Thumb Code    66  igmp.o(.text)
    igmp_stop                                0x0801dc15   Thumb Code    88  igmp.o(.text)
    igmp_report_groups                       0x0801dcb5   Thumb Code    36  igmp.o(.text)
    igmp_input                               0x0801dd1b   Thumb Code   312  igmp.o(.text)
    igmp_joingroup                           0x0801dfa5   Thumb Code   240  igmp.o(.text)
    igmp_leavegroup                          0x0801e095   Thumb Code   244  igmp.o(.text)
    igmp_tmr                                 0x0801e1a9   Thumb Code    38  igmp.o(.text)
    inet_chksum_pseudo                       0x0801e317   Thumb Code   172  inet_chksum.o(.text)
    inet_chksum_pseudo_partial               0x0801e3c3   Thumb Code   220  inet_chksum.o(.text)
    inet_chksum                              0x0801e49f   Thumb Code    20  inet_chksum.o(.text)
    inet_chksum_pbuf                         0x0801e4b3   Thumb Code    86  inet_chksum.o(.text)
    ip_route                                 0x0801e539   Thumb Code    80  ip.o(.text)
    ip_input                                 0x0801e589   Thumb Code   504  ip.o(.text)
    ip_output_if_opt                         0x0801e781   Thumb Code   408  ip.o(.text)
    ip_output_if                             0x0801e919   Thumb Code   170  ip.o(.text)
    ip_output                                0x0801e9c3   Thumb Code    90  ip.o(.text)
    ip4_addr_isbroadcast                     0x0801ea1d   Thumb Code    78  ip_addr.o(.text)
    ip4_addr_netmask_valid                   0x0801ea6b   Thumb Code    52  ip_addr.o(.text)
    ipaddr_aton                              0x0801ea9f   Thumb Code   366  ip_addr.o(.text)
    ipaddr_addr                              0x0801ec0d   Thumb Code    24  ip_addr.o(.text)
    ipaddr_ntoa_r                            0x0801ec25   Thumb Code   168  ip_addr.o(.text)
    ipaddr_ntoa                              0x0801eccd   Thumb Code    16  ip_addr.o(.text)
    sys_arch_assert                          0x0801ed37   Thumb Code    48  sys_arch.o(.text)
    lwip_system_init                         0x0801edfb   Thumb Code   146  sys_arch.o(.text)
    sys_init                                 0x0801ee8d   Thumb Code     2  sys_arch.o(.text)
    lwip_sys_init                            0x0801ee8f   Thumb Code     8  sys_arch.o(.text)
    sys_sem_new                              0x0801ee97   Thumb Code   116  sys_arch.o(.text)
    sys_sem_free                             0x0801ef0b   Thumb Code    64  sys_arch.o(.text)
    sys_sem_signal                           0x0801ef4b   Thumb Code    12  sys_arch.o(.text)
    sys_arch_sem_wait                        0x0801ef57   Thumb Code   138  sys_arch.o(.text)
    sys_sem_valid                            0x0801efe1   Thumb Code     6  sys_arch.o(.text)
    sys_sem_set_invalid                      0x0801efe7   Thumb Code     6  sys_arch.o(.text)
    sys_mutex_new                            0x0801efed   Thumb Code   110  sys_arch.o(.text)
    sys_mutex_lock                           0x0801f05b   Thumb Code    70  sys_arch.o(.text)
    sys_mutex_unlock                         0x0801f0a1   Thumb Code    12  sys_arch.o(.text)
    sys_mutex_free                           0x0801f0ad   Thumb Code    66  sys_arch.o(.text)
    sys_mutex_valid                          0x0801f0ef   Thumb Code     6  sys_arch.o(.text)
    sys_mutex_set_invalid                    0x0801f0f5   Thumb Code     6  sys_arch.o(.text)
    sys_mbox_new                             0x0801f0fb   Thumb Code   428  sys_arch.o(.text)
    sys_mbox_free                            0x0801f2a7   Thumb Code    72  sys_arch.o(.text)
    sys_mbox_post                            0x0801f2ef   Thumb Code    84  sys_arch.o(.text)
    sys_mbox_trypost                         0x0801f343   Thumb Code    26  sys_arch.o(.text)
    sys_arch_mbox_fetch                      0x0801f35d   Thumb Code   174  sys_arch.o(.text)
    sys_arch_mbox_tryfetch                   0x0801f40b   Thumb Code    34  sys_arch.o(.text)
    sys_mbox_valid                           0x0801f42d   Thumb Code     6  sys_arch.o(.text)
    sys_mbox_set_invalid                     0x0801f433   Thumb Code     6  sys_arch.o(.text)
    sys_thread_new                           0x0801f439   Thumb Code   148  sys_arch.o(.text)
    sys_arch_protect                         0x0801f4cd   Thumb Code    12  sys_arch.o(.text)
    sys_arch_unprotect                       0x0801f4d9   Thumb Code    12  sys_arch.o(.text)
    sys_jiffies                              0x0801f4e5   Thumb Code     8  sys_arch.o(.text)
    sys_now                                  0x0801f4ed   Thumb Code    14  sys_arch.o(.text)
    etharp_tmr                               0x0801f621   Thumb Code   146  etharp.o(.text)
    etharp_cleanup_netif                     0x0801fb17   Thumb Code    52  etharp.o(.text)
    etharp_find_addr                         0x0801fb4b   Thumb Code   108  etharp.o(.text)
    etharp_request                           0x0801fe27   Thumb Code    40  etharp.o(.text)
    etharp_query                             0x0801ff89   Thumb Code   536  etharp.o(.text)
    etharp_output                            0x080201a1   Thumb Code   394  etharp.o(.text)
    ethernet_input                           0x0802032b   Thumb Code   308  etharp.o(.text)
    eth_device_init_with_flag                0x0802050d   Thumb Code   178  ethernetif.o(.text)
    eth_device_init                          0x080205bf   Thumb Code    24  ethernetif.o(.text)
    eth_device_ready                         0x080205d7   Thumb Code    22  ethernetif.o(.text)
    eth_device_linkchange                    0x080205ed   Thumb Code    80  ethernetif.o(.text)
    eth_system_device_init                   0x0802074d   Thumb Code   632  ethernetif.o(.text)
    set_if                                   0x080209c5   Thumb Code   140  ethernetif.o(.text)
    set_dns                                  0x08020a51   Thumb Code    26  ethernetif.o(.text)
    list_if                                  0x08020a6b   Thumb Code   318  ethernetif.o(.text)
    list_tcps                                0x08020ba9   Thumb Code   246  ethernetif.o(.text)
    rand                                     0x08020e69   Thumb Code    20  rand.o(.text)
    srand                                    0x08020e7d   Thumb Code     6  rand.o(.text)
    __aeabi_memcpy                           0x08020e8d   Thumb Code    36  memcpya.o(.text)
    __aeabi_memcpy4                          0x08020e8d   Thumb Code     0  memcpya.o(.text)
    __aeabi_memcpy8                          0x08020e8d   Thumb Code     0  memcpya.o(.text)
    __aeabi_memset                           0x08020eb1   Thumb Code    14  memseta.o(.text)
    __aeabi_memset4                          0x08020eb1   Thumb Code     0  memseta.o(.text)
    __aeabi_memset8                          0x08020eb1   Thumb Code     0  memseta.o(.text)
    __aeabi_memclr                           0x08020ebf   Thumb Code     4  memseta.o(.text)
    __aeabi_memclr4                          0x08020ebf   Thumb Code     0  memseta.o(.text)
    __aeabi_memclr8                          0x08020ebf   Thumb Code     0  memseta.o(.text)
    _memset$wrapper                          0x08020ec3   Thumb Code    20  memseta.o(.text)
    strncpy                                  0x08020ed7   Thumb Code    24  strncpy.o(.text)
    strlen                                   0x08020eef   Thumb Code    16  strlen.o(.text)
    strcmp                                   0x08020eff   Thumb Code    28  strcmp.o(.text)
    memcmp                                   0x08020f1b   Thumb Code    26  memcmp.o(.text)
    strcpy                                   0x08020f35   Thumb Code    18  strcpy.o(.text)
    strncmp                                  0x08020f47   Thumb Code    30  strncmp.o(.text)
    strrchr                                  0x08020f65   Thumb Code    32  strrchr.o(.text)
    atoi                                     0x08020f85   Thumb Code    26  atoi.o(.text)
    __aeabi_uidiv                            0x08020f9f   Thumb Code     0  uidiv.o(.text)
    __aeabi_uidivmod                         0x08020f9f   Thumb Code    44  uidiv.o(.text)
    strtol                                   0x08020fcb   Thumb Code   112  strtol.o(.text)
    __scatterload                            0x0802103d   Thumb Code    28  init.o(.text)
    __scatterload_rt2                        0x0802103d   Thumb Code     0  init.o(.text)
    __rt_ctype_table                         0x08021061   Thumb Code     4  ctype_o.o(.text)
    _strtoul                                 0x08021069   Thumb Code   156  _strtoul.o(.text)
    _chval                                   0x08021105   Thumb Code    32  _chval.o(.text)
    __decompress                             0x08021125   Thumb Code     0  __dczerorl2.o(.text)
    __decompress1                            0x08021125   Thumb Code    92  __dczerorl2.o(.text)
    __0sprintf$6                             0x08021181   Thumb Code    34  printf6.o(i.__0sprintf$6)
    __1sprintf$6                             0x08021181   Thumb Code     0  printf6.o(i.__0sprintf$6)
    __2sprintf                               0x08021181   Thumb Code     0  printf6.o(i.__0sprintf$6)
    __aeabi_errno_addr                       0x080211a9   Thumb Code     4  errno.o(i.__aeabi_errno_addr)
    __rt_errno_addr                          0x080211a9   Thumb Code     0  errno.o(i.__aeabi_errno_addr)
    __scatterload_copy                       0x080211b1   Thumb Code    14  handlers.o(i.__scatterload_copy)
    __scatterload_null                       0x080211bf   Thumb Code     2  handlers.o(i.__scatterload_null)
    __scatterload_zeroinit                   0x080211c1   Thumb Code    14  handlers.o(i.__scatterload_zeroinit)
    __fsym_tcpserv_name                      0x08021545   Data           8  tcpserver.o(.constdata)
    __fsym_tcpserv_desc                      0x0802154d   Data          19  tcpserver.o(.constdata)
    __lowest_bit_bitmap                      0x080217f5   Data         256  kservice.o(.constdata)
    __fsym_list_mem_name                     0x08021918   Data           9  mem.o(.constdata)
    __fsym_list_mem_desc                     0x08021921   Data          30  mem.o(.constdata)
    __fsym_led_name                          0x08021c2a   Data           4  led.o(.constdata)
    __fsym_led_desc                          0x08021c2e   Data          32  led.o(.constdata)
    __fsym_enc28j60_name                     0x08021e1c   Data           9  enc28j60.o(.constdata)
    __fsym_enc28j60_desc                     0x08021e25   Data          24  enc28j60.o(.constdata)
    group_table                              0x0802200c   Data          96  inc.o(.constdata)
    __fsym_hello_name                        0x08022140   Data           6  cmd.o(.constdata)
    __fsym_hello_desc                        0x08022146   Data          16  cmd.o(.constdata)
    __fsym_version_name                      0x08022156   Data           8  cmd.o(.constdata)
    __fsym_version_desc                      0x0802215e   Data          35  cmd.o(.constdata)
    __fsym_list_thread_name                  0x08022181   Data          12  cmd.o(.constdata)
    __fsym_list_thread_desc                  0x0802218d   Data          12  cmd.o(.constdata)
    __fsym_list_sem_name                     0x08022199   Data           9  cmd.o(.constdata)
    __fsym_list_sem_desc                     0x080221a2   Data          25  cmd.o(.constdata)
    __fsym_list_event_name                   0x080221bb   Data          11  cmd.o(.constdata)
    __fsym_list_event_desc                   0x080221c6   Data          21  cmd.o(.constdata)
    __fsym_list_mutex_name                   0x080221db   Data          11  cmd.o(.constdata)
    __fsym_list_mutex_desc                   0x080221e6   Data          21  cmd.o(.constdata)
    __fsym_list_mailbox_name                 0x080221fb   Data          13  cmd.o(.constdata)
    __fsym_list_mailbox_desc                 0x08022208   Data          24  cmd.o(.constdata)
    __fsym_list_msgqueue_name                0x08022220   Data          14  cmd.o(.constdata)
    __fsym_list_msgqueue_desc                0x0802222e   Data          29  cmd.o(.constdata)
    __fsym_list_mempool_name                 0x0802224b   Data          13  cmd.o(.constdata)
    __fsym_list_mempool_desc                 0x08022258   Data          27  cmd.o(.constdata)
    __fsym_list_timer_name                   0x08022273   Data          11  cmd.o(.constdata)
    __fsym_list_timer_desc                   0x0802227e   Data          21  cmd.o(.constdata)
    __fsym_list_device_name                  0x08022293   Data          12  cmd.o(.constdata)
    __fsym_list_device_desc                  0x0802229f   Data          22  cmd.o(.constdata)
    __fsym_list_name                         0x080222b5   Data           5  cmd.o(.constdata)
    __fsym_list_desc                         0x080222ba   Data          26  cmd.o(.constdata)
    __vsym_dummy_name                        0x080222d4   Data           6  cmd.o(.constdata)
    __vsym_dummy_desc                        0x080222da   Data          25  cmd.o(.constdata)
    op_table                                 0x080223d4   Data         196  finsh_ops.o(.constdata)
    __fsym_ls_name                           0x08022548   Data           3  dfs_file.o(.constdata)
    __fsym_ls_desc                           0x0802254b   Data          24  dfs_file.o(.constdata)
    __fsym_rm_name                           0x08022563   Data           3  dfs_file.o(.constdata)
    __fsym_rm_desc                           0x08022566   Data          28  dfs_file.o(.constdata)
    __fsym_cat_name                          0x08022582   Data           4  dfs_file.o(.constdata)
    __fsym_cat_desc                          0x08022586   Data          11  dfs_file.o(.constdata)
    __fsym_copy_name                         0x08022591   Data           5  dfs_file.o(.constdata)
    __fsym_copy_desc                         0x08022596   Data          17  dfs_file.o(.constdata)
    __fsym_mkfs_name                         0x080225a7   Data           5  dfs_fs.o(.constdata)
    __fsym_mkfs_desc                         0x080225ac   Data          19  dfs_fs.o(.constdata)
    __fsym_df_name                           0x080225bf   Data           3  dfs_fs.o(.constdata)
    __fsym_df_desc                           0x080225c2   Data          14  dfs_fs.o(.constdata)
    __fsym_mkdir_name                        0x08022603   Data           6  dfs_posix.o(.constdata)
    __fsym_mkdir_desc                        0x08022609   Data          19  dfs_posix.o(.constdata)
    memp_sizes                               0x0802261c   Data          30  memp.o(.constdata)
    tcp_state_str                            0x0802263c   Data          44  tcp.o(.constdata)
    tcp_backoff                              0x08022668   Data          13  tcp.o(.constdata)
    tcp_persist_backoff                      0x08022675   Data           7  tcp.o(.constdata)
    tcp_pcb_lists                            0x0802267c   Data          16  tcp.o(.constdata)
    ip_addr_any                              0x08022724   Data           4  ip_addr.o(.constdata)
    ip_addr_broadcast                        0x08022728   Data           4  ip_addr.o(.constdata)
    ethbroadcast                             0x080227e0   Data           6  etharp.o(.constdata)
    ethzero                                  0x080227e6   Data           6  etharp.o(.constdata)
    __fsym_set_if_name                       0x08022830   Data           7  ethernetif.o(.constdata)
    __fsym_set_if_desc                       0x08022837   Data          30  ethernetif.o(.constdata)
    __fsym_set_dns_name                      0x08022855   Data           8  ethernetif.o(.constdata)
    __fsym_set_dns_desc                      0x0802285d   Data          23  ethernetif.o(.constdata)
    __fsym_list_if_name                      0x08022874   Data           8  ethernetif.o(.constdata)
    __fsym_list_if_desc                      0x0802287c   Data          35  ethernetif.o(.constdata)
    __fsym_list_tcps_name                    0x0802289f   Data          10  ethernetif.o(.constdata)
    __fsym_list_tcps_desc                    0x080228a9   Data          28  ethernetif.o(.constdata)
    __ctype_table                            0x0802291c   Data         129  ctype_o.o(.constdata)
    __rt_init_rti_start                      0x08022ebc   Data           4  components.o(.rti_fn.0)
    __rt_init_rti_board_end                  0x08022ec0   Data           4  components.o(.rti_fn.1.post)
    __rt_init_rti_end                        0x08022ec4   Data           4  components.o(.rti_fn.7)
    FSymTab$$Base                            0x08022ec8   Number         0  tcpserver.o(FSymTab)
    __fsym_tcpserv                           0x08022ec8   Data          12  tcpserver.o(FSymTab)
    __fsym_list_mem                          0x08022ed4   Data          12  mem.o(FSymTab)
    __fsym_led                               0x08022ee0   Data          12  led.o(FSymTab)
    __fsym_enc28j60                          0x08022eec   Data          12  enc28j60.o(FSymTab)
    __fsym_hello                             0x08022ef8   Data          12  cmd.o(FSymTab)
    __fsym_version                           0x08022f04   Data          12  cmd.o(FSymTab)
    __fsym_list_thread                       0x08022f10   Data          12  cmd.o(FSymTab)
    __fsym_list_sem                          0x08022f1c   Data          12  cmd.o(FSymTab)
    __fsym_list_event                        0x08022f28   Data          12  cmd.o(FSymTab)
    __fsym_list_mutex                        0x08022f34   Data          12  cmd.o(FSymTab)
    __fsym_list_mailbox                      0x08022f40   Data          12  cmd.o(FSymTab)
    __fsym_list_msgqueue                     0x08022f4c   Data          12  cmd.o(FSymTab)
    __fsym_list_mempool                      0x08022f58   Data          12  cmd.o(FSymTab)
    __fsym_list_timer                        0x08022f64   Data          12  cmd.o(FSymTab)
    __fsym_list_device                       0x08022f70   Data          12  cmd.o(FSymTab)
    __fsym_list                              0x08022f7c   Data          12  cmd.o(FSymTab)
    __fsym_ls                                0x08022f88   Data          12  dfs_file.o(FSymTab)
    __fsym_rm                                0x08022f94   Data          12  dfs_file.o(FSymTab)
    __fsym_cat                               0x08022fa0   Data          12  dfs_file.o(FSymTab)
    __fsym_copy                              0x08022fac   Data          12  dfs_file.o(FSymTab)
    __fsym_mkfs                              0x08022fb8   Data          12  dfs_fs.o(FSymTab)
    __fsym_df                                0x08022fc4   Data          12  dfs_fs.o(FSymTab)
    __fsym_mkdir                             0x08022fd0   Data          12  dfs_posix.o(FSymTab)
    __fsym_set_if                            0x08022fdc   Data          12  ethernetif.o(FSymTab)
    __fsym_set_dns                           0x08022fe8   Data          12  ethernetif.o(FSymTab)
    __fsym_list_if                           0x08022ff4   Data          12  ethernetif.o(FSymTab)
    __fsym_list_tcps                         0x08023000   Data          12  ethernetif.o(FSymTab)
    FSymTab$$Limit                           0x0802300c   Number         0  ethernetif.o(FSymTab)
    Region$$Table$$Base                      0x0802300c   Number         0  anon$$obj.o(Region$$Table)
    Region$$Table$$Limit                     0x0802302c   Number         0  anon$$obj.o(Region$$Table)
    VSymTab$$Base                            0x0802302c   Number         0  cmd.o(VSymTab)
    __vsym_dummy                             0x0802302c   Data          16  cmd.o(VSymTab)
    VSymTab$$Limit                           0x0802303c   Number         0  cmd.o(VSymTab)
    rt_interrupt_from_thread                 0x20000004   Data           4  cpuport.o(.data)
    rt_interrupt_to_thread                   0x20000008   Data           4  cpuport.o(.data)
    rt_thread_switch_interrupt_flag          0x2000000c   Data           4  cpuport.o(.data)
    g_key_spi                                0x20000028   Data           6  application.o(.data)
    SystemCoreClock                          0x20000044   Data           4  system_stm32f10x.o(.data)
    AHBPrescTable                            0x20000048   Data          16  system_stm32f10x.o(.data)
    rt_interrupt_nest                        0x20000060   Data           1  irq.o(.data)
    rt_object_container                      0x2000008c   Data         144  object.o(.data)
    rt_object_trytake_hook                   0x20000124   Data           4  object.o(.data)
    rt_object_take_hook                      0x20000128   Data           4  object.o(.data)
    rt_object_put_hook                       0x2000012c   Data           4  object.o(.data)
    rt_current_thread                        0x20000134   Data           4  scheduler.o(.data)
    rt_current_priority                      0x20000138   Data           1  scheduler.o(.data)
    rt_thread_ready_priority_group           0x2000013c   Data           4  scheduler.o(.data)
    rt_thread_defunct                        0x20000140   Data           8  scheduler.o(.data)
    uart1                                    0x20000164   Data           8  usart.o(.data)
    uart2                                    0x2000016c   Data           8  usart.o(.data)
    uart3                                    0x20000174   Data           8  usart.o(.data)
    opIndex                                  0x200001b0   Data          16  protocol.o(.data)
    keyIndex                                 0x200001c0   Data          64  protocol.o(.data)
    typeIndex                                0x20000200   Data         256  protocol.o(.data)
    local_version                            0x20000300   Data          32  inc.o(.data)
    SendData2DSP_Handle                      0x20000320   Data           4  inc.o(.data)
    SendData2PC_Handle                       0x20000324   Data           4  inc.o(.data)
    SendData2OSC_Handle                      0x20000328   Data           4  inc.o(.data)
    g_output_level                           0x2000032c   Data           4  inc.o(.data)
    finsh_compile_sp                         0x20000334   Data           4  finsh_compiler.o(.data)
    finsh_compile_pc                         0x20000338   Data           4  finsh_compiler.o(.data)
    global_errno                             0x20000378   Data           1  finsh_error.o(.data)
    global_sysvar_list                       0x20000384   Data           4  finsh_var.o(.data)
    global_syscall_list                      0x20000388   Data           4  finsh_vm.o(.data)
    finsh_sp                                 0x2000038c   Data           4  finsh_vm.o(.data)
    finsh_pc                                 0x20000390   Data           4  finsh_vm.o(.data)
    shell                                    0x20000394   Data           4  shell.o(.data)
    _syscall_table_begin                     0x20000398   Data           4  symbol.o(.data)
    _syscall_table_end                       0x2000039c   Data           4  symbol.o(.data)
    _sysvar_table_begin                      0x200003a0   Data           4  symbol.o(.data)
    _sysvar_table_end                        0x200003a4   Data           4  symbol.o(.data)
    netif_list                               0x200003bc   Data           4  netif.o(.data)
    netif_default                            0x200003c0   Data           4  netif.o(.data)
    pbuf_free_ooseq_pending                  0x200003c5   Data           1  pbuf.o(.data)
    tcp_ticks                                0x200003d4   Data           4  tcp.o(.data)
    tcp_bound_pcbs                           0x200003d8   Data           4  tcp.o(.data)
    tcp_listen_pcbs                          0x200003dc   Data           4  tcp.o(.data)
    tcp_active_pcbs                          0x200003e0   Data           4  tcp.o(.data)
    tcp_tw_pcbs                              0x200003e4   Data           4  tcp.o(.data)
    tcp_tmp_pcb                              0x200003e8   Data           4  tcp.o(.data)
    tcp_active_pcbs_changed                  0x200003ec   Data           1  tcp.o(.data)
    tcp_input_pcb                            0x2000040c   Data           4  tcp_in.o(.data)
    udp_pcbs                                 0x2000041c   Data           4  udp.o(.data)
    current_netif                            0x20000440   Data           4  ip.o(.data)
    current_header                           0x20000444   Data           4  ip.o(.data)
    current_iphdr_src                        0x20000448   Data           4  ip.o(.data)
    current_iphdr_dest                       0x2000044c   Data           4  ip.o(.data)
    rt_thread_priority_table                 0x20001084   Data         256  scheduler.o(.bss)
    uart1_int_rx                             0x20001184   Data          68  usart.o(.bss)
    serial1                                  0x200011c8   Data         124  usart.o(.bss)
    uart2_int_rx                             0x20001244   Data          68  usart.o(.bss)
    serial2                                  0x20001288   Data         124  usart.o(.bss)
    uart3_int_rx                             0x20001304   Data          68  usart.o(.bss)
    serial3                                  0x20001348   Data         124  usart.o(.bss)
    finsh_heap                               0x20001608   Data         128  finsh_heap.o(.bss)
    global_node_table                        0x20001688   Data         320  finsh_node.o(.bss)
    global_variable                          0x200017c8   Data         192  finsh_var.o(.bss)
    finsh_vm_stack                           0x20001888   Data         256  finsh_vm.o(.bss)
    text_segment                             0x20001988   Data         128  finsh_vm.o(.bss)
    filesystem_operation_table               0x20002288   Data          16  dfs.o(.bss)
    filesystem_table                         0x20002298   Data          32  dfs.o(.bss)
    fd_table                                 0x200022dc   Data         128  dfs.o(.bss)
    Image$$RW_IRAM1$$ZI$$Limit               0x200035e0   Number         0  startup_stm32f10x_hd.o(STACK)
    __initial_sp                             0x200035e0   Data           0  startup_stm32f10x_hd.o(STACK)



==============================================================================

Memory Map of the image

  Image Entry point : 0x08000131

  Load Region LR_IROM1 (Base: 0x08000000, Size: 0x000234a0, Max: 0x00080000, ABSOLUTE, COMPRESSED[0x000231a0])

    Execution Region ER_IROM1 (Base: 0x08000000, Size: 0x0002303c, Max: 0x00080000, ABSOLUTE)

    Base Addr    Size         Type   Attr      Idx    E Section Name        Object

    0x08000000   0x00000130   Data   RO            3    RESET               startup_stm32f10x_hd.o
    0x08000130   0x00000000   Code   RO         2629  * .ARM.Collect$$$$00000000  mc_w.l(entry.o)(mc_w.l)
    0x08000130   0x00000004   Code   RO         2921    .ARM.Collect$$$$00000001  mc_w.l(entry2.o)(mc_w.l)
    0x08000134   0x00000004   Code   RO         2924    .ARM.Collect$$$$00000004  mc_w.l(entry5.o)(mc_w.l)
    0x08000138   0x00000008   Code   RO         2925    .ARM.Collect$$$$00000007  mc_w.l(entry7.o)(mc_w.l)
    0x08000140   0x00000004   Code   RO         2922    .ARM.Collect$$$$00002712  mc_w.l(entry2.o)(mc_w.l)
    0x08000144   0x00000024   Code   RO            4    .text               startup_stm32f10x_hd.o
    0x08000168   0x000000f0   Code   RO           10    .text               context_rvds.o
    0x08000258   0x000005f4   Code   RO           14    .text               cpuport.o
    0x0800084c   0x00000012   Code   RO           86    .text               stm32f10x_it.o
    0x0800085e   0x00000002   PAD
    0x08000860   0x000000c4   Code   RO          187    .text               startup.o
    0x08000924   0x000006f4   Code   RO          206    .text               application.o
    0x08001018   0x000001ec   Code   RO          335    .text               tcpserver.o
    0x08001204   0x000000f8   Code   RO          371    .text               misc.o
    0x080012fc   0x0000013c   Code   RO          479    .text               stm32f10x_exti.o
    0x08001438   0x000005c8   Code   RO          491    .text               stm32f10x_flash.o
    0x08001a00   0x00000358   Code   RO          515    .text               stm32f10x_gpio.o
    0x08001d58   0x000003a4   Code   RO          563    .text               stm32f10x_rcc.o
    0x080020fc   0x00000310   Code   RO          601    .text               stm32f10x_spi.o
    0x0800240c   0x0000040c   Code   RO          625    .text               stm32f10x_usart.o
    0x08002818   0x000001c8   Code   RO          659    .text               system_stm32f10x.o
    0x080029e0   0x00000064   Code   RO          677    .text               clock.o
    0x08002a44   0x00000414   Code   RO          691    .text               device.o
    0x08002e58   0x00000164   Code   RO          705    .text               idle.o
    0x08002fbc   0x00001a00   Code   RO          725    .text               ipc.o
    0x080049bc   0x00000048   Code   RO          742    .text               irq.o
    0x08004a04   0x00000990   Code   RO          757    .text               kservice.o
    0x08005394   0x00000978   Code   RO          774    .text               mem.o
    0x08005d0c   0x00000330   Code   RO          822    .text               object.o
    0x0800603c   0x00000320   Code   RO          842    .text               scheduler.o
    0x0800635c   0x00000688   Code   RO          869    .text               thread.o
    0x080069e4   0x0000053c   Code   RO          886    .text               timer.o
    0x08006f20   0x00000094   Code   RO          905    .text               board.o
    0x08006fb4   0x00000304   Code   RO          921    .text               led.o
    0x080072b8   0x0000048c   Code   RO          938    .text               usart.o
    0x08007744   0x00000770   Code   RO          968    .text               spi_core.o
    0x08007eb4   0x00000374   Code   RO          981    .text               spi_dev.o
    0x08008228   0x00000294   Code   RO         1015    .text               rt_stm32f10x_spi.o
    0x080084bc   0x00001040   Code   RO         1046    .text               enc28j60.o
    0x080094fc   0x00000558   Code   RO         1080    .text               lcd1602.o
    0x08009a54   0x00000184   Code   RO         1098    .text               spi_instruction.o
    0x08009bd8   0x000000fc   Code   RO         1113    .text               key_input.o
    0x08009cd4   0x000004a4   Code   RO         1130    .text               iic_cs4385.o
    0x0800a178   0x000000e4   Code   RO         1145    .text               internal_flash.o
    0x0800a25c   0x00000264   Code   RO         1160    .text               protocol.o
    0x0800a4c0   0x0000029c   Code   RO         1183    .text               do_data.o
    0x0800a75c   0x000003b4   Code   RO         1195    .text               inc.o
    0x0800ab10   0x00000040   Code   RO         1215    .text               components.o
    0x0800ab50   0x000004b8   Code   RO         1248    .text               dataqueue.o
    0x0800b008   0x000005d0   Code   RO         1318    .text               serial.o
    0x0800b5d8   0x00000bbc   Code   RO         1331    .text               cmd.o
    0x0800c194   0x0000184e   Code   RO         1354    .text               finsh_compiler.o
    0x0800d9e2   0x00000002   PAD
    0x0800d9e4   0x0000002c   Code   RO         1391    .text               finsh_error.o
    0x0800da10   0x00000210   Code   RO         1407    .text               finsh_heap.o
    0x0800dc20   0x00000058   Code   RO         1423    .text               finsh_init.o
    0x0800dc78   0x00000184   Code   RO         1441    .text               finsh_node.o
    0x0800ddfc   0x00000a58   Code   RO         1456    .text               finsh_ops.o
    0x0800e854   0x0000097c   Code   RO         1474    .text               finsh_parser.o
    0x0800f1d0   0x00000658   Code   RO         1489    .text               finsh_token.o
    0x0800f828   0x00000198   Code   RO         1504    .text               finsh_var.o
    0x0800f9c0   0x000000e4   Code   RO         1527    .text               finsh_vm.o
    0x0800faa4   0x00000998   Code   RO         1569    .text               shell.o
    0x0801043c   0x000003f0   Code   RO         1601    .text               dfs.o
    0x0801082c   0x000009c8   Code   RO         1678    .text               dfs_file.o
    0x080111f4   0x00000634   Code   RO         1698    .text               dfs_fs.o
    0x08011828   0x0000053c   Code   RO         1714    .text               dfs_posix.o
    0x08011d64   0x0000003e   Code   RO         1748    .text               def.o
    0x08011da2   0x00000002   PAD
    0x08011da4   0x0000077c   Code   RO         1766    .text               dns.o
    0x08012520   0x00000024   Code   RO         1812    .text               init.o
    0x08012544   0x00000340   Code   RO         1940    .text               netif.o
    0x08012884   0x00000ff0   Code   RO         1979    .text               pbuf.o
    0x08013874   0x00000214   Code   RO         2006    .text               raw.o
    0x08013a88   0x00001514   Code   RO         2041    .text               tcp.o
    0x08014f9c   0x00001d7c   Code   RO         2068    .text               tcp_in.o
    0x08016d18   0x00001382   Code   RO         2094    .text               tcp_out.o
    0x0801809a   0x00000002   PAD
    0x0801809c   0x000002cc   Code   RO         2107    .text               timers.o
    0x08018368   0x00000608   Code   RO         2145    .text               udp.o
    0x08018970   0x00000d40   Code   RO         2163    .text               api_lib.o
    0x080196b0   0x000018b0   Code   RO         2203    .text               api_msg.o
    0x0801af60   0x0000038c   Code   RO         2252    .text               netbuf.o
    0x0801b2ec   0x000000f6   Code   RO         2298    .text               netifapi.o
    0x0801b3e2   0x00000002   PAD
    0x0801b3e4   0x00001f38   Code   RO         2331    .text               sockets.o
    0x0801d31c   0x00000400   Code   RO         2376    .text               tcpip.o
    0x0801d71c   0x00000408   Code   RO         2422    .text               icmp.o
    0x0801db24   0x00000794   Code   RO         2434    .text               igmp.o
    0x0801e2b8   0x00000280   Code   RO         2457    .text               inet_chksum.o
    0x0801e538   0x000004e4   Code   RO         2469    .text               ip.o
    0x0801ea1c   0x000002f0   Code   RO         2493    .text               ip_addr.o
    0x0801ed0c   0x0000083c   Code   RO         2522    .text               sys_arch.o
    0x0801f548   0x00000f40   Code   RO         2562    .text               etharp.o
    0x08020488   0x000009e0   Code   RO         2582    .text               ethernetif.o
    0x08020e68   0x00000024   Code   RO         2632    .text               mc_w.l(rand.o)(mc_w.l)
    0x08020e8c   0x00000024   Code   RO         2638    .text               mc_w.l(memcpya.o)(mc_w.l)
    0x08020eb0   0x00000026   Code   RO         2640    .text               mc_w.l(memseta.o)(mc_w.l)
    0x08020ed6   0x00000018   Code   RO         2642    .text               mc_w.l(strncpy.o)(mc_w.l)
    0x08020eee   0x00000010   Code   RO         2644    .text               mc_w.l(strlen.o)(mc_w.l)
    0x08020efe   0x0000001c   Code   RO         2646    .text               mc_w.l(strcmp.o)(mc_w.l)
    0x08020f1a   0x0000001a   Code   RO         2648    .text               mc_w.l(memcmp.o)(mc_w.l)
    0x08020f34   0x00000012   Code   RO         2650    .text               mc_w.l(strcpy.o)(mc_w.l)
    0x08020f46   0x0000001e   Code   RO         2652    .text               mc_w.l(strncmp.o)(mc_w.l)
    0x08020f64   0x00000020   Code   RO         2654    .text               mc_w.l(strrchr.o)(mc_w.l)
    0x08020f84   0x0000001a   Code   RO         2919    .text               mc_w.l(atoi.o)(mc_w.l)
    0x08020f9e   0x0000002c   Code   RO         2929    .text               mc_w.l(uidiv.o)(mc_w.l)
    0x08020fca   0x00000070   Code   RO         2946    .text               mc_w.l(strtol.o)(mc_w.l)
    0x0802103a   0x00000002   PAD
    0x0802103c   0x00000024   Code   RO         2959    .text               mc_w.l(init.o)(mc_w.l)
    0x08021060   0x00000008   Code   RO         2967    .text               mc_w.l(ctype_o.o)(mc_w.l)
    0x08021068   0x0000009c   Code   RO         2995    .text               mc_w.l(_strtoul.o)(mc_w.l)
    0x08021104   0x00000020   Code   RO         3000    .text               mc_w.l(_chval.o)(mc_w.l)
    0x08021124   0x0000005c   Code   RO         3010    .text               mc_w.l(__dczerorl2.o)(mc_w.l)
    0x08021180   0x00000028   Code   RO         2815    i.__0sprintf$6      mc_w.l(printf6.o)(mc_w.l)
    0x080211a8   0x00000008   Code   RO         2939    i.__aeabi_errno_addr  mc_w.l(errno.o)(mc_w.l)
    0x080211b0   0x0000000e   Code   RO         3004    i.__scatterload_copy  mc_w.l(handlers.o)(mc_w.l)
    0x080211be   0x00000002   Code   RO         3005    i.__scatterload_null  mc_w.l(handlers.o)(mc_w.l)
    0x080211c0   0x0000000e   Code   RO         3006    i.__scatterload_zeroinit  mc_w.l(handlers.o)(mc_w.l)
    0x080211ce   0x00000002   PAD
    0x080211d0   0x000002f0   Code   RO         2820    i._printf_core      mc_w.l(printf6.o)(mc_w.l)
    0x080214c0   0x00000026   Code   RO         2821    i._printf_post_padding  mc_w.l(printf6.o)(mc_w.l)
    0x080214e6   0x0000002e   Code   RO         2822    i._printf_pre_padding  mc_w.l(printf6.o)(mc_w.l)
    0x08021514   0x0000000a   Code   RO         2824    i._sputc            mc_w.l(printf6.o)(mc_w.l)
    0x0802151e   0x00000013   Data   RO           15    .constdata          cpuport.o
    0x08021531   0x0000002f   Data   RO          337    .constdata          tcpserver.o
    0x08021560   0x000000a8   Data   RO          692    .constdata          device.o
    0x08021608   0x00000016   Data   RO          707    .constdata          idle.o
    0x0802161e   0x000001d7   Data   RO          726    .constdata          ipc.o
    0x080217f5   0x00000122   Data   RO          759    .constdata          kservice.o
    0x08021917   0x00000001   PAD
    0x08021918   0x00000160   Data   RO          776    .constdata          mem.o
    0x08021a78   0x0000005e   Data   RO          823    .constdata          object.o
    0x08021ad6   0x0000004e   Data   RO          844    .constdata          scheduler.o
    0x08021b24   0x000000aa   Data   RO          870    .constdata          thread.o
    0x08021bce   0x0000005c   Data   RO          887    .constdata          timer.o
    0x08021c2a   0x00000024   Data   RO          922    .constdata          led.o
    0x08021c4e   0x00000002   PAD
    0x08021c50   0x00000050   Data   RO          940    .constdata          usart.o
    0x08021ca0   0x000000a3   Data   RO          969    .constdata          spi_core.o
    0x08021d43   0x000000d9   Data   RO          982    .constdata          spi_dev.o
    0x08021e1c   0x0000002d   Data   RO         1048    .constdata          enc28j60.o
    0x08021e49   0x00000003   PAD
    0x08021e4c   0x00000010   Data   RO         1161    .constdata          protocol.o
    0x08021e5c   0x00000210   Data   RO         1196    .constdata          inc.o
    0x0802206c   0x0000004b   Data   RO         1249    .constdata          dataqueue.o
    0x080220b7   0x00000086   Data   RO         1319    .constdata          serial.o
    0x0802213d   0x00000003   PAD
    0x08022140   0x00000293   Data   RO         1332    .constdata          cmd.o
    0x080223d3   0x00000001   PAD
    0x080223d4   0x000000c4   Data   RO         1457    .constdata          finsh_ops.o
    0x08022498   0x00000040   Data   RO         1490    .constdata          finsh_token.o
    0x080224d8   0x0000004d   Data   RO         1571    .constdata          shell.o
    0x08022525   0x00000023   Data   RO         1603    .constdata          dfs.o
    0x08022548   0x0000005f   Data   RO         1680    .constdata          dfs_file.o
    0x080225a7   0x0000005c   Data   RO         1699    .constdata          dfs_fs.o
    0x08022603   0x00000019   Data   RO         1715    .constdata          dfs_posix.o
    0x0802261c   0x0000001e   Data   RO         1898    .constdata          memp.o
    0x0802263a   0x00000002   PAD
    0x0802263c   0x00000050   Data   RO         2042    .constdata          tcp.o
    0x0802268c   0x00000055   Data   RO         2095    .constdata          tcp_out.o
    0x080226e1   0x00000003   PAD
    0x080226e4   0x00000040   Data   RO         2333    .constdata          sockets.o
    0x08022724   0x00000008   Data   RO         2495    .constdata          ip_addr.o
    0x0802272c   0x000000b3   Data   RO         2523    .constdata          sys_arch.o
    0x080227df   0x00000001   PAD
    0x080227e0   0x00000050   Data   RO         2564    .constdata          etharp.o
    0x08022830   0x000000ec   Data   RO         2584    .constdata          ethernetif.o
    0x0802291c   0x00000081   Data   RO         2968    .constdata          mc_w.l(ctype_o.o)(mc_w.l)
    0x0802299d   0x00000003   PAD
    0x080229a0   0x00000004   Data   RO         2969    .constdata          mc_w.l(ctype_o.o)(mc_w.l)
    0x080229a4   0x000002c0   Data   RO         1197    .conststring        inc.o
    0x08022c64   0x000000e9   Data   RO         1333    .conststring        cmd.o
    0x08022d4d   0x000000d8   Data   RO         1392    .conststring        finsh_error.o
    0x08022e25   0x0000002c   Data   RO         1491    .conststring        finsh_token.o
    0x08022e51   0x00000068   Data   RO         2043    .conststring        tcp.o
    0x08022eb9   0x00000003   PAD
    0x08022ebc   0x00000004   Data   RO         1216    .rti_fn.0           components.o
    0x08022ec0   0x00000004   Data   RO         1217    .rti_fn.1.post      components.o
    0x08022ec4   0x00000004   Data   RO         1218    .rti_fn.7           components.o
    0x08022ec8   0x0000000c   Data   RO          338    FSymTab             tcpserver.o
    0x08022ed4   0x0000000c   Data   RO          778    FSymTab             mem.o
    0x08022ee0   0x0000000c   Data   RO          924    FSymTab             led.o
    0x08022eec   0x0000000c   Data   RO         1050    FSymTab             enc28j60.o
    0x08022ef8   0x00000090   Data   RO         1335    FSymTab             cmd.o
    0x08022f88   0x00000030   Data   RO         1681    FSymTab             dfs_file.o
    0x08022fb8   0x00000018   Data   RO         1700    FSymTab             dfs_fs.o
    0x08022fd0   0x0000000c   Data   RO         1716    FSymTab             dfs_posix.o
    0x08022fdc   0x00000030   Data   RO         2586    FSymTab             ethernetif.o
    0x0802300c   0x00000020   Data   RO         3002    Region$$Table       anon$$obj.o
    0x0802302c   0x00000010   Data   RO         1336    VSymTab             cmd.o


    Execution Region RW_IRAM1 (Base: 0x20000000, Size: 0x000035e0, Max: 0x00010000, ABSOLUTE, COMPRESSED[0x00000164])

    Base Addr    Size         Type   Attr      Idx    E Section Name        Object

    0x20000000   0x00000010   Data   RW           16    .data               cpuport.o
    0x20000010   0x0000001e   Data   RW          208    .data               application.o
    0x2000002e   0x00000014   Data   RW          564    .data               stm32f10x_rcc.o
    0x20000042   0x00000002   PAD
    0x20000044   0x00000014   Data   RW          660    .data               system_stm32f10x.o
    0x20000058   0x00000004   Data   RW          678    .data               clock.o
    0x2000005c   0x00000004   Data   RW          708    .data               idle.o
    0x20000060   0x00000001   Data   RW          743    .data               irq.o
    0x20000061   0x00000003   PAD
    0x20000064   0x00000008   Data   RW          760    .data               kservice.o
    0x2000006c   0x00000020   Data   RW          777    .data               mem.o
    0x2000008c   0x000000a4   Data   RW          824    .data               object.o
    0x20000130   0x0000001c   Data   RW          845    .data               scheduler.o
    0x2000014c   0x00000010   Data   RW          888    .data               timer.o
    0x2000015c   0x00000005   Data   RW          923    .data               led.o
    0x20000161   0x00000003   PAD
    0x20000164   0x00000018   Data   RW          941    .data               usart.o
    0x2000017c   0x00000008   Data   RW         1016    .data               rt_stm32f10x_spi.o
    0x20000184   0x00000014   Data   RW         1049    .data               enc28j60.o
    0x20000198   0x00000018   Data   RW         1114    .data               key_input.o
    0x200001b0   0x00000150   Data   RW         1162    .data               protocol.o
    0x20000300   0x00000030   Data   RW         1198    .data               inc.o
    0x20000330   0x00000004   Data   RW         1334    .data               cmd.o
    0x20000334   0x00000008   Data   RW         1355    .data               finsh_compiler.o
    0x2000033c   0x0000003d   Data   RW         1393    .data               finsh_error.o
    0x20000379   0x00000003   PAD
    0x2000037c   0x00000008   Data   RW         1409    .data               finsh_heap.o
    0x20000384   0x00000004   Data   RW         1506    .data               finsh_var.o
    0x20000388   0x0000000c   Data   RW         1529    .data               finsh_vm.o
    0x20000394   0x00000004   Data   RW         1572    .data               shell.o
    0x20000398   0x00000010   Data   RW         1588    .data               symbol.o
    0x200003a8   0x00000014   Data   RW         1768    .data               dns.o
    0x200003bc   0x00000009   Data   RW         1941    .data               netif.o
    0x200003c5   0x00000001   Data   RW         1980    .data               pbuf.o
    0x200003c6   0x00000002   PAD
    0x200003c8   0x00000004   Data   RW         2007    .data               raw.o
    0x200003cc   0x00000023   Data   RW         2044    .data               tcp.o
    0x200003ef   0x00000001   PAD
    0x200003f0   0x00000020   Data   RW         2070    .data               tcp_in.o
    0x20000410   0x00000008   Data   RW         2108    .data               timers.o
    0x20000418   0x00000008   Data   RW         2146    .data               udp.o
    0x20000420   0x00000008   Data   RW         2334    .data               sockets.o
    0x20000428   0x0000000c   Data   RW         2377    .data               tcpip.o
    0x20000434   0x0000000c   Data   RW         2435    .data               igmp.o
    0x20000440   0x00000012   Data   RW         2470    .data               ip.o
    0x20000452   0x00000006   Data   RW         2524    .data               sys_arch.o
    0x20000458   0x00000001   Data   RW         2565    .data               etharp.o
    0x20000459   0x00000003   PAD
    0x2000045c   0x00000004   Data   RW         2633    .data               mc_w.l(rand.o)(mc_w.l)
    0x20000460   0x00000004   Data   RW         2942    .data               mc_w.l(errno.o)(mc_w.l)
    0x20000464   0x00000a00   Zero   RW          207    .bss                application.o
    0x20000e64   0x00000180   Zero   RW          706    .bss                idle.o
    0x20000fe4   0x00000080   Zero   RW          758    .bss                kservice.o
    0x20001064   0x00000020   Zero   RW          775    .bss                mem.o
    0x20001084   0x00000100   Zero   RW          843    .bss                scheduler.o
    0x20001184   0x00000240   Zero   RW          939    .bss                usart.o
    0x200013c4   0x00000244   Zero   RW         1047    .bss                enc28j60.o
    0x20001608   0x00000080   Zero   RW         1408    .bss                finsh_heap.o
    0x20001688   0x00000140   Zero   RW         1442    .bss                finsh_node.o
    0x200017c8   0x000000c0   Zero   RW         1505    .bss                finsh_var.o
    0x20001888   0x00000180   Zero   RW         1528    .bss                finsh_vm.o
    0x20001a08   0x00000880   Zero   RW         1570    .bss                shell.o
    0x20002288   0x000000d4   Zero   RW         1602    .bss                dfs.o
    0x2000235c   0x00000124   Zero   RW         1679    .bss                dfs_file.o
    0x20002480   0x00000663   Zero   RW         1767    .bss                dns.o
    0x20002ae3   0x00000001   PAD
    0x20002ae4   0x00000014   Zero   RW         2069    .bss                tcp_in.o
    0x20002af8   0x00000060   Zero   RW         2332    .bss                sockets.o
    0x20002b58   0x00000010   Zero   RW         2494    .bss                ip_addr.o
    0x20002b68   0x000000c8   Zero   RW         2563    .bss                etharp.o
    0x20002c30   0x000005b0   Zero   RW         2583    .bss                ethernetif.o
    0x200031e0   0x00000400   Zero   RW            1    STACK               startup_stm32f10x_hd.o


==============================================================================

Image component sizes


      Code (inc. data)   RO Data    RW Data    ZI Data      Debug   Object Name

      3392        888          0          0          0          0   api_lib.o
      6320       1220          0          0          0          0   api_msg.o
      1780        586          0         30       2560          0   application.o
       148         20          0          0          0          0   board.o
       100          6          0          4          0          0   clock.o
      3004       1238       1052          4          0          0   cmd.o
        64         12         12          0          0          0   components.o
       240         26          0          0          0          0   context_rvds.o
      1524        768         19         16          0          0   cpuport.o
      1208        144         75          0          0          0   dataqueue.o
        62          0          0          0          0          0   def.o
      1044        166        168          0          0          0   device.o
      1008        162         35          0        212          0   dfs.o
         0          0          0          0          0          0   dfs_elm.o
      2504        358        143          0        292          0   dfs_file.o
      1588        294        116          0          0          0   dfs_fs.o
      1340         48         37          0          0          0   dfs_posix.o
      1916        238          0         20       1635          0   dns.o
       668        230          0          0          0          0   do_data.o
      4160        716         57         20        580          0   enc28j60.o
      3904        590         80          1        200          0   etharp.o
      2528        820        284          0       1456          0   ethernetif.o
      6222        120          0          8          0          0   finsh_compiler.o
        44         10        216         61          0          0   finsh_error.o
       528         18          0          8        128          0   finsh_heap.o
        88          6          0          0          0          0   finsh_init.o
       388          4          0          0        320          0   finsh_node.o
      2648         38        196          0          0          0   finsh_ops.o
      2428         32          0          0          0          0   finsh_parser.o
      1624         16        108          0          0          0   finsh_token.o
       408         16          0          4        192          0   finsh_var.o
       228         34          0         12        384          0   finsh_vm.o
      1032        320          0          0          0          0   icmp.o
       356        106         22          4        384          0   idle.o
      1940        354          0         12          0          0   igmp.o
      1188         28          0          0          0          0   iic_cs4385.o
       948        302       1232         48          0          0   inc.o
       640         48          0          0          0          0   inet_chksum.o
        36          0          0          0          0          0   init.o
       228          0          0          0          0          0   internal_flash.o
      1252        116          0         18          0          0   ip.o
       752         54          8          0         16          0   ip_addr.o
      6656        460        471          0          0          0   ipc.o
        72          6          0          1          0          0   irq.o
       252         20          0         24          0          0   key_input.o
      2448        170        290          8        128          0   kservice.o
      1368          4          0          0          0          0   lcd1602.o
       772         38         48          5          0          0   led.o
      2424        586        364         32         32          0   mem.o
         0          0         30          0          0          0   memp.o
       248         30          0          0          0          0   misc.o
       908        292          0          0          0          0   netbuf.o
       832         72          0          9          0          0   netif.o
       246          0          0          0          0          0   netifapi.o
       816        186         94        164          0          0   object.o
      4080       1122          0          1          0          0   pbuf.o
       612        252         16        336          0          0   protocol.o
       532         80          0          4          0          0   raw.o
       660         26          0          8          0          0   rt_stm32f10x_spi.o
       800        180         78         28        256          0   scheduler.o
      1488        212        134          0          0          0   serial.o
      2456        306         77          4       2176          0   shell.o
      7992        662         64          8         96          0   sockets.o
         0          0          0          0          0          0   spi_bus.o
      1904        200        163          0          0          0   spi_core.o
       884        204        217          0          0          0   spi_dev.o
       388          8          0          0          0          0   spi_instruction.o
       196         96          0          0          0          0   startup.o
        36          8        304          0       1024          0   startup_stm32f10x_hd.o
       316         28          0          0          0          0   stm32f10x_exti.o
      1480         52          0          0          0          0   stm32f10x_flash.o
       856         40          0          0          0          0   stm32f10x_gpio.o
        18          0          0          0          0          0   stm32f10x_it.o
       932         52          0         20          0          0   stm32f10x_rcc.o
       784         12          0          0          0          0   stm32f10x_spi.o
      1036         20          0          0          0          0   stm32f10x_usart.o
         0          0          0         16          0          0   symbol.o
      2108        378        179          6          0          0   sys_arch.o
       456         36          0         20          0          0   system_stm32f10x.o
      5396       1078        184         35          0          0   tcp.o
      7548       1012          0         32         20          0   tcp_in.o
      4994        902         85          0          0          0   tcp_out.o
      1024        166          0         12          0          0   tcpip.o
       492        186         59          0          0          0   tcpserver.o
      1672        246        170          0          0          0   thread.o
      1340        146         92         16          0          0   timer.o
       716        130          0          8          0          0   timers.o
      1544        148          0          8          0          0   udp.o
      1164        168         80         24        576          0   usart.o

    ----------------------------------------------------------------------
    134436      20172       7110       1116      12668          0   Object Totals
         0          0         32          0          0          0   (incl. Generated)
        10          0         19         17          1          0   (incl. Padding)

    ----------------------------------------------------------------------

      Code (inc. data)   RO Data    RW Data    ZI Data      Debug   Library Member Name

        92          0          0          0          0          0   __dczerorl2.o
        32          0          0          0          0          0   _chval.o
       156          0          0          0          0          0   _strtoul.o
        26          0          0          0          0          0   atoi.o
         8          4        133          0          0          0   ctype_o.o
         0          0          0          0          0          0   entry.o
         8          4          0          0          0          0   entry2.o
         4          0          0          0          0          0   entry5.o
         8          4          0          0          0          0   entry7.o
         8          4          0          4          0          0   errno.o
        30          0          0          0          0          0   handlers.o
        36          8          0          0          0          0   init.o
        26          0          0          0          0          0   memcmp.o
        36          0          0          0          0          0   memcpya.o
        38          0          0          0          0          0   memseta.o
       886         10          0          0          0          0   printf6.o
        36         10          0          4          0          0   rand.o
        28          0          0          0          0          0   strcmp.o
        18          0          0          0          0          0   strcpy.o
        16          0          0          0          0          0   strlen.o
        30          0          0          0          0          0   strncmp.o
        24          0          0          0          0          0   strncpy.o
        32          0          0          0          0          0   strrchr.o
       112          0          0          0          0          0   strtol.o
        44          0          0          0          0          0   uidiv.o

    ----------------------------------------------------------------------
      1738         44        136          8          0          0   Library Totals
         4          0          3          0          0          0   (incl. Padding)

    ----------------------------------------------------------------------

      Code (inc. data)   RO Data    RW Data    ZI Data      Debug   Library Name

      1734         44        133          8          0       1860   mc_w.l

    ----------------------------------------------------------------------
      1738         44        136          8          0          0   Library Totals

    ----------------------------------------------------------------------

==============================================================================


      Code (inc. data)   RO Data    RW Data    ZI Data      Debug   

    136174      20216       7246       1124      12668     936884   Grand Totals
    136174      20216       7246        356      12668     936884   ELF Image Totals (compressed)
    136174      20216       7246        356          0          0   ROM Totals

==============================================================================

    Total RO  Size (Code + RO Data)               143420 ( 140.06kB)
    Total RW  Size (RW Data + ZI Data)             13792 (  13.47kB)
    Total ROM Size (Code + RO Data + RW Data)     143776 ( 140.41kB)

==============================================================================

