<html>
<body>
<pre>
<h1>礦ision Build Log</h1>
<h2>Project:</h2>
E:\pisp1064_Prj\stm32_prj\pisp1064_DABox\USER\STM32-DEMO.uvproj
Project File Date:  05/21/2018

<h2>Output:</h2>
Build target 'pisp1064_DABox'
compiling timer2.c...
..\drivers\timer2.c(63): warning:  #223-D: function "sprintf" declared implicitly
..\drivers\timer2.c:    sprintf(sys_time,"%2d.%02d.%02d",hour,minute,second);   
..\drivers\timer2.c:    ^
..\drivers\timer2.c: ..\drivers\timer2.c: 1 warning, 0 errors
compiling spi_task.c...
..\task\spi_task.c(77): warning:  #223-D: function "DSP_W4Bytes" declared implicitly
..\task\spi_task.c:                     DSP_W4Bytes(spi_app_recv);
..\task\spi_task.c:                     ^
..\task\spi_task.c(79): warning:  #223-D: function "spi_to_cfg" declared implicitly
..\task\spi_task.c:                     spi_to_cfg(spi_app_recv);
..\task\spi_task.c:                     ^
..\task\spi_task.c(70): warning:  #177-D: variable "spi_app_send" was declared but never referenced
..\task\spi_task.c:       unsigned int spi_app_send;
..\task\spi_task.c:                    ^
..\task\spi_task.c: ..\task\spi_task.c: 3 warnings, 0 errors
linking...
Program Size: Code=153406 RO-data=8086 RW-data=1232 ZI-data=29720  
FromELF: creating hex file...
"..\Output\pisp1064_DABox.axf" - 0 Error(s), 4 Warning(s).
Build target 'pisp1064_DABox'
compiling application.c...
application.c(114): warning:  #223-D: function "rt_handle_key_input" declared implicitly
application.c:                  key_input_number = rt_handle_key_input();
application.c:                                     ^
application.c(125): warning:  #223-D: function "hal_front_panel_led" declared implicitly
application.c:                                                  hal_front_panel_led(mute_led_count);
application.c:                                                  ^
application.c(140): warning:  #223-D: function "rt_read_key_value" declared implicitly
application.c:                                  if(rt_read_key_value(1) == 1)
application.c:                                     ^
application.c(206): warning:  #223-D: function "OLED_Print" declared implicitly
application.c:                  OLED_Print(2,0,oled_buf);
application.c:                  ^
application.c(331): warning:  #223-D: function "rt_hw_stm32_eth_init" declared implicitly
application.c:                  rt_hw_stm32_eth_init();
application.c:                  ^
application.c(332): warning:  #223-D: function "lwip_sys_init" declared implicitly
application.c:                  lwip_sys_init();
application.c:                  ^
application.c(336): warning:  #223-D: function "tcpserv" declared implicitly
application.c:                  tcpserv((void *) NULL);
application.c:                  ^
application.c(355): warning:  #223-D: function "TIM2_Init" declared implicitly
application.c:          TIM2_Init();
application.c:          ^
application.c(360): warning:  #223-D: function "rt_dsp_reset_gpio_init" declared implicitly
application.c:          rt_dsp_reset_gpio_init();
application.c:          ^
application.c(363): warning:  #223-D: function "OLED_Init" declared implicitly
application.c:          OLED_Init();
application.c:          ^
application.c(365): warning:  #223-D: function "OLED_Print" declared implicitly
application.c:       OLED_Print(0,0,id_485);
application.c:       ^
application.c(370): warning:  #223-D: function "hal_front_panel_init" declared implicitly
application.c:          hal_front_panel_init();
application.c:          ^
application.c(373): warning:  #223-D: function "eeprom_Init" declared implicitly
application.c:          eeprom_Init();
application.c:          ^
application.c(395): warning:  #223-D: function "SPI_DSP_Init" declared implicitly
application.c:          SPI_DSP_Init();
application.c:          ^
application.c(397): warning:  #223-D: function "stm_dsp_code" declared implicitly
application.c:          stm_dsp_code();
application.c:          ^
application.c(399): warning:  #223-D: function "hal_pcm4104_i2s_mode" declared implicitly
application.c:          hal_pcm4104_i2s_mode();
application.c:          ^
application.c(401): warning:  #223-D: function "test_big_little_edian" declared implicitly
application.c:          test_big_little_edian();
application.c:          ^
application.c(403): warning:  #223-D: function "reset_struct_value" declared implicitly
application.c:          reset_struct_value();
application.c:          ^
application.c(404): warning:  #223-D: function "file_read" declared implicitly
application.c:          file_read();
application.c:          ^
application.c(412): warning:  #223-D: function "rt_hw_rs_485_rd_wr_init" declared implicitly
application.c:          rt_hw_rs_485_rd_wr_init();
application.c:          ^
application.c(413): warning:  #223-D: function "rt_hw_rs485_uart_init" declared implicitly
application.c:          rt_hw_rs485_uart_init();
application.c:          ^
application.c(90): warning:  #177-D: variable "g_i_lcd_show_value" was declared but never referenced
application.c:   static int g_i_lcd_show_value = -1;    //是在lcd1602中使用的量
application.c:              ^
application.c: application.c: 22 warnings, 0 errors
compiling timer2.c...
..\drivers\timer2.c(59): warning:  #223-D: function "sprintf" declared implicitly
..\drivers\timer2.c:    sprintf(sys_time,"%2d.%02d.%02d",hour,minute,second);   
..\drivers\timer2.c:    ^
..\drivers\timer2.c: ..\drivers\timer2.c: 1 warning, 0 errors
linking...
Program Size: Code=153370 RO-data=8086 RW-data=1232 ZI-data=29720  
FromELF: creating hex file...
"..\Output\pisp1064_DABox.axf" - 0 Error(s), 23 Warning(s).
Load "..\\Output\\pisp1064_DABox.AXF" 
Set JLink Project File to "E:\pisp1064_Prj\stm32_prj\pisp1064_DABox\USER\JLinkSettings.ini"
 
JLink info:
------------
DLL: V4.15n, compiled Jun 18 2010 19:55:09
Firmware: J-Link ARM V8 compiled Jul 17 2014 12:31:18
Hardware: V8.00
S/N : 17935099 
Feature(s) : RDI,FlashDL,FlashBP,JFlash 
 
* JLink Info: Found SWD-DP with ID 0x1BA01477
* JLink Info: TPIU fitted.
* JLink Info: ETM fitted.
* JLink Info:   FPUnit: 6 code (BP) slots and 2 literal slots
ROMTableAddr = 0xE00FF003
 
Target info:
------------
Device: STM32F103VE
VTarget = 3.319V
State of Pins: 
TCK: 0, TDI: 0, TDO: 0, TMS: 1, TRES: 1, TRST: 1
* JLink Info: Found SWD-DP with ID 0x1BA01477
* JLink Info: TPIU fitted.
* JLink Info: ETM fitted.
* JLink Info:   FPUnit: 6 code (BP) slots and 2 literal slots
Hardware-Breakpoints: 6
Software-Breakpoints: 2048
Watchpoints:          4
JTAG speed: 4000 kHz
 
Full Chip Erase Done.
Programming Done.
Verify OK.
* JLink Info: Found SWD-DP with ID 0x1BA01477
* JLink Info: TPIU fitted.
* JLink Info: ETM fitted.
* JLink Info:   FPUnit: 6 code (BP) slots and 2 literal slots
Application running ...
Load "..\\Output\\pisp1064_DABox.AXF" 
Set JLink Project File to "E:\pisp1064_Prj\stm32_prj\pisp1064_DABox\USER\JLinkSettings.ini"
 
JLink info:
------------
DLL: V4.15n, compiled Jun 18 2010 19:55:09
Firmware: J-Link ARM V8 compiled Jul 17 2014 12:31:18
Hardware: V8.00
S/N : 17935099 
Feature(s) : RDI,FlashDL,FlashBP,JFlash 
 
* JLink Info: Found SWD-DP with ID 0x1BA01477
* JLink Info: TPIU fitted.
* JLink Info: ETM fitted.
* JLink Info:   FPUnit: 6 code (BP) slots and 2 literal slots
ROMTableAddr = 0xE00FF003
 
Target info:
------------
Device: STM32F103VE
VTarget = 3.319V
State of Pins: 
TCK: 0, TDI: 0, TDO: 0, TMS: 1, TRES: 1, TRST: 1
* JLink Info: Found SWD-DP with ID 0x1BA01477
* JLink Info: TPIU fitted.
* JLink Info: ETM fitted.
* JLink Info:   FPUnit: 6 code (BP) slots and 2 literal slots
Hardware-Breakpoints: 6
Software-Breakpoints: 2048
Watchpoints:          4
JTAG speed: 4000 kHz
 
Full Chip Erase Done.
Programming Done.
Verify OK.
* JLink Info: Found SWD-DP with ID 0x1BA01477
* JLink Info: TPIU fitted.
* JLink Info: ETM fitted.
* JLink Info:   FPUnit: 6 code (BP) slots and 2 literal slots
Application running ...
Build target 'pisp1064_DABox'
compiling spi_instruction.c...
..\drivers\spi_instruction.c(305): warning:  #223-D: function "spi_send_to_tcp" declared implicitly
..\drivers\spi_instruction.c:           spi_send_to_tcp(data,spi_read_data,read_times);
..\drivers\spi_instruction.c:           ^
..\drivers\spi_instruction.c(254): warning:  #177-D: variable "c_value" was declared but never referenced
..\drivers\spi_instruction.c:           unsigned int c_value;
..\drivers\spi_instruction.c:                        ^
..\drivers\spi_instruction.c(307): warning:  #177-D: label "out" was declared but never referenced
..\drivers\spi_instruction.c:   out:
..\drivers\spi_instruction.c:   ^
..\drivers\spi_instruction.c: ..\drivers\spi_instruction.c: 3 warnings, 0 errors
linking...
Program Size: Code=153370 RO-data=8086 RW-data=1232 ZI-data=29720  
FromELF: creating hex file...
"..\Output\pisp1064_DABox.axf" - 0 Error(s), 3 Warning(s).
Load "..\\Output\\pisp1064_DABox.AXF" 
Set JLink Project File to "E:\pisp1064_Prj\stm32_prj\pisp1064_DABox\USER\JLinkSettings.ini"
 
JLink info:
------------
DLL: V4.15n, compiled Jun 18 2010 19:55:09
Firmware: J-Link ARM V8 compiled Jul 17 2014 12:31:18
Hardware: V8.00
S/N : 17935099 
Feature(s) : RDI,FlashDL,FlashBP,JFlash 
 
* JLink Info: Found SWD-DP with ID 0x1BA01477
* JLink Info: TPIU fitted.
* JLink Info: ETM fitted.
* JLink Info:   FPUnit: 6 code (BP) slots and 2 literal slots
ROMTableAddr = 0xE00FF003
 
Target info:
------------
Device: STM32F103VE
VTarget = 3.319V
State of Pins: 
TCK: 0, TDI: 0, TDO: 0, TMS: 1, TRES: 1, TRST: 1
* JLink Info: Found SWD-DP with ID 0x1BA01477
* JLink Info: TPIU fitted.
* JLink Info: ETM fitted.
* JLink Info:   FPUnit: 6 code (BP) slots and 2 literal slots
Hardware-Breakpoints: 6
Software-Breakpoints: 2048
Watchpoints:          4
JTAG speed: 4000 kHz
 
Full Chip Erase Done.
Programming Done.
Verify OK.
* JLink Info: Found SWD-DP with ID 0x1BA01477
* JLink Info: TPIU fitted.
* JLink Info: ETM fitted.
* JLink Info:   FPUnit: 6 code (BP) slots and 2 literal slots
Application running ...
Build target 'pisp1064_DABox'
compiling spi_instruction.c...
..\drivers\spi_instruction.c(305): warning:  #223-D: function "spi_send_to_tcp" declared implicitly
..\drivers\spi_instruction.c:           spi_send_to_tcp(data,spi_read_data,read_times);
..\drivers\spi_instruction.c:           ^
..\drivers\spi_instruction.c(254): warning:  #177-D: variable "c_value" was declared but never referenced
..\drivers\spi_instruction.c:           unsigned int c_value;
..\drivers\spi_instruction.c:                        ^
..\drivers\spi_instruction.c(307): warning:  #177-D: label "out" was declared but never referenced
..\drivers\spi_instruction.c:   out:
..\drivers\spi_instruction.c:   ^
..\drivers\spi_instruction.c: ..\drivers\spi_instruction.c: 3 warnings, 0 errors
linking...
Program Size: Code=153370 RO-data=8086 RW-data=1232 ZI-data=29720  
FromELF: creating hex file...
"..\Output\pisp1064_DABox.axf" - 0 Error(s), 3 Warning(s).
Load "..\\Output\\pisp1064_DABox.AXF" 
Set JLink Project File to "E:\pisp1064_Prj\stm32_prj\pisp1064_DABox\USER\JLinkSettings.ini"
 
JLink info:
------------
DLL: V4.15n, compiled Jun 18 2010 19:55:09
Firmware: J-Link ARM V8 compiled Jul 17 2014 12:31:18
Hardware: V8.00
S/N : 17935099 
Feature(s) : RDI,FlashDL,FlashBP,JFlash 
 
* JLink Info: Found SWD-DP with ID 0x1BA01477
* JLink Info: TPIU fitted.
* JLink Info: ETM fitted.
* JLink Info:   FPUnit: 6 code (BP) slots and 2 literal slots
ROMTableAddr = 0xE00FF003
 
Target info:
------------
Device: STM32F103VE
VTarget = 3.319V
State of Pins: 
TCK: 0, TDI: 0, TDO: 0, TMS: 1, TRES: 1, TRST: 1
* JLink Info: Found SWD-DP with ID 0x1BA01477
* JLink Info: TPIU fitted.
* JLink Info: ETM fitted.
* JLink Info:   FPUnit: 6 code (BP) slots and 2 literal slots
Hardware-Breakpoints: 6
Software-Breakpoints: 2048
Watchpoints:          4
JTAG speed: 4000 kHz
 
Full Chip Erase Done.
Programming Done.
Verify OK.
* JLink Info: Found SWD-DP with ID 0x1BA01477
* JLink Info: TPIU fitted.
* JLink Info: ETM fitted.
* JLink Info:   FPUnit: 6 code (BP) slots and 2 literal slots
Application running ...
Load "..\\Output\\pisp1064_DABox.AXF" 
Set JLink Project File to "E:\pisp1064_Prj\stm32_prj\pisp1064_DABox\USER\JLinkSettings.ini"
 
JLink info:
------------
DLL: V4.15n, compiled Jun 18 2010 19:55:09
Firmware: J-Link ARM V8 compiled Jul 17 2014 12:31:18
Hardware: V8.00
S/N : 17935099 
Feature(s) : RDI,FlashDL,FlashBP,JFlash 
 
* JLink Info: Found SWD-DP with ID 0x1BA01477
* JLink Info: TPIU fitted.
* JLink Info: ETM fitted.
* JLink Info:   FPUnit: 6 code (BP) slots and 2 literal slots
ROMTableAddr = 0xE00FF003
 
Target info:
------------
Device: STM32F103VE
VTarget = 3.319V
State of Pins: 
TCK: 0, TDI: 0, TDO: 0, TMS: 1, TRES: 1, TRST: 1
* JLink Info: Found SWD-DP with ID 0x1BA01477
* JLink Info: TPIU fitted.
* JLink Info: ETM fitted.
* JLink Info:   FPUnit: 6 code (BP) slots and 2 literal slots
Hardware-Breakpoints: 6
Software-Breakpoints: 2048
Watchpoints:          4
JTAG speed: 4000 kHz
 
Full Chip Erase Done.
Programming Done.
Verify OK.
* JLink Info: Found SWD-DP with ID 0x1BA01477
* JLink Info: TPIU fitted.
* JLink Info: ETM fitted.
* JLink Info:   FPUnit: 6 code (BP) slots and 2 literal slots
Application running ...
Build target 'pisp1064_DABox'
compiling spi_instruction.c...
..\drivers\spi_instruction.c(305): warning:  #223-D: function "spi_send_to_tcp" declared implicitly
..\drivers\spi_instruction.c:           spi_send_to_tcp(data,spi_read_data,read_times);
..\drivers\spi_instruction.c:           ^
..\drivers\spi_instruction.c(254): warning:  #177-D: variable "c_value" was declared but never referenced
..\drivers\spi_instruction.c:           unsigned int c_value;
..\drivers\spi_instruction.c:                        ^
..\drivers\spi_instruction.c(307): warning:  #177-D: label "out" was declared but never referenced
..\drivers\spi_instruction.c:   out:
..\drivers\spi_instruction.c:   ^
..\drivers\spi_instruction.c: ..\drivers\spi_instruction.c: 3 warnings, 0 errors
linking...
Program Size: Code=153370 RO-data=8086 RW-data=1232 ZI-data=29720  
FromELF: creating hex file...
"..\Output\pisp1064_DABox.axf" - 0 Error(s), 3 Warning(s).
Load "..\\Output\\pisp1064_DABox.AXF" 
Set JLink Project File to "E:\pisp1064_Prj\stm32_prj\pisp1064_DABox\USER\JLinkSettings.ini"
 
JLink info:
------------
DLL: V4.15n, compiled Jun 18 2010 19:55:09
Firmware: J-Link ARM V8 compiled Jul 17 2014 12:31:18
Hardware: V8.00
S/N : 17935099 
Feature(s) : RDI,FlashDL,FlashBP,JFlash 
 
* JLink Info: Found SWD-DP with ID 0x1BA01477
* JLink Info: TPIU fitted.
* JLink Info: ETM fitted.
* JLink Info:   FPUnit: 6 code (BP) slots and 2 literal slots
ROMTableAddr = 0xE00FF003
 
Target info:
------------
Device: STM32F103VE
VTarget = 3.319V
State of Pins: 
TCK: 0, TDI: 0, TDO: 0, TMS: 1, TRES: 1, TRST: 1
* JLink Info: Found SWD-DP with ID 0x1BA01477
* JLink Info: TPIU fitted.
* JLink Info: ETM fitted.
* JLink Info:   FPUnit: 6 code (BP) slots and 2 literal slots
Hardware-Breakpoints: 6
Software-Breakpoints: 2048
Watchpoints:          4
JTAG speed: 4000 kHz
 
Full Chip Erase Done.
Programming Done.
Verify OK.
* JLink Info: Found SWD-DP with ID 0x1BA01477
* JLink Info: TPIU fitted.
* JLink Info: ETM fitted.
* JLink Info:   FPUnit: 6 code (BP) slots and 2 literal slots
Application running ...
Load "..\\Output\\pisp1064_DABox.AXF" 
Set JLink Project File to "E:\pisp1064_Prj\stm32_prj\pisp1064_DABox\USER\JLinkSettings.ini"
 
JLink info:
------------
DLL: V4.15n, compiled Jun 18 2010 19:55:09
Firmware: J-Link ARM V8 compiled Jul 17 2014 12:31:18
Hardware: V8.00
S/N : 17935099 
Feature(s) : RDI,FlashDL,FlashBP,JFlash 
 
* JLink Info: Found SWD-DP with ID 0x1BA01477
* JLink Info: TPIU fitted.
* JLink Info: ETM fitted.
* JLink Info:   FPUnit: 6 code (BP) slots and 2 literal slots
ROMTableAddr = 0xE00FF003
 
Target info:
------------
Device: STM32F103VE
VTarget = 3.319V
State of Pins: 
TCK: 0, TDI: 0, TDO: 0, TMS: 1, TRES: 1, TRST: 1
* JLink Info: Found SWD-DP with ID 0x1BA01477
* JLink Info: TPIU fitted.
* JLink Info: ETM fitted.
* JLink Info:   FPUnit: 6 code (BP) slots and 2 literal slots
Hardware-Breakpoints: 6
Software-Breakpoints: 2048
Watchpoints:          4
JTAG speed: 4000 kHz
 
Full Chip Erase Done.
Programming Done.
Verify OK.
* JLink Info: Found SWD-DP with ID 0x1BA01477
* JLink Info: TPIU fitted.
* JLink Info: ETM fitted.
* JLink Info:   FPUnit: 6 code (BP) slots and 2 literal slots
Application running ...
Build target 'pisp1064_DABox'
compiling spi_instruction.c...
..\drivers\spi_instruction.c(305): warning:  #223-D: function "spi_send_to_tcp" declared implicitly
..\drivers\spi_instruction.c:           spi_send_to_tcp(data,spi_read_data,read_times);
..\drivers\spi_instruction.c:           ^
..\drivers\spi_instruction.c(254): warning:  #177-D: variable "c_value" was declared but never referenced
..\drivers\spi_instruction.c:           unsigned int c_value;
..\drivers\spi_instruction.c:                        ^
..\drivers\spi_instruction.c(307): warning:  #177-D: label "out" was declared but never referenced
..\drivers\spi_instruction.c:   out:
..\drivers\spi_instruction.c:   ^
..\drivers\spi_instruction.c: ..\drivers\spi_instruction.c: 3 warnings, 0 errors
linking...
Program Size: Code=153370 RO-data=8086 RW-data=1232 ZI-data=29720  
FromELF: creating hex file...
"..\Output\pisp1064_DABox.axf" - 0 Error(s), 3 Warning(s).
Build target 'pisp1064_DABox'
compiling spi_instruction.c...
..\drivers\spi_instruction.c(305): warning:  #223-D: function "spi_send_to_tcp" declared implicitly
..\drivers\spi_instruction.c:           spi_send_to_tcp(data,spi_read_data,read_times);
..\drivers\spi_instruction.c:           ^
..\drivers\spi_instruction.c(254): warning:  #177-D: variable "c_value" was declared but never referenced
..\drivers\spi_instruction.c:           unsigned int c_value;
..\drivers\spi_instruction.c:                        ^
..\drivers\spi_instruction.c(307): warning:  #177-D: label "out" was declared but never referenced
..\drivers\spi_instruction.c:   out:
..\drivers\spi_instruction.c:   ^
..\drivers\spi_instruction.c: ..\drivers\spi_instruction.c: 3 warnings, 0 errors
linking...
Program Size: Code=153378 RO-data=8086 RW-data=1232 ZI-data=29720  
FromELF: creating hex file...
"..\Output\pisp1064_DABox.axf" - 0 Error(s), 3 Warning(s).
Build target 'pisp1064_DABox'
linking...
Program Size: Code=153378 RO-data=8086 RW-data=1232 ZI-data=29720  
FromELF: creating hex file...
"..\Output\pisp1064_DABox.axf" - 0 Error(s), 0 Warning(s).
Load "..\\Output\\pisp1064_DABox.AXF" 
Set JLink Project File to "E:\pisp1064_Prj\stm32_prj\pisp1064_DABox\USER\JLinkSettings.ini"
 
JLink info:
------------
DLL: V4.15n, compiled Jun 18 2010 19:55:09
Firmware: J-Link ARM V8 compiled Jul 17 2014 12:31:18
Hardware: V8.00
S/N : 17935099 
Feature(s) : RDI,FlashDL,FlashBP,JFlash 
 
* JLink Info: Found SWD-DP with ID 0x1BA01477
* JLink Info: TPIU fitted.
* JLink Info: ETM fitted.
* JLink Info:   FPUnit: 6 code (BP) slots and 2 literal slots
ROMTableAddr = 0xE00FF003
 
Target info:
------------
Device: STM32F103VE
VTarget = 3.319V
State of Pins: 
TCK: 0, TDI: 0, TDO: 0, TMS: 1, TRES: 1, TRST: 1
* JLink Info: Found SWD-DP with ID 0x1BA01477
* JLink Info: TPIU fitted.
* JLink Info: ETM fitted.
* JLink Info:   FPUnit: 6 code (BP) slots and 2 literal slots
Hardware-Breakpoints: 6
Software-Breakpoints: 2048
Watchpoints:          4
JTAG speed: 4000 kHz
 
Full Chip Erase Done.
Programming Done.
Verify OK.
* JLink Info: Found SWD-DP with ID 0x1BA01477
* JLink Info: TPIU fitted.
* JLink Info: ETM fitted.
* JLink Info:   FPUnit: 6 code (BP) slots and 2 literal slots
Application running ...
Load "..\\Output\\pisp1064_DABox.AXF" 
Set JLink Project File to "E:\pisp1064_Prj\stm32_prj\pisp1064_DABox\USER\JLinkSettings.ini"
 
JLink info:
------------
DLL: V4.15n, compiled Jun 18 2010 19:55:09
Firmware: J-Link ARM V8 compiled Jul 17 2014 12:31:18
Hardware: V8.00
S/N : 17935099 
Feature(s) : RDI,FlashDL,FlashBP,JFlash 
 
* JLink Info: Found SWD-DP with ID 0x1BA01477
* JLink Info: TPIU fitted.
* JLink Info: ETM fitted.
* JLink Info:   FPUnit: 6 code (BP) slots and 2 literal slots
ROMTableAddr = 0xE00FF003
 
Target info:
------------
Device: STM32F103VE
VTarget = 3.319V
State of Pins: 
TCK: 0, TDI: 0, TDO: 0, TMS: 1, TRES: 1, TRST: 1
* JLink Info: Found SWD-DP with ID 0x1BA01477
* JLink Info: TPIU fitted.
* JLink Info: ETM fitted.
* JLink Info:   FPUnit: 6 code (BP) slots and 2 literal slots
Hardware-Breakpoints: 6
Software-Breakpoints: 2048
Watchpoints:          4
JTAG speed: 4000 kHz
 
Full Chip Erase Done.
Programming Done.
Verify OK.
* JLink Info: Found SWD-DP with ID 0x1BA01477
* JLink Info: TPIU fitted.
* JLink Info: ETM fitted.
* JLink Info:   FPUnit: 6 code (BP) slots and 2 literal slots
Application running ...
Load "..\\Output\\pisp1064_DABox.AXF" 
Set JLink Project File to "E:\pisp1064_Prj\stm32_prj\pisp1064_DABox\USER\JLinkSettings.ini"
 
JLink info:
------------
DLL: V4.15n, compiled Jun 18 2010 19:55:09
Firmware: J-Link ARM V8 compiled Jul 17 2014 12:31:18
Hardware: V8.00
S/N : 17935099 
Feature(s) : RDI,FlashDL,FlashBP,JFlash 
 
* JLink Info: Found SWD-DP with ID 0x1BA01477
* JLink Info: TPIU fitted.
* JLink Info: ETM fitted.
* JLink Info:   FPUnit: 6 code (BP) slots and 2 literal slots
ROMTableAddr = 0xE00FF003
 
Target info:
------------
Device: STM32F103VE
VTarget = 3.319V
State of Pins: 
TCK: 0, TDI: 0, TDO: 0, TMS: 1, TRES: 1, TRST: 1
* JLink Info: Found SWD-DP with ID 0x1BA01477
* JLink Info: TPIU fitted.
* JLink Info: ETM fitted.
* JLink Info:   FPUnit: 6 code (BP) slots and 2 literal slots
Hardware-Breakpoints: 6
Software-Breakpoints: 2048
Watchpoints:          4
JTAG speed: 4000 kHz
 
Full Chip Erase Done.
Programming Done.
Verify OK.
* JLink Info: Found SWD-DP with ID 0x1BA01477
* JLink Info: TPIU fitted.
* JLink Info: ETM fitted.
* JLink Info:   FPUnit: 6 code (BP) slots and 2 literal slots
Application running ...
Build target 'pisp1064_DABox'
compiling spi_instruction.c...
..\drivers\spi_instruction.c(311): warning:  #223-D: function "spi_send_to_tcp" declared implicitly
..\drivers\spi_instruction.c:           spi_send_to_tcp(data,spi_read_data,read_times);
..\drivers\spi_instruction.c:           ^
..\drivers\spi_instruction.c(254): warning:  #177-D: variable "c_value" was declared but never referenced
..\drivers\spi_instruction.c:           unsigned int c_value;
..\drivers\spi_instruction.c:                        ^
..\drivers\spi_instruction.c(313): warning:  #177-D: label "out" was declared but never referenced
..\drivers\spi_instruction.c:   out:
..\drivers\spi_instruction.c:   ^
..\drivers\spi_instruction.c: ..\drivers\spi_instruction.c: 3 warnings, 0 errors
linking...
Program Size: Code=153402 RO-data=8086 RW-data=1232 ZI-data=29720  
FromELF: creating hex file...
"..\Output\pisp1064_DABox.axf" - 0 Error(s), 3 Warning(s).
Load "..\\Output\\pisp1064_DABox.AXF" 
Set JLink Project File to "E:\pisp1064_Prj\stm32_prj\pisp1064_DABox\USER\JLinkSettings.ini"
 
JLink info:
------------
DLL: V4.15n, compiled Jun 18 2010 19:55:09
Firmware: J-Link ARM V8 compiled Jul 17 2014 12:31:18
Hardware: V8.00
S/N : 17935099 
Feature(s) : RDI,FlashDL,FlashBP,JFlash 
 
* JLink Info: Found SWD-DP with ID 0x1BA01477
* JLink Info: TPIU fitted.
* JLink Info: ETM fitted.
* JLink Info:   FPUnit: 6 code (BP) slots and 2 literal slots
ROMTableAddr = 0xE00FF003
 
Target info:
------------
Device: STM32F103VE
VTarget = 3.319V
State of Pins: 
TCK: 0, TDI: 0, TDO: 0, TMS: 1, TRES: 1, TRST: 1
* JLink Info: Found SWD-DP with ID 0x1BA01477
* JLink Info: TPIU fitted.
* JLink Info: ETM fitted.
* JLink Info:   FPUnit: 6 code (BP) slots and 2 literal slots
Hardware-Breakpoints: 6
Software-Breakpoints: 2048
Watchpoints:          4
JTAG speed: 4000 kHz
 
Full Chip Erase Done.
Programming Done.
Verify OK.
* JLink Info: Found SWD-DP with ID 0x1BA01477
* JLink Info: TPIU fitted.
* JLink Info: ETM fitted.
* JLink Info:   FPUnit: 6 code (BP) slots and 2 literal slots
Application running ...
Build target 'pisp1064_DABox'
compiling spi_instruction.c...
..\drivers\spi_instruction.c(316): warning:  #223-D: function "spi_send_to_tcp" declared implicitly
..\drivers\spi_instruction.c:           spi_send_to_tcp(data,spi_read_data,read_times);
..\drivers\spi_instruction.c:           ^
..\drivers\spi_instruction.c(254): warning:  #177-D: variable "c_value" was declared but never referenced
..\drivers\spi_instruction.c:           unsigned int c_value;
..\drivers\spi_instruction.c:                        ^
..\drivers\spi_instruction.c(318): warning:  #177-D: label "out" was declared but never referenced
..\drivers\spi_instruction.c:   out:
..\drivers\spi_instruction.c:   ^
..\drivers\spi_instruction.c: ..\drivers\spi_instruction.c: 3 warnings, 0 errors
linking...
Program Size: Code=153438 RO-data=8086 RW-data=1232 ZI-data=29720  
FromELF: creating hex file...
"..\Output\pisp1064_DABox.axf" - 0 Error(s), 3 Warning(s).
Load "..\\Output\\pisp1064_DABox.AXF" 
Set JLink Project File to "E:\pisp1064_Prj\stm32_prj\pisp1064_DABox\USER\JLinkSettings.ini"
 
JLink info:
------------
DLL: V4.15n, compiled Jun 18 2010 19:55:09
Firmware: J-Link ARM V8 compiled Jul 17 2014 12:31:18
Hardware: V8.00
S/N : 17935099 
Feature(s) : RDI,FlashDL,FlashBP,JFlash 
 
* JLink Info: Found SWD-DP with ID 0x1BA01477
* JLink Info: TPIU fitted.
* JLink Info: ETM fitted.
* JLink Info:   FPUnit: 6 code (BP) slots and 2 literal slots
ROMTableAddr = 0xE00FF003
 
Target info:
------------
Device: STM32F103VE
VTarget = 3.319V
State of Pins: 
TCK: 0, TDI: 0, TDO: 0, TMS: 1, TRES: 1, TRST: 1
* JLink Info: Found SWD-DP with ID 0x1BA01477
* JLink Info: TPIU fitted.
* JLink Info: ETM fitted.
* JLink Info:   FPUnit: 6 code (BP) slots and 2 literal slots
Hardware-Breakpoints: 6
Software-Breakpoints: 2048
Watchpoints:          4
JTAG speed: 4000 kHz
 
Full Chip Erase Done.
Programming Done.
Verify OK.
* JLink Info: Found SWD-DP with ID 0x1BA01477
* JLink Info: TPIU fitted.
* JLink Info: ETM fitted.
* JLink Info:   FPUnit: 6 code (BP) slots and 2 literal slots
Application running ...
Build target 'pisp1064_DABox'
compiling spi_instruction.c...
..\drivers\spi_instruction.c(310): warning:  #223-D: function "spi_send_to_tcp" declared implicitly
..\drivers\spi_instruction.c:           spi_send_to_tcp(data,spi_read_data,read_times);
..\drivers\spi_instruction.c:           ^
..\drivers\spi_instruction.c(254): warning:  #177-D: variable "c_value" was declared but never referenced
..\drivers\spi_instruction.c:           unsigned int c_value;
..\drivers\spi_instruction.c:                        ^
..\drivers\spi_instruction.c(312): warning:  #177-D: label "out" was declared but never referenced
..\drivers\spi_instruction.c:   out:
..\drivers\spi_instruction.c:   ^
..\drivers\spi_instruction.c: ..\drivers\spi_instruction.c: 3 warnings, 0 errors
linking...
Program Size: Code=153402 RO-data=8086 RW-data=1232 ZI-data=29720  
FromELF: creating hex file...
"..\Output\pisp1064_DABox.axf" - 0 Error(s), 3 Warning(s).
Load "..\\Output\\pisp1064_DABox.AXF" 
Set JLink Project File to "E:\pisp1064_Prj\stm32_prj\pisp1064_DABox\USER\JLinkSettings.ini"
 
JLink info:
------------
DLL: V4.15n, compiled Jun 18 2010 19:55:09
Firmware: J-Link ARM V8 compiled Jul 17 2014 12:31:18
Hardware: V8.00
S/N : 17935099 
Feature(s) : RDI,FlashDL,FlashBP,JFlash 
 
* JLink Info: Found SWD-DP with ID 0x1BA01477
* JLink Info: TPIU fitted.
* JLink Info: ETM fitted.
* JLink Info:   FPUnit: 6 code (BP) slots and 2 literal slots
ROMTableAddr = 0xE00FF003
 
Target info:
------------
Device: STM32F103VE
VTarget = 3.319V
State of Pins: 
TCK: 0, TDI: 0, TDO: 0, TMS: 1, TRES: 1, TRST: 1
* JLink Info: Found SWD-DP with ID 0x1BA01477
* JLink Info: TPIU fitted.
* JLink Info: ETM fitted.
* JLink Info:   FPUnit: 6 code (BP) slots and 2 literal slots
Hardware-Breakpoints: 6
Software-Breakpoints: 2048
Watchpoints:          4
JTAG speed: 4000 kHz
 
Full Chip Erase Done.
Programming Done.
Verify OK.
* JLink Info: Found SWD-DP with ID 0x1BA01477
* JLink Info: TPIU fitted.
* JLink Info: ETM fitted.
* JLink Info:   FPUnit: 6 code (BP) slots and 2 literal slots
Application running ...
Build target 'pisp1064_DABox'
compiling spi_instruction.c...
..\drivers\spi_instruction.c(310): warning:  #223-D: function "spi_send_to_tcp" declared implicitly
..\drivers\spi_instruction.c:           spi_send_to_tcp(data,spi_read_data,read_times);
..\drivers\spi_instruction.c:           ^
..\drivers\spi_instruction.c(254): warning:  #177-D: variable "c_value" was declared but never referenced
..\drivers\spi_instruction.c:           unsigned int c_value;
..\drivers\spi_instruction.c:                        ^
..\drivers\spi_instruction.c(312): warning:  #177-D: label "out" was declared but never referenced
..\drivers\spi_instruction.c:   out:
..\drivers\spi_instruction.c:   ^
..\drivers\spi_instruction.c: ..\drivers\spi_instruction.c: 3 warnings, 0 errors
linking...
Program Size: Code=153402 RO-data=8086 RW-data=1232 ZI-data=29720  
FromELF: creating hex file...
"..\Output\pisp1064_DABox.axf" - 0 Error(s), 3 Warning(s).
Build target 'pisp1064_DABox'
compiling spi_instruction.c...
..\drivers\spi_instruction.c(310): warning:  #223-D: function "spi_send_to_tcp" declared implicitly
..\drivers\spi_instruction.c:           spi_send_to_tcp(data,spi_read_data,read_times);
..\drivers\spi_instruction.c:           ^
..\drivers\spi_instruction.c(254): warning:  #177-D: variable "c_value" was declared but never referenced
..\drivers\spi_instruction.c:           unsigned int c_value;
..\drivers\spi_instruction.c:                        ^
..\drivers\spi_instruction.c(312): warning:  #177-D: label "out" was declared but never referenced
..\drivers\spi_instruction.c:   out:
..\drivers\spi_instruction.c:   ^
..\drivers\spi_instruction.c: ..\drivers\spi_instruction.c: 3 warnings, 0 errors
linking...
Program Size: Code=153402 RO-data=8086 RW-data=1232 ZI-data=29720  
FromELF: creating hex file...
"..\Output\pisp1064_DABox.axf" - 0 Error(s), 3 Warning(s).
Load "..\\Output\\pisp1064_DABox.AXF" 
Set JLink Project File to "E:\pisp1064_Prj\stm32_prj\pisp1064_DABox\USER\JLinkSettings.ini"
 
JLink info:
------------
DLL: V4.15n, compiled Jun 18 2010 19:55:09
Firmware: J-Link ARM V8 compiled Jul 17 2014 12:31:18
Hardware: V8.00
S/N : 17935099 
Feature(s) : RDI,FlashDL,FlashBP,JFlash 
 
* JLink Info: Found SWD-DP with ID 0x1BA01477
* JLink Info: TPIU fitted.
* JLink Info: ETM fitted.
* JLink Info:   FPUnit: 6 code (BP) slots and 2 literal slots
ROMTableAddr = 0xE00FF003
 
Target info:
------------
Device: STM32F103VE
VTarget = 3.319V
State of Pins: 
TCK: 0, TDI: 0, TDO: 0, TMS: 1, TRES: 1, TRST: 1
* JLink Info: Found SWD-DP with ID 0x1BA01477
* JLink Info: TPIU fitted.
* JLink Info: ETM fitted.
* JLink Info:   FPUnit: 6 code (BP) slots and 2 literal slots
Hardware-Breakpoints: 6
Software-Breakpoints: 2048
Watchpoints:          4
JTAG speed: 4000 kHz
 
Full Chip Erase Done.
Programming Done.
Verify OK.
* JLink Info: Found SWD-DP with ID 0x1BA01477
* JLink Info: TPIU fitted.
* JLink Info: ETM fitted.
* JLink Info:   FPUnit: 6 code (BP) slots and 2 literal slots
Application running ...
Load "..\\Output\\pisp1064_DABox.AXF" 
Set JLink Project File to "E:\pisp1064_Prj\stm32_prj\pisp1064_DABox\USER\JLinkSettings.ini"
 
JLink info:
------------
DLL: V4.15n, compiled Jun 18 2010 19:55:09
Firmware: J-Link ARM V8 compiled Jul 17 2014 12:31:18
Hardware: V8.00
S/N : 17935099 
Feature(s) : RDI,FlashDL,FlashBP,JFlash 
 
* JLink Info: Found SWD-DP with ID 0x1BA01477
* JLink Info: TPIU fitted.
* JLink Info: ETM fitted.
* JLink Info:   FPUnit: 6 code (BP) slots and 2 literal slots
ROMTableAddr = 0xE00FF003
 
Target info:
------------
Device: STM32F103VE
VTarget = 3.319V
State of Pins: 
TCK: 0, TDI: 0, TDO: 0, TMS: 1, TRES: 1, TRST: 1
* JLink Info: Found SWD-DP with ID 0x1BA01477
* JLink Info: TPIU fitted.
* JLink Info: ETM fitted.
* JLink Info:   FPUnit: 6 code (BP) slots and 2 literal slots
Hardware-Breakpoints: 6
Software-Breakpoints: 2048
Watchpoints:          4
JTAG speed: 4000 kHz
 
Full Chip Erase Done.
Programming Done.
Verify OK.
* JLink Info: Found SWD-DP with ID 0x1BA01477
* JLink Info: TPIU fitted.
* JLink Info: ETM fitted.
* JLink Info:   FPUnit: 6 code (BP) slots and 2 literal slots
Application running ...
Build target 'pisp1064_DABox'
assembling startup_stm32f10x_hd.s...
assembling context_rvds.S...
..\CMSIS\startup\context_rvds.S(206): warning: A1581W: Added 2 bytes of padding at address 0xd6
..\CMSIS\startup\context_rvds.S:   206 000000d8     END
..\CMSIS\startup\context_rvds.S: 0 Errors, 1 Warning
compiling cpuport.c...
compiling backtrace.c...
compiling div0.c...
compiling showmem.c...
compiling stm32f10x_it.c...
compiling startup.c...
startup.c(65): warning:  #223-D: function "rt_hw_board_init" declared implicitly
startup.c:       rt_hw_board_init();
startup.c:       ^
startup.c(99): warning:  #223-D: function "finsh_system_init" declared implicitly
startup.c:      finsh_system_init(); //初始化FINSH线程
startup.c:      ^
startup.c(100): warning:  #223-D: function "finsh_set_device" declared implicitly
startup.c:      finsh_set_device("uart1"); //设置FINSH使用的输入输出设备为 "uart1"
startup.c:      ^
startup.c(117): warning:  #550-D: variable "level" was set but never used
startup.c:      rt_uint32_t level;
startup.c:                  ^
startup.c: startup.c: 4 warnings, 0 errors
compiling application.c...
application.c(114): warning:  #223-D: function "rt_handle_key_input" declared implicitly
application.c:                  key_input_number = rt_handle_key_input();
application.c:                                     ^
application.c(125): warning:  #223-D: function "hal_front_panel_led" declared implicitly
application.c:                                                  hal_front_panel_led(mute_led_count);
application.c:                                                  ^
application.c(140): warning:  #223-D: function "rt_read_key_value" declared implicitly
application.c:                                  if(rt_read_key_value(1) == 1)
application.c:                                     ^
application.c(206): warning:  #223-D: function "OLED_Print" declared implicitly
application.c:                  OLED_Print(2,0,oled_buf);
application.c:                  ^
application.c(331): warning:  #223-D: function "rt_hw_stm32_eth_init" declared implicitly
application.c:                  rt_hw_stm32_eth_init();
application.c:                  ^
application.c(332): warning:  #223-D: function "lwip_sys_init" declared implicitly
application.c:                  lwip_sys_init();
application.c:                  ^
application.c(336): warning:  #223-D: function "tcpserv" declared implicitly
application.c:                  tcpserv((void *) NULL);
application.c:                  ^
application.c(355): warning:  #223-D: function "TIM2_Init" declared implicitly
application.c:          TIM2_Init();
application.c:          ^
application.c(360): warning:  #223-D: function "rt_dsp_reset_gpio_init" declared implicitly
application.c:          rt_dsp_reset_gpio_init();
application.c:          ^
application.c(363): warning:  #223-D: function "OLED_Init" declared implicitly
application.c:          OLED_Init();
application.c:          ^
application.c(365): warning:  #223-D: function "OLED_Print" declared implicitly
application.c:       OLED_Print(0,0,id_485);
application.c:       ^
application.c(370): warning:  #223-D: function "hal_front_panel_init" declared implicitly
application.c:          hal_front_panel_init();
application.c:          ^
application.c(373): warning:  #223-D: function "eeprom_Init" declared implicitly
application.c:          eeprom_Init();
application.c:          ^
application.c(395): warning:  #223-D: function "SPI_DSP_Init" declared implicitly
application.c:          SPI_DSP_Init();
application.c:          ^
application.c(397): warning:  #223-D: function "stm_dsp_code" declared implicitly
application.c:          stm_dsp_code();
application.c:          ^
application.c(399): warning:  #223-D: function "hal_pcm4104_i2s_mode" declared implicitly
application.c:          hal_pcm4104_i2s_mode();
application.c:          ^
application.c(401): warning:  #223-D: function "test_big_little_edian" declared implicitly
application.c:          test_big_little_edian();
application.c:          ^
application.c(403): warning:  #223-D: function "reset_struct_value" declared implicitly
application.c:          reset_struct_value();
application.c:          ^
application.c(404): warning:  #223-D: function "file_read" declared implicitly
application.c:          file_read();
application.c:          ^
application.c(412): warning:  #223-D: function "rt_hw_rs_485_rd_wr_init" declared implicitly
application.c:          rt_hw_rs_485_rd_wr_init();
application.c:          ^
application.c(413): warning:  #223-D: function "rt_hw_rs485_uart_init" declared implicitly
application.c:          rt_hw_rs485_uart_init();
application.c:          ^
application.c(90): warning:  #177-D: variable "g_i_lcd_show_value" was declared but never referenced
application.c:   static int g_i_lcd_show_value = -1;    //是在lcd1602中使用的量
application.c:              ^
application.c: application.c: 22 warnings, 0 errors
compiling echo.c...
echo.h(10): warning:  #1-D: last line of file ends without a newline
echo.h:                                                                                                                
echo.h:                                                                                                                ^
echo.h(10): warning:  #1331-D: null (zero) character in input line ignored
echo.h:                                                                                                                
echo.h:   ^
echo.h(10): warning:  #1331-D: null (zero) character in input line ignored
echo.h:                                                                                                                
echo.h:    ^
echo.h(10): warning:  #1331-D: null (zero) character in input line ignored
echo.h:                                                                                                                
echo.h:     ^
echo.h(10): warning:  #1331-D: null (zero) character in input line ignored
echo.h:                                                                                                                
echo.h:      ^
echo.h(10): warning:  #1331-D: null (zero) character in input line ignored
echo.h:                                                                                                                
echo.h:       ^
echo.h(10): warning:  #1331-D: null (zero) character in input line ignored
echo.h:                                                                                                                
echo.h:        ^
echo.h(10): warning:  #1331-D: null (zero) character in input line ignored
echo.h:                                                                                                                
echo.h:         ^
echo.h(10): warning:  #1331-D: null (zero) character in input line ignored
echo.h:                                                                                                                
echo.h:          ^
echo.h(10): warning:  #1331-D: null (zero) character in input line ignored
echo.h:                                                                                                                
echo.h:           ^
echo.h(10): warning:  #1331-D: null (zero) character in input line ignored
echo.h:                                                                                                                
echo.h:            ^
echo.h(10): warning:  #1331-D: null (zero) character in input line ignored
echo.h:                                                                                                                
echo.h:             ^
echo.h(10): warning:  #1331-D: null (zero) character in input line ignored
echo.h:                                                                                                                
echo.h:              ^
echo.h(10): warning:  #1331-D: null (zero) character in input line ignored
echo.h:                                                                                                                
echo.h:               ^
echo.h(10): warning:  #1331-D: null (zero) character in input line ignored
echo.h:                                                                                                                
echo.h:                ^
echo.h(10): warning:  #1331-D: null (zero) character in input line ignored
echo.h:                                                                                                                
echo.h:                 ^
echo.h(10): warning:  #1331-D: null (zero) character in input line ignored
echo.h:                                                                                                                
echo.h:                  ^
echo.h(10): warning:  #1331-D: null (zero) character in input line ignored
echo.h:                                                                                                                
echo.h:                   ^
echo.h(10): warning:  #1331-D: null (zero) character in input line ignored
echo.h:                                                                                                                
echo.h:                    ^
echo.h(10): warning:  #1331-D: null (zero) character in input line ignored
echo.h:                                                                                                                
echo.h:                     ^
echo.h(10): warning:  #1331-D: null (zero) character in input line ignored
echo.h:                                                                                                                
echo.h:                      ^
echo.h(10): warning:  #1331-D: null (zero) character in input line ignored
echo.h:                                                                                                                
echo.h:                       ^
echo.h(10): warning:  #1331-D: null (zero) character in input line ignored
echo.h:                                                                                                                
echo.h:                        ^
echo.h(10): warning:  #1331-D: null (zero) character in input line ignored
echo.h:                                                                                                                
echo.h:                         ^
echo.h(10): warning:  #1331-D: null (zero) character in input line ignored
echo.h:                                                                                                                
echo.h:                          ^
echo.h(10): warning:  #1331-D: null (zero) character in input line ignored
echo.h:                                                                                                                
echo.h:                           ^
echo.h(10): warning:  #1331-D: null (zero) character in input line ignored
echo.h:                                                                                                                
echo.h:                            ^
echo.h(10): warning:  #1331-D: null (zero) character in input line ignored
echo.h:                                                                                                                
echo.h:                             ^
echo.h(10): warning:  #1331-D: null (zero) character in input line ignored
echo.h:                                                                                                                
echo.h:                              ^
echo.h(10): warning:  #1331-D: null (zero) character in input line ignored
echo.h:                                                                                                                
echo.h:                               ^
echo.h(10): warning:  #1331-D: null (zero) character in input line ignored
echo.h:                                                                                                                
echo.h:                                ^
echo.h(10): warning:  #1331-D: null (zero) character in input line ignored
echo.h:                                                                                                                
echo.h:                                 ^
echo.h(10): warning:  #1331-D: null (zero) character in input line ignored
echo.h:                                                                                                                
echo.h:                                  ^
echo.h(10): warning:  #1331-D: null (zero) character in input line ignored
echo.h:                                                                                                                
echo.h:                                   ^
echo.h(10): warning:  #1331-D: null (zero) character in input line ignored
echo.h:                                                                                                                
echo.h:                                    ^
echo.h(10): warning:  #1331-D: null (zero) character in input line ignored
echo.h:                                                                                                                
echo.h:                                     ^
echo.h(10): warning:  #1331-D: null (zero) character in input line ignored
echo.h:                                                                                                                
echo.h:                                      ^
echo.h(10): warning:  #1331-D: null (zero) character in input line ignored
echo.h:                                                                                                                
echo.h:                                       ^
echo.h(10): warning:  #1331-D: null (zero) character in input line ignored
echo.h:                                                                                                                
echo.h:                                        ^
echo.h(10): warning:  #1331-D: null (zero) character in input line ignored
echo.h:                                                                                                                
echo.h:                                         ^
echo.h(10): warning:  #1331-D: null (zero) character in input line ignored
echo.h:                                                                                                                
echo.h:                                          ^
echo.h(10): warning:  #1331-D: null (zero) character in input line ignored
echo.h:                                                                                                                
echo.h:                                           ^
echo.h(10): warning:  #1331-D: null (zero) character in input line ignored
echo.h:                                                                                                                
echo.h:                                            ^
echo.h(10): warning:  #1331-D: null (zero) character in input line ignored
echo.h:                                                                                                                
echo.h:                                             ^
echo.h(10): warning:  #1331-D: null (zero) character in input line ignored
echo.h:                                                                                                                
echo.h:                                              ^
echo.h(10): warning:  #1331-D: null (zero) character in input line ignored
echo.h:                                                                                                                
echo.h:                                               ^
echo.h(10): warning:  #1331-D: null (zero) character in input line ignored
echo.h:                                                                                                                
echo.h:                                                ^
echo.h(10): warning:  #1331-D: null (zero) character in input line ignored
echo.h:                                                                                                                
echo.h:                                                 ^
echo.h(10): warning:  #1331-D: null (zero) character in input line ignored
echo.h:                                                                                                                
echo.h:                                                  ^
echo.h(10): warning:  #1331-D: null (zero) character in input line ignored
echo.h:                                                                                                                
echo.h:                                                   ^
echo.h(10): warning:  #1331-D: null (zero) character in input line ignored
echo.h:                                                                                                                
echo.h:                                                    ^
echo.h(10): warning:  #1331-D: null (zero) character in input line ignored
echo.h:                                                                                                                
echo.h:                                                     ^
echo.h(10): warning:  #1331-D: null (zero) character in input line ignored
echo.h:                                                                                                                
echo.h:                                                      ^
echo.h(10): warning:  #1331-D: null (zero) character in input line ignored
echo.h:                                                                                                                
echo.h:                                                       ^
echo.h(10): warning:  #1331-D: null (zero) character in input line ignored
echo.h:                                                                                                                
echo.h:                                                        ^
echo.h(10): warning:  #1331-D: null (zero) character in input line ignored
echo.h:                                                                                                                
echo.h:                                                         ^
echo.h(10): warning:  #1331-D: null (zero) character in input line ignored
echo.h:                                                                                                                
echo.h:                                                          ^
echo.h(10): warning:  #1331-D: null (zero) character in input line ignored
echo.h:                                                                                                                
echo.h:                                                           ^
echo.h(10): warning:  #1331-D: null (zero) character in input line ignored
echo.h:                                                                                                                
echo.h:                                                            ^
echo.h(10): warning:  #1331-D: null (zero) character in input line ignored
echo.h:                                                                                                                
echo.h:                                                             ^
echo.h(10): warning:  #1331-D: null (zero) character in input line ignored
echo.h:                                                                                                                
echo.h:                                                              ^
echo.h(10): warning:  #1331-D: null (zero) character in input line ignored
echo.h:                                                                                                                
echo.h:                                                               ^
echo.h(10): warning:  #1331-D: null (zero) character in input line ignored
echo.h:                                                                                                                
echo.h:                                                                ^
echo.h(10): warning:  #1331-D: null (zero) character in input line ignored
echo.h:                                                                                                                
echo.h:                                                                 ^
echo.h(10): warning:  #1331-D: null (zero) character in input line ignored
echo.h:                                                                                                                
echo.h:                                                                  ^
echo.h(10): warning:  #1331-D: null (zero) character in input line ignored
echo.h:                                                                                                                
echo.h:                                                                   ^
echo.h(10): warning:  #1331-D: null (zero) character in input line ignored
echo.h:                                                                                                                
echo.h:                                                                    ^
echo.h(10): warning:  #1331-D: null (zero) character in input line ignored
echo.h:                                                                                                                
echo.h:                                                                     ^
echo.h(10): warning:  #1331-D: null (zero) character in input line ignored
echo.h:                                                                                                                
echo.h:                                                                      ^
echo.h(10): warning:  #1331-D: null (zero) character in input line ignored
echo.h:                                                                                                                
echo.h:                                                                       ^
echo.h(10): warning:  #1331-D: null (zero) character in input line ignored
echo.h:                                                                                                                
echo.h:                                                                        ^
echo.h(10): warning:  #1331-D: null (zero) character in input line ignored
echo.h:                                                                                                                
echo.h:                                                                         ^
echo.h(10): warning:  #1331-D: null (zero) character in input line ignored
echo.h:                                                                                                                
echo.h:                                                                          ^
echo.h(10): warning:  #1331-D: null (zero) character in input line ignored
echo.h:                                                                                                                
echo.h:                                                                           ^
echo.h(10): warning:  #1331-D: null (zero) character in input line ignored
echo.h:                                                                                                                
echo.h:                                                                            ^
echo.h(10): warning:  #1331-D: null (zero) character in input line ignored
echo.h:                                                                                                                
echo.h:                                                                             ^
echo.h(10): warning:  #1331-D: null (zero) character in input line ignored
echo.h:                                                                                                                
echo.h:                                                                              ^
echo.h(10): warning:  #1331-D: null (zero) character in input line ignored
echo.h:                                                                                                                
echo.h:                                                                               ^
echo.h(10): warning:  #1331-D: null (zero) character in input line ignored
echo.h:                                                                                                                
echo.h:                                                                                ^
echo.h(10): warning:  #1331-D: null (zero) character in input line ignored
echo.h:                                                                                                                
echo.h:                                                                                 ^
echo.h(10): warning:  #1331-D: null (zero) character in input line ignored
echo.h:                                                                                                                
echo.h:                                                                                  ^
echo.h(10): warning:  #1331-D: null (zero) character in input line ignored
echo.h:                                                                                                                
echo.h:                                                                                   ^
echo.h(10): warning:  #1331-D: null (zero) character in input line ignored
echo.h:                                                                                                                
echo.h:                                                                                    ^
echo.h(10): warning:  #1331-D: null (zero) character in input line ignored
echo.h:                                                                                                                
echo.h:                                                                                     ^
echo.h(10): warning:  #1331-D: null (zero) character in input line ignored
echo.h:                                                                                                                
echo.h:                                                                                      ^
echo.h(10): warning:  #1331-D: null (zero) character in input line ignored
echo.h:                                                                                                                
echo.h:                                                                                       ^
echo.h(10): warning:  #1331-D: null (zero) character in input line ignored
echo.h:                                                                                                                
echo.h:                                                                                        ^
echo.h(10): warning:  #1331-D: null (zero) character in input line ignored
echo.h:                                                                                                                
echo.h:                                                                                         ^
echo.h(10): warning:  #1331-D: null (zero) character in input line ignored
echo.h:                                                                                                                
echo.h:                                                                                          ^
echo.h(10): warning:  #1331-D: null (zero) character in input line ignored
echo.h:                                                                                                                
echo.h:                                                                                           ^
echo.h(10): warning:  #1331-D: null (zero) character in input line ignored
echo.h:                                                                                                                
echo.h:                                                                                            ^
echo.h(10): warning:  #1331-D: null (zero) character in input line ignored
echo.h:                                                                                                                
echo.h:                                                                                             ^
echo.h(10): warning:  #1331-D: null (zero) character in input line ignored
echo.h:                                                                                                                
echo.h:                                                                                              ^
echo.h(10): warning:  #1331-D: null (zero) character in input line ignored
echo.h:                                                                                                                
echo.h:                                                                                               ^
echo.h(10): warning:  #1331-D: null (zero) character in input line ignored
echo.h:                                                                                                                
echo.h:                                                                                                ^
echo.h(10): warning:  #1331-D: null (zero) character in input line ignored
echo.h:                                                                                                                
echo.h:                                                                                                 ^
echo.h(10): warning:  #1331-D: null (zero) character in input line ignored
echo.h:                                                                                                                
echo.h:                                                                                                  ^
echo.h(10): warning:  #1331-D: null (zero) character in input line ignored
echo.h:                                                                                                                
echo.h:                                                                                                   ^
echo.h(10): warning:  #1331-D: null (zero) character in input line ignored
echo.h:                                                                                                                
echo.h:                                                                                                    ^
echo.h(10): warning:  #1331-D: null (zero) character in input line ignored
echo.h:                                                                                                                
echo.h:                                                                                                     ^
echo.h(10): warning:  #1331-D: null (zero) character in input line ignored
echo.h:                                                                                                                
echo.h:                                                                                                      ^
echo.h(10): warning:  #1331-D: null (zero) character in input line ignored
echo.h:                                                                                                                
echo.h:                                                                                                       ^
echo.h(10): warning:  #1331-D: null (zero) character in input line ignored
echo.h:                                                                                                                
echo.h:                                                                                                        ^
echo.h(10): warning:  #1331-D: null (zero) character in input line ignored
echo.h:                                                                                                                
echo.h:                                                                                                         ^
echo.h(10): warning:  #1331-D: null (zero) character in input line ignored
echo.h:                                                                                                                
echo.h:                                                                                                          ^
echo.h(10): warning:  #1331-D: null (zero) character in input line ignored
echo.h:                                                                                                                
echo.h:                                                                                                           ^
echo.h(10): warning:  #1331-D: null (zero) character in input line ignored
echo.h:                                                                                                                
echo.h:                                                                                                            ^
echo.h(10): warning:  #1331-D: null (zero) character in input line ignored
echo.h:                                                                                                                
echo.h:                                                                                                             ^
echo.h(10): warning:  #1331-D: null (zero) character in input line ignored
echo.h:                                                                                                                
echo.h:                                                                                                              ^
echo.h(10): warning:  #1331-D: null (zero) character in input line ignored
echo.h:                                                                                                                
echo.h:                                                                                                               ^
echo.c(22): warning:  #223-D: function "rt_mq_send" declared implicitly
echo.c:       rt_mq_send(&rx_mq, &msg, sizeof(struct rx_msg));
echo.c:       ^
echo.c(24): warning:  #223-D: function "rt_kprintf" declared implicitly
echo.c:         rt_kprintf("indicated echo\r\n");  
echo.c:         ^
echo.c(38): warning:  #223-D: function "rt_device_find" declared implicitly
echo.c:       device = (rt_device_t)rt_device_find("uart1");  
echo.c:                             ^
echo.c(42): warning:  #223-D: function "rt_device_set_rx_indicate" declared implicitly
echo.c:           rt_device_set_rx_indicate(device, uart_input);  
echo.c:           ^
echo.c(44): warning:  #223-D: function "rt_device_open" declared implicitly
echo.c:           rt_device_open(device, RT_DEVICE_OFLAG_RDWR);  
echo.c:           ^
echo.c(50): warning:  #223-D: function "rt_mq_recv" declared implicitly
echo.c:           result = rt_mq_recv(&rx_mq, &msg, sizeof(struct rx_msg), 50);  
echo.c:                    ^
echo.c(63): warning:  #223-D: function "rt_device_read" declared implicitly
echo.c:               rx_length = rt_device_read(msg.dev, 0, &uart_rx_buffer[0], rx_length);  
echo.c:                           ^
echo.c(66): warning:  #223-D: function "rt_device_write" declared implicitly
echo.c:               rt_device_write(device, 0, &uart_rx_buffer[0], rx_length); 
echo.c:               ^
echo.c(82): warning:  #223-D: function "rt_mq_init" declared implicitly
echo.c:       result = rt_mq_init(&rx_mq, "mqt", &msg_pool[0], 128 - sizeof(void*), sizeof(msg_pool), RT_IPC_FLAG_FIFO);  
echo.c:                ^
echo.c(86): warning:  #223-D: function "rt_kprintf" declared implicitly
echo.c:           rt_kprintf("init message queue failed.\n");   
echo.c:           ^
echo.c(90): warning:  #223-D: function "rt_thread_create" declared implicitly
echo.c:       thread = (rt_thread_t)rt_thread_create("devt",  
echo.c:                             ^
echo.c(95): warning:  #223-D: function "rt_thread_startup" declared implicitly
echo.c:           rt_thread_startup(thread);  
echo.c:           ^
echo.c: echo.c: 122 warnings, 0 errors
compiling spi_bus.c...
compiling tcpserver.c...
tcpserver.c(219): warning:  #223-D: function "tcp_recv_data" declared implicitly
tcpserver.c:                                                     tcp_recv_data(recv_data,bytes_received);
tcpserver.c:                                                     ^
tcpserver.c(259): warning:  #1-D: last line of file ends without a newline
tcpserver.c:    
tcpserver.c:    ^
tcpserver.c(31): warning:  #550-D: variable "g_i_connected_id" was set but never used
tcpserver.c:   static int g_i_connected_id = 0;
tcpserver.c:              ^
tcpserver.c: tcpserver.c: 3 warnings, 0 errors
compiling tftp.c...
tftp.c(119): warning:  #223-D: function "iic_eeprom_at24cm02_write" declared implicitly
tftp.c:                         iic_eeprom_at24cm02_write(now_addr,&tftp_buffer[4],256);
tftp.c:                         ^
tftp.c(152): warning:  #223-D: function "iic_eeprom_at24cm02_write" declared implicitly
tftp.c:         iic_eeprom_at24cm02_write(TFTP_FILE_SIZE_ADDR,(unsigned char *)&g_file_size,4);
tftp.c:         ^
tftp.c(169): warning:  #223-D: function "spi_dsp_config" declared implicitly
tftp.c:         spi_dsp_config();
tftp.c:         ^
tftp.c(171): warning:  #223-D: function "dsp_reset" declared implicitly
tftp.c:         dsp_reset();
tftp.c:         ^
tftp.c(174): warning:  #223-D: function "iic_eeprom_at24cm02_read" declared implicitly
tftp.c:         iic_eeprom_at24cm02_read(TFTP_FILE_SIZE_ADDR,(unsigned char *)&i_size,4);
tftp.c:         ^
tftp.c(196): warning:  #223-D: function "SPI_DSP_SendByte" declared implicitly
tftp.c:                         SPI_DSP_SendByte(buff[j]);
tftp.c:                         ^
tftp.c(214): warning:  #223-D: function "iic_eeprom_at24cm02_read" declared implicitly
tftp.c:         iic_eeprom_at24cm02_read(TFTP_FILE_SIZE_ADDR,(unsigned char *)&i_size,4);
tftp.c:         ^
tftp.c(225): warning:  #223-D: function "iic_eeprom_at24cm02_write" declared implicitly
tftp.c:                 iic_eeprom_at24cm02_write(start_addr,buff,256);
tftp.c:                 ^
tftp.c(229): warning:  #223-D: function "iic_eeprom_at24cm02_write" declared implicitly
tftp.c:         iic_eeprom_at24cm02_write(TFTP_FILE_SIZE_ADDR,buff,256); 
tftp.c:         ^
tftp.c: tftp.c: 9 warnings, 0 errors
compiling pcm4104.c...
pcm4104.c(29): warning:  #223-D: function "spi_da_config" declared implicitly
pcm4104.c:              spi_da_config();
pcm4104.c:              ^
pcm4104.c(35): warning:  #223-D: function "SPI_DSP_SendByte" declared implicitly
pcm4104.c:              SPI_DSP_SendByte(pcm4104_t[i].control | PCM4104_WRITE);
pcm4104.c:              ^
pcm4104.c: pcm4104.c: 2 warnings, 0 errors
compiling misc.c...
compiling stm32f10x_adc.c...
compiling stm32f10x_bkp.c...
compiling stm32f10x_can.c...
compiling stm32f10x_cec.c...
compiling stm32f10x_crc.c...
compiling stm32f10x_dac.c...
compiling stm32f10x_dbgmcu.c...
compiling stm32f10x_dma.c...
compiling stm32f10x_exti.c...
compiling stm32f10x_flash.c...
compiling stm32f10x_fsmc.c...
compiling stm32f10x_gpio.c...
compiling stm32f10x_i2c.c...
compiling stm32f10x_iwdg.c...
compiling stm32f10x_pwr.c...
compiling stm32f10x_rcc.c...
compiling stm32f10x_rtc.c...
compiling stm32f10x_sdio.c...
compiling stm32f10x_spi.c...
compiling stm32f10x_tim.c...
compiling stm32f10x_usart.c...
compiling stm32f10x_wwdg.c...
compiling core_cm3.c...
compiling system_stm32f10x.c...
compiling clock.c...
compiling device.c...
compiling idle.c...
compiling ipc.c...
compiling irq.c...
compiling kservice.c...
compiling mem.c...
compiling memheap.c...
compiling mempool.c...
compiling module.c...
compiling object.c...
compiling scheduler.c...
compiling slab.c...
compiling thread.c...
compiling timer.c...
compiling board.c...
..\drivers\board.c(187): warning:  #223-D: function "rt_hw_usart_init" declared implicitly
..\drivers\board.c:       rt_hw_usart_init();
..\drivers\board.c:       ^
..\drivers\board.c: ..\drivers\board.c: 1 warning, 0 errors
compiling led.c...
compiling usart.c...
compiling spi_core.c...
compiling spi_dev.c...
compiling spi_flash_w25qxx.c...
compiling rt_stm32f10x_spi.c...
compiling rt_spi_flash_device.c...
compiling enc28j60.c...
..\drivers\enc28j60.c(192): warning:  #550-D: variable "duplex" was set but never used
..\drivers\enc28j60.c:       int duplex;
..\drivers\enc28j60.c:           ^
..\drivers\enc28j60.c(897): warning:  #177-D: variable "stm32_eth_device" was declared but never referenced
..\drivers\enc28j60.c:   static struct rt_stm32_eth stm32_eth_device;
..\drivers\enc28j60.c:                              ^
..\drivers\enc28j60.c(899): warning:  #177-D: variable "tx_wait" was declared but never referenced
..\drivers\enc28j60.c:   static struct rt_semaphore tx_wait;
..\drivers\enc28j60.c:                              ^
..\drivers\enc28j60.c: ..\drivers\enc28j60.c: 3 warnings, 0 errors
compiling spi_instruction.c...
..\drivers\spi_instruction.c(310): warning:  #223-D: function "spi_send_to_tcp" declared implicitly
..\drivers\spi_instruction.c:           spi_send_to_tcp(data,spi_read_data,read_times);
..\drivers\spi_instruction.c:           ^
..\drivers\spi_instruction.c(254): warning:  #177-D: variable "c_value" was declared but never referenced
..\drivers\spi_instruction.c:           unsigned int c_value;
..\drivers\spi_instruction.c:                        ^
..\drivers\spi_instruction.c(312): warning:  #177-D: label "out" was declared but never referenced
..\drivers\spi_instruction.c:   out:
..\drivers\spi_instruction.c:   ^
..\drivers\spi_instruction.c: ..\drivers\spi_instruction.c: 3 warnings, 0 errors
compiling key_input.c...
..\drivers\key_input.c(10): warning:  #520-D: initialization with "{...}" expected for aggregate object
..\drivers\key_input.c:   static int g_i_key_press_time[KEY_MAX_NUMBER] = 0; //检测到按键按下的时间
..\drivers\key_input.c:                                                   ^
..\drivers\key_input.c(11): warning:  #520-D: initialization with "{...}" expected for aggregate object
..\drivers\key_input.c:   static int g_i_key_press_flag[KEY_MAX_NUMBER] = 0; //检测到按键按下的标志
..\drivers\key_input.c:                                                   ^
..\drivers\key_input.c(12): warning:  #520-D: initialization with "{...}" expected for aggregate object
..\drivers\key_input.c:   static int g_i_key_pressed[KEY_MAX_NUMBER]    = 0;    //按键确实按下了的标志
..\drivers\key_input.c:                                                   ^
..\drivers\key_input.c(47): warning:  #940-D: missing return statement at end of non-void function "rt_read_key_value"
..\drivers\key_input.c:   }
..\drivers\key_input.c:   ^
..\drivers\key_input.c(101): warning:  #223-D: function "rt_kprintf" declared implicitly
..\drivers\key_input.c:                          rt_kprintf("vol + ...\r\n");
..\drivers\key_input.c:                          ^
..\drivers\key_input.c(105): warning:  #223-D: function "rt_kprintf" declared implicitly
..\drivers\key_input.c:                          rt_kprintf("vol - ...\r\n");
..\drivers\key_input.c:                          ^
..\drivers\key_input.c: ..\drivers\key_input.c: 6 warnings, 0 errors
compiling internal_flash.c...
compiling protocol.c...
..\drivers\protocol.c(32): warning:  #161-D: unrecognized #pragma
..\drivers\protocol.c:   #pragma align 4
..\drivers\protocol.c:           ^
..\drivers\protocol.c(40): warning:  #161-D: unrecognized #pragma
..\drivers\protocol.c:   #pragma align 4
..\drivers\protocol.c:           ^
..\drivers\protocol.c(94): warning:  #223-D: function "rt_kprintf" declared implicitly
..\drivers\protocol.c:          rt_kprintf("x1:%d,x2:%d,x3:%d,x4:%d,x5:%d,x6:%d \n", SPI_CODE_var.x.instru_functions,SPI_CODE_var.x.param_type,
..\drivers\protocol.c:          ^
..\drivers\protocol.c(114): warning:  #223-D: function "rt_kprintf" declared implicitly
..\drivers\protocol.c:                  prot_error("set_type1_read_cfg_from_device error\r\n"); 
..\drivers\protocol.c:                  ^
..\drivers\protocol.c(132): warning:  #223-D: function "file_read_data" declared implicitly
..\drivers\protocol.c:          nums = file_read_data(GENERAL_P,DEV_EEPROM_TO_MEMORY);
..\drivers\protocol.c:                 ^
..\drivers\protocol.c(133): warning:  #223-D: function "tcp_send_data" declared implicitly
..\drivers\protocol.c:          tcp_send_data((unsigned char *)&memory_cfg_buf[pos],nums*4);
..\drivers\protocol.c:          ^
..\drivers\protocol.c(110): warning:  #177-D: variable "i" was declared but never referenced
..\drivers\protocol.c:          int i ;
..\drivers\protocol.c:              ^
..\drivers\protocol.c(149): warning:  #223-D: function "rt_kprintf" declared implicitly
..\drivers\protocol.c:                  prot_error("set_type1_save_cfg error"); 
..\drivers\protocol.c:                  ^
..\drivers\protocol.c(154): warning:  #223-D: function "file_store_data" declared implicitly
..\drivers\protocol.c:                  file_store_data(GENERAL_P);                                     
..\drivers\protocol.c:                  ^
..\drivers\protocol.c(158): warning:  #223-D: function "file_store_data" declared implicitly
..\drivers\protocol.c:                  file_store_data(OUTPUT_P);                                      
..\drivers\protocol.c:                  ^
..\drivers\protocol.c(162): warning:  #223-D: function "file_store_data" declared implicitly
..\drivers\protocol.c:                  file_store_data(EQ_P);                                  
..\drivers\protocol.c:                  ^
..\drivers\protocol.c(173): warning:  #223-D: function "rt_kprintf" declared implicitly
..\drivers\protocol.c:                  prot_error("param2:%d\r\n",param2); 
..\drivers\protocol.c:                  ^
..\drivers\protocol.c(177): warning:  #223-D: function "rt_kprintf" declared implicitly
..\drivers\protocol.c:                  prot_debug("val:%f\r\n",param3/100.0);   
..\drivers\protocol.c:                  ^
..\drivers\protocol.c(177): warning:  #223-D: function "get_sys_time" declared implicitly
..\drivers\protocol.c:                  prot_debug("val:%f\r\n",param3/100.0);   
..\drivers\protocol.c:                  ^
..\drivers\protocol.c(181): warning:  #223-D: function "rt_kprintf" declared implicitly
..\drivers\protocol.c:                  prot_debug("val:%f\r\n",param3/100.0);  
..\drivers\protocol.c:                  ^
..\drivers\protocol.c(181): warning:  #223-D: function "get_sys_time" declared implicitly
..\drivers\protocol.c:                  prot_debug("val:%f\r\n",param3/100.0);  
..\drivers\protocol.c:                  ^
..\drivers\protocol.c(185): warning:  #223-D: function "rt_kprintf" declared implicitly
..\drivers\protocol.c:                  prot_debug("val:%f\r\n",param3/100.0);                   
..\drivers\protocol.c:                  ^
..\drivers\protocol.c(185): warning:  #223-D: function "get_sys_time" declared implicitly
..\drivers\protocol.c:                  prot_debug("val:%f\r\n",param3/100.0);                   
..\drivers\protocol.c:                  ^
..\drivers\protocol.c(194): warning:  #223-D: function "rt_kprintf" declared implicitly
..\drivers\protocol.c:                  prot_error("param2:%d\r\n",param2); 
..\drivers\protocol.c:                  ^
..\drivers\protocol.c(197): warning:  #223-D: function "file_factory" declared implicitly
..\drivers\protocol.c:          file_factory();
..\drivers\protocol.c:          ^
..\drivers\protocol.c(198): warning:  #223-D: function "rt_kprintf" declared implicitly
..\drivers\protocol.c:          prot_debug("reset value to default..."); 
..\drivers\protocol.c:          ^
..\drivers\protocol.c(198): warning:  #223-D: function "get_sys_time" declared implicitly
..\drivers\protocol.c:          prot_debug("reset value to default..."); 
..\drivers\protocol.c:          ^
..\drivers\protocol.c(207): warning:  #223-D: function "rt_kprintf" declared implicitly
[...]
..\file\file.c(121): warning:  #144-D: a value of type "unsigned int (*)(char *, int, int)" cannot be used to initialize an entity of type "unsigned int (*)(int, int, char *)"
..\file\file.c:         {"chan_delay",TYPE_OUTPUT,file_type3_chan_delay,AUDIO_CHANS},
..\file\file.c:                                   ^
..\file\file.c(122): warning:  #144-D: a value of type "unsigned int (*)(char *, int, int)" cannot be used to initialize an entity of type "unsigned int (*)(int, int, char *)"
..\file\file.c:         {"all_delay",TYPE_OUTPUT,file_type3_all_chan_delay,1},
..\file\file.c:                                  ^
..\file\file.c(123): warning:  #144-D: a value of type "unsigned int (*)(char *, int, int)" cannot be used to initialize an entity of type "unsigned int (*)(int, int, char *)"
..\file\file.c:         {"gradual_max",TYPE_OUTPUT,file_type3_gradual_max,1},
..\file\file.c:                                    ^
..\file\file.c(124): warning:  #144-D: a value of type "unsigned int (*)(char *, int, int)" cannot be used to initialize an entity of type "unsigned int (*)(int, int, char *)"
..\file\file.c:         {"gradual_min",TYPE_OUTPUT,file_type3_gradual_min,1},
..\file\file.c:                                    ^
..\file\file.c(125): warning:  #144-D: a value of type "unsigned int (*)(char *, int, int)" cannot be used to initialize an entity of type "unsigned int (*)(int, int, char *)"
..\file\file.c:         {"high_cut_freq",TYPE_OUTPUT,file_type3_high_cut,AUDIO_CHANS},
..\file\file.c:                                      ^
..\file\file.c(126): warning:  #144-D: a value of type "unsigned int (*)(char *, int, int)" cannot be used to initialize an entity of type "unsigned int (*)(int, int, char *)"
..\file\file.c:         {"low_cut_freq",TYPE_OUTPUT,file_type3_low_cut,AUDIO_CHANS},
..\file\file.c:                                     ^
..\file\file.c(128): warning:  #144-D: a value of type "unsigned int (*)(char *, int, int)" cannot be used to initialize an entity of type "unsigned int (*)(int, int, char *)"
..\file\file.c:         {"division nums",TYPE_GENERAL,file_type3_division_nums,AUDIO_CHANS},
..\file\file.c:                                       ^
..\file\file.c(129): warning:  #144-D: a value of type "unsigned int (*)(char *, int, int)" cannot be used to initialize an entity of type "unsigned int (*)(int, int, char *)"
..\file\file.c:         {"division chans",TYPE_GENERAL,file_type3_divison_chans,AUDIO_CHANS*3},
..\file\file.c:                                        ^
..\file\file.c(130): warning:  #144-D: a value of type "unsigned int (*)(char *, int, int)" cannot be used to initialize an entity of type "unsigned int (*)(int, int, char *)"
..\file\file.c:         {"frequency point",TYPE_GENERAL,file_type3_divison_point,AUDIO_CHANS*2},        
..\file\file.c:                                         ^
..\file\file.c(132): warning:  #144-D: a value of type "unsigned int (*)(char *, int, int)" cannot be used to initialize an entity of type "unsigned int (*)(int, int, char *)"
..\file\file.c:         {"chans geq",TYPE_EQ,file_type4_chans_geq,AUDIO_CHANS*GEQ_BANDS},
..\file\file.c:                              ^
..\file\file.c(134): warning:  #144-D: a value of type "unsigned int (*)(char *, int, int)" cannot be used to initialize an entity of type "unsigned int (*)(int, int, char *)"
..\file\file.c:         {"chans peq type",TYPE_EQ,file_type4_chans_peq_type,AUDIO_CHANS*PEQ_NUMS},
..\file\file.c:                                   ^
..\file\file.c(135): warning:  #144-D: a value of type "unsigned int (*)(char *, int, int)" cannot be used to initialize an entity of type "unsigned int (*)(int, int, char *)"
..\file\file.c:         {"chans peq freq",TYPE_EQ,file_type4_chans_peq_freq,AUDIO_CHANS*PEQ_NUMS},
..\file\file.c:                                   ^
..\file\file.c(136): warning:  #144-D: a value of type "unsigned int (*)(char *, int, int)" cannot be used to initialize an entity of type "unsigned int (*)(int, int, char *)"
..\file\file.c:         {"chans peq q",TYPE_EQ,file_type4_chans_peq_q,AUDIO_CHANS*PEQ_NUMS},
..\file\file.c:                                ^
..\file\file.c(137): warning:  #144-D: a value of type "unsigned int (*)(char *, int, int)" cannot be used to initialize an entity of type "unsigned int (*)(int, int, char *)"
..\file\file.c:         {"chans peq gain",TYPE_EQ,file_type4_chans_peq_gain,AUDIO_CHANS*PEQ_NUMS},
..\file\file.c:                                   ^
..\file\file.c(139): warning:  #144-D: a value of type "unsigned int (*)(char *, int, int)" cannot be used to initialize an entity of type "unsigned int (*)(int, int, char *)"
..\file\file.c:         {"chans all gain",TYPE_EQ,file_type4_all_chans_geq_gain,GEQ_BANDS},
..\file\file.c:                                   ^
..\file\file.c(187): warning:  #223-D: function "iic_eeprom_at24cm02_write" declared implicitly
..\file\file.c:            iic_eeprom_at24cm02_write(start_address,buffer,len);
..\file\file.c:            ^
..\file\file.c(208): warning:  #223-D: function "iic_eeprom_at24cm02_read" declared implicitly
..\file\file.c:                 iic_eeprom_at24cm02_read(start_address,buffer,len);
..\file\file.c:                 ^
..\file\file.c(223): warning:  #223-D: function "strcmp" declared implicitly
..\file\file.c:                 if(strcmp(file_ops[i].name,name,strlen(file_ops[i].name))==0){
..\file\file.c:                    ^
..\file\file.c(223): warning:  #223-D: function "strlen" declared implicitly
..\file\file.c:                 if(strcmp(file_ops[i].name,name,strlen(file_ops[i].name))==0){
..\file\file.c:                                                 ^
..\file\file.c(305): warning:  #223-D: function "strcmp" declared implicitly
..\file\file.c:                 if(strcmp(file_ops[i].name,name,strlen(file_ops[i].name))==0){
..\file\file.c:                    ^
..\file\file.c(305): warning:  #223-D: function "strlen" declared implicitly
..\file\file.c:                 if(strcmp(file_ops[i].name,name,strlen(file_ops[i].name))==0){
..\file\file.c:                                                 ^
..\file\file.c(393): warning:  #223-D: function "strcmp" declared implicitly
..\file\file.c:                 if(strcmp(file_ops[i].name,name,strlen(file_ops[i].name))==0){
..\file\file.c:                    ^
..\file\file.c(393): warning:  #223-D: function "strlen" declared implicitly
..\file\file.c:                 if(strcmp(file_ops[i].name,name,strlen(file_ops[i].name))==0){
..\file\file.c:                                                 ^
..\file\file.c(454): warning:  #223-D: function "rt_kprintf" declared implicitly
..\file\file.c:                                         file_info("read eeprom:0x%0x",memory_cfg_buf[nums]);
..\file\file.c:                                         ^
..\file\file.c(481): warning:  #223-D: function "strcmp" declared implicitly
..\file\file.c:                 if(strcmp(file_ops[i].name,name,strlen(file_ops[i].name))==0){
..\file\file.c:                    ^
..\file\file.c(481): warning:  #223-D: function "strlen" declared implicitly
..\file\file.c:                 if(strcmp(file_ops[i].name,name,strlen(file_ops[i].name))==0){
..\file\file.c:                                                 ^
..\file\file.c(540): warning:  #223-D: function "rt_kprintf" declared implicitly
..\file\file.c:                                 file_info("read eeprom:0x%0x",memory_cfg_buf[nums]);
..\file\file.c:                                 ^
..\file\file.c(478): warning:  #177-D: variable "j" was declared but never referenced
..\file\file.c:         int i = 0 ,j = 0;
..\file\file.c:                    ^
..\file\file.c(568): warning:  #223-D: function "strcmp" declared implicitly
..\file\file.c:                 if(strcmp(file_ops[i].name,name,strlen(file_ops[i].name))==0){
..\file\file.c:                    ^
..\file\file.c(568): warning:  #223-D: function "strlen" declared implicitly
..\file\file.c:                 if(strcmp(file_ops[i].name,name,strlen(file_ops[i].name))==0){
..\file\file.c:                                                 ^
..\file\file.c(627): warning:  #223-D: function "rt_kprintf" declared implicitly
..\file\file.c:                                 file_info("read eeprom:0x%0x",memory_cfg_buf[nums]);
..\file\file.c:                                 ^
..\file\file.c(565): warning:  #177-D: variable "j" was declared but never referenced
..\file\file.c:         int i = 0 ,j = 0;
..\file\file.c:                    ^
..\file\file.c(655): warning:  #223-D: function "strcmp" declared implicitly
..\file\file.c:                 if(strcmp(file_ops[i].name,name,strlen(file_ops[i].name))==0){
..\file\file.c:                    ^
..\file\file.c(655): warning:  #223-D: function "strlen" declared implicitly
..\file\file.c:                 if(strcmp(file_ops[i].name,name,strlen(file_ops[i].name))==0){
..\file\file.c:                                                 ^
..\file\file.c(714): warning:  #223-D: function "rt_kprintf" declared implicitly
..\file\file.c:                                 file_info("read eeprom:0x%0x",memory_cfg_buf[nums]);
..\file\file.c:                                 ^
..\file\file.c(652): warning:  #177-D: variable "j" was declared but never referenced
..\file\file.c:         int i = 0 ,j = 0;
..\file\file.c:                    ^
..\file\file.c(742): warning:  #223-D: function "strcmp" declared implicitly
..\file\file.c:                 if(strcmp(file_ops[i].name,name,strlen(file_ops[i].name))==0){
..\file\file.c:                    ^
..\file\file.c(742): warning:  #223-D: function "strlen" declared implicitly
..\file\file.c:                 if(strcmp(file_ops[i].name,name,strlen(file_ops[i].name))==0){
..\file\file.c:                                                 ^
..\file\file.c(801): warning:  #223-D: function "rt_kprintf" declared implicitly
..\file\file.c:                                 file_info("read eeprom:0x%0x",memory_cfg_buf[nums]);
..\file\file.c:                                 ^
..\file\file.c(739): warning:  #177-D: variable "j" was declared but never referenced
..\file\file.c:         int i = 0 ,j = 0;
..\file\file.c:                    ^
..\file\file.c(827): warning:  #223-D: function "strcmp" declared implicitly
..\file\file.c:                 if(strcmp(file_ops[i].name,name,strlen(file_ops[i].name))==0){
..\file\file.c:                    ^
..\file\file.c(827): warning:  #223-D: function "strlen" declared implicitly
..\file\file.c:                 if(strcmp(file_ops[i].name,name,strlen(file_ops[i].name))==0){
..\file\file.c:                                                 ^
..\file\file.c(886): warning:  #223-D: function "rt_kprintf" declared implicitly
..\file\file.c:                                 file_info("read eeprom:0x%0x",memory_cfg_buf[nums]);
..\file\file.c:                                 ^
..\file\file.c(824): warning:  #177-D: variable "j" was declared but never referenced
..\file\file.c:         int i = 0 ,j = 0;
..\file\file.c:                    ^
..\file\file.c(913): warning:  #223-D: function "strcmp" declared implicitly
..\file\file.c:                 if(strcmp(file_ops[i].name,name,strlen(file_ops[i].name))==0){
..\file\file.c:                    ^
..\file\file.c(913): warning:  #223-D: function "strlen" declared implicitly
..\file\file.c:                 if(strcmp(file_ops[i].name,name,strlen(file_ops[i].name))==0){
..\file\file.c:                                                 ^
..\file\file.c(972): warning:  #223-D: function "rt_kprintf" declared implicitly
..\file\file.c:                                 file_info("read eeprom:0x%0x",memory_cfg_buf[nums]);
..\file\file.c:                                 ^
..\file\file.c(910): warning:  #177-D: variable "j" was declared but never referenced
..\file\file.c:         int i = 0 ,j = 0;
..\file\file.c:                    ^
..\file\file.c(997): warning:  #223-D: function "strcmp" declared implicitly
..\file\file.c:                 if(strcmp(file_ops[i].name,name,strlen(file_ops[i].name))==0){
..\file\file.c:                    ^
..\file\file.c(997): warning:  #223-D: function "strlen" declared implicitly
..\file\file.c:                 if(strcmp(file_ops[i].name,name,strlen(file_ops[i].name))==0){
..\file\file.c:                                                 ^
..\file\file.c(1079): warning:  #223-D: function "strcmp" declared implicitly
..\file\file.c:                 if(strcmp(file_ops[i].name,name,strlen(file_ops[i].name))==0){
..\file\file.c:                    ^
..\file\file.c(1079): warning:  #223-D: function "strlen" declared implicitly
..\file\file.c:                 if(strcmp(file_ops[i].name,name,strlen(file_ops[i].name))==0){
..\file\file.c:                                                 ^
..\file\file.c(1164): warning:  #223-D: function "strcmp" declared implicitly
..\file\file.c:                 if(strcmp(file_ops[i].name,name,strlen(file_ops[i].name))==0){
..\file\file.c:                    ^
..\file\file.c(1164): warning:  #223-D: function "strlen" declared implicitly
..\file\file.c:                 if(strcmp(file_ops[i].name,name,strlen(file_ops[i].name))==0){
..\file\file.c:                                                 ^
..\file\file.c(1250): warning:  #223-D: function "strcmp" declared implicitly
..\file\file.c:                 if(strcmp(file_ops[i].name,name,strlen(file_ops[i].name))==0){
..\file\file.c:                    ^
..\file\file.c(1250): warning:  #223-D: function "strlen" declared implicitly
..\file\file.c:                 if(strcmp(file_ops[i].name,name,strlen(file_ops[i].name))==0){
..\file\file.c:                                                 ^
..\file\file.c(1340): warning:  #223-D: function "strcmp" declared implicitly
..\file\file.c:                 if(strcmp(file_ops[i].name,name,strlen(file_ops[i].name))==0){
..\file\file.c:                    ^
..\file\file.c(1340): warning:  #223-D: function "strlen" declared implicitly
..\file\file.c:                 if(strcmp(file_ops[i].name,name,strlen(file_ops[i].name))==0){
..\file\file.c:                                                 ^
..\file\file.c(1426): warning:  #223-D: function "strcmp" declared implicitly
..\file\file.c:                 if(strcmp(file_ops[i].name,name,strlen(file_ops[i].name))==0){
..\file\file.c:                    ^
..\file\file.c(1426): warning:  #223-D: function "strlen" declared implicitly
..\file\file.c:                 if(strcmp(file_ops[i].name,name,strlen(file_ops[i].name))==0){
..\file\file.c:                                                 ^
..\file\file.c(1512): warning:  #223-D: function "strcmp" declared implicitly
..\file\file.c:                 if(strcmp(file_ops[i].name,name,strlen(file_ops[i].name))==0){
..\file\file.c:                    ^
..\file\file.c(1512): warning:  #223-D: function "strlen" declared implicitly
..\file\file.c:                 if(strcmp(file_ops[i].name,name,strlen(file_ops[i].name))==0){
..\file\file.c:                                                 ^
..\file\file.c(1598): warning:  #223-D: function "strcmp" declared implicitly
..\file\file.c:                 if(strcmp(file_ops[i].name,name,strlen(file_ops[i].name))==0){
..\file\file.c:                    ^
..\file\file.c(1598): warning:  #223-D: function "strlen" declared implicitly
..\file\file.c:                 if(strcmp(file_ops[i].name,name,strlen(file_ops[i].name))==0){
..\file\file.c:                                                 ^
..\file\file.c(1690): warning:  #223-D: function "file_read_data" declared implicitly
..\file\file.c:         nums  = file_read_data(GENERAL_P,DEV_EEPROM_TO_MEMORY);
..\file\file.c:                 ^
..\file\file.c(1692): warning:  #223-D: function "rt_kprintf" declared implicitly
..\file\file.c:         file_info("file_read_general_params nums:%d",nums);
..\file\file.c:         ^
..\file\file.c(1713): warning:  #223-D: function "rt_kprintf" declared implicitly
..\file\file.c:                 file_info("file_type3_chan_gain:%d",nums);
..\file\file.c:                 ^
..\file\file.c(1766): warning:  #223-D: function "rt_kprintf" declared implicitly
..\file\file.c:                 file_info("file_type3_chan_gain");
..\file\file.c:                 ^
..\file\file.c(1706): warning:  #177-D: variable "i" was declared but never referenced
..\file\file.c:         int i = 0,j=0;
..\file\file.c:             ^
..\file\file.c(1706): warning:  #177-D: variable "j" was declared but never referenced
..\file\file.c:         int i = 0,j=0;
..\file\file.c:                   ^
..\file\file.c(1708): warning:  #177-D: variable "start_address" was declared but never referenced
..\file\file.c:         unsigned int start_address = general_start_address;
..\file\file.c:                      ^
..\file\file.c(1840): warning:  #111-D: statement is unreachable
..\file\file.c:         switch(para){
..\file\file.c:         ^
..\file\file.c(1922): warning:  #223-D: function "memset" declared implicitly
..\file\file.c:         memset(buf,0,sizeof(buf));
..\file\file.c:         ^
..\file\file.c(1923): warning:  #223-D: function "rt_kprintf" declared implicitly
..\file\file.c:         file_info("array len : %d\r\n",sizeof(file_ops)/sizeof(file_ops[0]));
..\file\file.c:         ^
..\file\file.c(1930): warning:  #223-D: function "iic_eeprom_at24cm02_write" declared implicitly
..\file\file.c:            iic_eeprom_at24cm02_write(start_address+i*256,buf,256);
..\file\file.c:            ^
..\file\file.c(1935): warning:  #223-D: function "iic_eeprom_at24cm02_write" declared implicitly
..\file\file.c:                 iic_eeprom_at24cm02_write(start_address+i*256,buf,256); 
..\file\file.c:                 ^
..\file\file.c(78): warning:  #177-D: variable "output_start_address" was declared but never referenced
..\file\file.c:   static unsigned int output_start_address;
..\file\file.c:                       ^
..\file\file.c(79): warning:  #177-D: variable "eq_start_address" was declared but never referenced
..\file\file.c:   static unsigned int eq_start_address;
..\file\file.c:                       ^
..\file\file.c(81): warning:  #177-D: variable "general_nums" was declared but never referenced
..\file\file.c:   static unsigned int general_nums=0;
..\file\file.c:                       ^
..\file\file.c(82): warning:  #177-D: variable "output_nums" was declared but never referenced
..\file\file.c:   static unsigned int output_nums=0;
..\file\file.c:                       ^
..\file\file.c(83): warning:  #177-D: variable "eq_nums" was declared but never referenced
..\file\file.c:   static unsigned int eq_nums=0;
..\file\file.c:                       ^
..\file\file.c: ..\file\file.c: 85 warnings, 0 errors
linking...
Program Size: Code=153834 RO-data=10158 RW-data=1232 ZI-data=31072  
FromELF: creating hex file...
"..\Output\pisp1064_DABox.axf" - 0 Error(s), 169 Warning(s).
Load "..\\Output\\pisp1064_DABox.AXF" 
Set JLink Project File to "E:\pisp1064_Prj\stm32_prj\pisp1064_DABox\USER\JLinkSettings.ini"
 
JLink info:
------------
DLL: V4.15n, compiled Jun 18 2010 19:55:09
Firmware: J-Link ARM V8 compiled Jul 17 2014 12:31:18
Hardware: V8.00
S/N : 17935099 
Feature(s) : RDI,FlashDL,FlashBP,JFlash 
 
* JLink Info: Found SWD-DP with ID 0x1BA01477
* JLink Info: TPIU fitted.
* JLink Info: ETM fitted.
* JLink Info:   FPUnit: 6 code (BP) slots and 2 literal slots
ROMTableAddr = 0xE00FF003
 
Target info:
------------
Device: STM32F103VE
VTarget = 3.319V
State of Pins: 
TCK: 0, TDI: 0, TDO: 0, TMS: 1, TRES: 1, TRST: 1
* JLink Info: Found SWD-DP with ID 0x1BA01477
* JLink Info: TPIU fitted.
* JLink Info: ETM fitted.
* JLink Info:   FPUnit: 6 code (BP) slots and 2 literal slots
Hardware-Breakpoints: 6
Software-Breakpoints: 2048
Watchpoints:          4
JTAG speed: 4000 kHz
 
Full Chip Erase Done.
Programming Done.
Verify OK.
* JLink Info: Found SWD-DP with ID 0x1BA01477
* JLink Info: TPIU fitted.
* JLink Info: ETM fitted.
* JLink Info:   FPUnit: 6 code (BP) slots and 2 literal slots
Application running ...
